
Running 40 tests using 4 workers

  ok  4 [chromium] › evaluations\CL-3\tests\cl-3.spec.ts:57:7 › CL-3 Edit and delete a contact › SCN-001: The edit form is pre-filled with the contact's current values @AC-1 @type:functional @layer:ui @P1 (3.5s)
  ok  3 [chromium] › evaluations\CL-3\tests\cl-3.spec.ts:100:7 › CL-3 Edit and delete a contact › SCN-004: Emptying the phone in the web app clears it @AC-3 @type:integration @layer:e2e @P2 (4.0s)
  ok  2 [chromium] › evaluations\CL-3\tests\cl-3.spec.ts:83:7 › CL-3 Edit and delete a contact › SCN-003: An edit in the web app is what the API returns @AC-3 @type:integration @layer:e2e @P1 (4.2s)
  ok  1 [chromium] › evaluations\CL-3\tests\cl-3.spec.ts:67:7 › CL-3 Edit and delete a contact › SCN-002: Editing the city saves it and shows it on the Contact Details page @AC-2 @type:functional @layer:ui @P1 (4.3s)
  ok  6 [chromium] › evaluations\CL-3\tests\cl-3.spec.ts:140:7 › CL-3 Edit and delete a contact › SCN-006: PUT replaces the contact @AC-5 @type:functional @layer:api @P1 (927ms)
  ok  7 [chromium] › evaluations\CL-3\tests\cl-3.spec.ts:151:7 › CL-3 Edit and delete a contact › SCN-007: PUT clears the optional fields it does not send @AC-5 @type:functional @layer:api @P2 (886ms)
  ok  8 [chromium] › evaluations\CL-3\tests\cl-3.spec.ts:162:7 › CL-3 Edit and delete a contact › SCN-008: PATCH changes only the fields it sends @AC-6 @type:functional @layer:api @P1 (982ms)
  ok  9 [chromium] › evaluations\CL-3\tests\cl-3.spec.ts:182:9 › CL-3 Edit and delete a contact › SCN-009.1: An update that would lose the first or last name is refused (PUT without firstName) @AC-7 @type:negative @layer:api @P1 (1.0s)
  ok 10 [chromium] › evaluations\CL-3\tests\cl-3.spec.ts:182:9 › CL-3 Edit and delete a contact › SCN-009.2: An update that would lose the first or last name is refused (PUT without lastName) @AC-7 @type:negative @layer:api @P1 (1.0s)
  ok 11 [chromium] › evaluations\CL-3\tests\cl-3.spec.ts:182:9 › CL-3 Edit and delete a contact › SCN-009.3: An update that would lose the first or last name is refused (PUT with firstName "") @AC-7 @type:negative @layer:api @P1 (1.1s)
  ok  5 [chromium] › evaluations\CL-3\tests\cl-3.spec.ts:119:7 › CL-3 Edit and delete a contact › SCN-005: An invalid e-mail is refused and nothing is stored @AC-4 @type:negative @layer:ui @P1 (3.1s)
  ok 12 [chromium] › evaluations\CL-3\tests\cl-3.spec.ts:182:9 › CL-3 Edit and delete a contact › SCN-009.4: An update that would lose the first or last name is refused (PATCH with lastName "") @AC-7 @type:negative @layer:api @P1 (967ms)
  ok 15 [chromium] › evaluations\CL-3\tests\cl-3.spec.ts:232:7 › CL-3 Edit and delete a contact › SCN-012: DELETE answers "Contact deleted" @AC-9 @type:functional @layer:api @P1 (854ms)
  ok 17 [chromium] › evaluations\CL-3\tests\cl-3.spec.ts:263:9 › CL-3 Edit and delete a contact › SCN-014.1: A malformed contact id is refused (GET) @AC-11 @type:negative @layer:api @P2 (622ms)
  ok 16 [chromium] › evaluations\CL-3\tests\cl-3.spec.ts:241:7 › CL-3 Edit and delete a contact › SCN-013: A deleted contact is gone for good @AC-10 @type:negative @layer:api @P1 (1.3s)
  ok 13 [chromium] › evaluations\CL-3\tests\cl-3.spec.ts:196:7 › CL-3 Edit and delete a contact › SCN-010: Cancelling the delete keeps the contact @AC-8 @type:functional @layer:ui @P2 (2.5s)
  ok 14 [chromium] › evaluations\CL-3\tests\cl-3.spec.ts:215:7 › CL-3 Edit and delete a contact › SCN-011: Confirming the delete removes the contact @AC-8 @type:functional @layer:ui @P1 (2.4s)
  ok 18 [chromium] › evaluations\CL-3\tests\cl-3.spec.ts:263:9 › CL-3 Edit and delete a contact › SCN-014.2: A malformed contact id is refused (PUT) @AC-11 @type:negative @layer:api @P2 (645ms)
  ok 19 [chromium] › evaluations\CL-3\tests\cl-3.spec.ts:263:9 › CL-3 Edit and delete a contact › SCN-014.3: A malformed contact id is refused (PATCH) @AC-11 @type:negative @layer:api @P2 (555ms)
  ok 20 [chromium] › evaluations\CL-3\tests\cl-3.spec.ts:263:9 › CL-3 Edit and delete a contact › SCN-014.4: A malformed contact id is refused (DELETE) @AC-11 @type:negative @layer:api @P2 (596ms)
  ok 24 [chromium] › evaluations\CL-3\tests\cl-3.spec.ts:57:7 › CL-3 Edit and delete a contact › SCN-001: The edit form is pre-filled with the contact's current values @AC-1 @type:functional @layer:ui @P1 (2.9s)
  ok 22 [chromium] › evaluations\CL-3\tests\cl-3.spec.ts:83:7 › CL-3 Edit and delete a contact › SCN-003: An edit in the web app is what the API returns @AC-3 @type:integration @layer:e2e @P1 (3.3s)
  ok 23 [chromium] › evaluations\CL-3\tests\cl-3.spec.ts:67:7 › CL-3 Edit and delete a contact › SCN-002: Editing the city saves it and shows it on the Contact Details page @AC-2 @type:functional @layer:ui @P1 (3.3s)
  ok 21 [chromium] › evaluations\CL-3\tests\cl-3.spec.ts:100:7 › CL-3 Edit and delete a contact › SCN-004: Emptying the phone in the web app clears it @AC-3 @type:integration @layer:e2e @P2 (3.4s)
  ok 27 [chromium] › evaluations\CL-3\tests\cl-3.spec.ts:140:7 › CL-3 Edit and delete a contact › SCN-006: PUT replaces the contact @AC-5 @type:functional @layer:api @P1 (816ms)
  ok 26 [chromium] › evaluations\CL-3\tests\cl-3.spec.ts:151:7 › CL-3 Edit and delete a contact › SCN-007: PUT clears the optional fields it does not send @AC-5 @type:functional @layer:api @P2 (835ms)
  ok 28 [chromium] › evaluations\CL-3\tests\cl-3.spec.ts:162:7 › CL-3 Edit and delete a contact › SCN-008: PATCH changes only the fields it sends @AC-6 @type:functional @layer:api @P1 (898ms)
  ok 29 [chromium] › evaluations\CL-3\tests\cl-3.spec.ts:182:9 › CL-3 Edit and delete a contact › SCN-009.1: An update that would lose the first or last name is refused (PUT without firstName) @AC-7 @type:negative @layer:api @P1 (901ms)
  ok 30 [chromium] › evaluations\CL-3\tests\cl-3.spec.ts:182:9 › CL-3 Edit and delete a contact › SCN-009.2: An update that would lose the first or last name is refused (PUT without lastName) @AC-7 @type:negative @layer:api @P1 (967ms)
  ok 31 [chromium] › evaluations\CL-3\tests\cl-3.spec.ts:182:9 › CL-3 Edit and delete a contact › SCN-009.3: An update that would lose the first or last name is refused (PUT with firstName "") @AC-7 @type:negative @layer:api @P1 (953ms)
  ok 25 [chromium] › evaluations\CL-3\tests\cl-3.spec.ts:119:7 › CL-3 Edit and delete a contact › SCN-005: An invalid e-mail is refused and nothing is stored @AC-4 @type:negative @layer:ui @P1 (2.9s)
  ok 32 [chromium] › evaluations\CL-3\tests\cl-3.spec.ts:182:9 › CL-3 Edit and delete a contact › SCN-009.4: An update that would lose the first or last name is refused (PATCH with lastName "") @AC-7 @type:negative @layer:api @P1 (1.0s)
  ok 35 [chromium] › evaluations\CL-3\tests\cl-3.spec.ts:232:7 › CL-3 Edit and delete a contact › SCN-012: DELETE answers "Contact deleted" @AC-9 @type:functional @layer:api @P1 (1.1s)
  ok 37 [chromium] › evaluations\CL-3\tests\cl-3.spec.ts:263:9 › CL-3 Edit and delete a contact › SCN-014.1: A malformed contact id is refused (GET) @AC-11 @type:negative @layer:api @P2 (616ms)
  ok 36 [chromium] › evaluations\CL-3\tests\cl-3.spec.ts:241:7 › CL-3 Edit and delete a contact › SCN-013: A deleted contact is gone for good @AC-10 @type:negative @layer:api @P1 (1.5s)
  ok 33 [chromium] › evaluations\CL-3\tests\cl-3.spec.ts:196:7 › CL-3 Edit and delete a contact › SCN-010: Cancelling the delete keeps the contact @AC-8 @type:functional @layer:ui @P2 (2.6s)
  ok 34 [chromium] › evaluations\CL-3\tests\cl-3.spec.ts:215:7 › CL-3 Edit and delete a contact › SCN-011: Confirming the delete removes the contact @AC-8 @type:functional @layer:ui @P1 (2.6s)
  ok 38 [chromium] › evaluations\CL-3\tests\cl-3.spec.ts:263:9 › CL-3 Edit and delete a contact › SCN-014.2: A malformed contact id is refused (PUT) @AC-11 @type:negative @layer:api @P2 (607ms)
  ok 39 [chromium] › evaluations\CL-3\tests\cl-3.spec.ts:263:9 › CL-3 Edit and delete a contact › SCN-014.3: A malformed contact id is refused (PATCH) @AC-11 @type:negative @layer:api @P2 (588ms)
  ok 40 [chromium] › evaluations\CL-3\tests\cl-3.spec.ts:263:9 › CL-3 Edit and delete a contact › SCN-014.4: A malformed contact id is refused (DELETE) @AC-11 @type:negative @layer:api @P2 (601ms)

  40 passed (21.0s)
