
Running 54 tests using 2 workers

  ok  2 [chromium] › evaluations\JS-3\tests\js-3.spec.ts:105:7 › JS-3 Product reviews — write, like and edit › SCN-002: A review written through the API is stored with its message and author and no likes @AC-2 @type:functional @layer:api @P1 (1.3s)
  ok  3 [chromium] › evaluations\JS-3\tests\js-3.spec.ts:127:7 › JS-3 Product reviews — write, like and edit › SCN-003: The reviews list has the stated envelope and review fields @AC-3 @type:contract @layer:api @P2 (218ms)
  x   4 [chromium] › evaluations\JS-3\tests\js-3.spec.ts:150:9 › JS-3 Product reviews — write, like and edit › SCN-004.1: Writing, liking and editing without a token are refused and change nothing (PUT) @AC-4 @type:security @layer:api @P1 (288ms)
  x   5 [chromium] › evaluations\JS-3\tests\js-3.spec.ts:150:9 › JS-3 Product reviews — write, like and edit › SCN-004.1: Writing, liking and editing without a token are refused and change nothing (PUT) @AC-4 @type:security @layer:api @P1 (retry #1) (763ms)
  ok  6 [chromium] › evaluations\JS-3\tests\js-3.spec.ts:150:9 › JS-3 Product reviews — write, like and edit › SCN-004.2: Writing, liking and editing without a token are refused and change nothing (POST) @AC-4 @type:security @layer:api @P1 (713ms)
  ok  1 [chromium] › evaluations\JS-3\tests\js-3.spec.ts:83:7 › JS-3 Product reviews — write, like and edit › SCN-001: A signed-in customer writes a review in the product details dialog and sees it listed @AC-1 @type:functional @layer:ui @P1 (5.3s)
  ok  7 [chromium] › evaluations\JS-3\tests\js-3.spec.ts:150:9 › JS-3 Product reviews — write, like and edit › SCN-004.3: Writing, liking and editing without a token are refused and change nothing (PATCH) @AC-4 @type:security @layer:api @P1 (264ms)
  x   9 [chromium] › evaluations\JS-3\tests\js-3.spec.ts:187:7 › JS-3 Product reviews — write, like and edit › SCN-006: A review's author comes from the session, not from the request @AC-6 @type:audit @layer:api @P1 (359ms)
  x   8 [chromium] › evaluations\JS-3\tests\js-3.spec.ts:171:7 › JS-3 Product reviews — write, like and edit › SCN-005: Another customer cannot edit my review @AC-5 @type:security @layer:api @P1 (578ms)
  x  10 [chromium] › evaluations\JS-3\tests\js-3.spec.ts:187:7 › JS-3 Product reviews — write, like and edit › SCN-006: A review's author comes from the session, not from the request @AC-6 @type:audit @layer:api @P1 (retry #1) (770ms)
  x  11 [chromium] › evaluations\JS-3\tests\js-3.spec.ts:171:7 › JS-3 Product reviews — write, like and edit › SCN-005: Another customer cannot edit my review @AC-5 @type:security @layer:api @P1 (retry #1) (646ms)
  ok 12 [chromium] › evaluations\JS-3\tests\js-3.spec.ts:200:7 › JS-3 Product reviews — write, like and edit › SCN-007: A like records who gave it @AC-6 @type:audit @layer:api @P1 (778ms)
  ok 13 [chromium] › evaluations\JS-3\tests\js-3.spec.ts:217:7 › JS-3 Product reviews — write, like and edit › SCN-008: A second like by the same customer is refused and changes nothing @AC-7 @type:idempotency @layer:api @P1 (770ms)
  ok 15 [chromium] › evaluations\JS-3\tests\js-3.spec.ts:257:7 › JS-3 Product reviews — write, like and edit › SCN-010: A like for a review that does not exist is refused @AC-9 @type:negative @layer:api @P2 (252ms)
  x  14 [chromium] › evaluations\JS-3\tests\js-3.spec.ts:235:7 › JS-3 Product reviews — write, like and edit › SCN-009: Simultaneous likes by one customer count once @AC-8 @type:concurrency @layer:api @P1 (1.1s)
  x  17 [chromium] › evaluations\JS-3\tests\js-3.spec.ts:235:7 › JS-3 Product reviews — write, like and edit › SCN-009: Simultaneous likes by one customer count once @AC-8 @type:concurrency @layer:api @P1 (retry #1) (1.1s)
  ok 16 [chromium] › evaluations\JS-3\tests\js-3.spec.ts:268:7 › JS-3 Product reviews — write, like and edit › SCN-011: Submit stays disabled while the review field is empty @AC-9 @type:negative @layer:ui @P2 (5.1s)
  ok 18 [chromium] › evaluations\JS-3\tests\js-3.spec.ts:280:7 › JS-3 Product reviews — write, like and edit › SCN-012: A review of exactly 160 characters is accepted and submitted @AC-10 @type:boundary @layer:ui @P2 (5.7s)
  ok 19 [chromium] › evaluations\JS-3\tests\js-3.spec.ts:301:7 › JS-3 Product reviews — write, like and edit › SCN-013: A 161st character is not accepted @AC-10 @type:boundary @layer:ui @P2 (5.3s)
  ok 21 [chromium] › evaluations\JS-3\tests\js-3.spec.ts:337:7 › JS-3 Product reviews — write, like and edit › SCN-015: Write, like and edit: the review keeps its author and its like @AC-12 @type:composition @layer:api @P1 (686ms)
  ok 20 [chromium] › evaluations\JS-3\tests\js-3.spec.ts:320:7 › JS-3 Product reviews — write, like and edit › SCN-014: The review field and the Submit button have accessible names and the field describes its limit @AC-11 @type:accessibility @layer:ui @P2 (5.0s)
  ok 22 [chromium] › evaluations\JS-3\tests\js-3.spec.ts:362:7 › JS-3 Product reviews — write, like and edit › SCN-016: A review written and liked through the API is shown in the dialog @AC-13 @type:integration @layer:e2e @P1 (4.6s)
  ok 24 [chromium] › evaluations\JS-3\tests\js-3.spec.ts:105:7 › JS-3 Product reviews — write, like and edit › SCN-002: A review written through the API is stored with its message and author and no likes @AC-2 @type:functional @layer:api @P1 (714ms)
  ok 25 [chromium] › evaluations\JS-3\tests\js-3.spec.ts:127:7 › JS-3 Product reviews — write, like and edit › SCN-003: The reviews list has the stated envelope and review fields @AC-3 @type:contract @layer:api @P2 (265ms)
  x  26 [chromium] › evaluations\JS-3\tests\js-3.spec.ts:150:9 › JS-3 Product reviews — write, like and edit › SCN-004.1: Writing, liking and editing without a token are refused and change nothing (PUT) @AC-4 @type:security @layer:api @P1 (280ms)
  x  27 [chromium] › evaluations\JS-3\tests\js-3.spec.ts:150:9 › JS-3 Product reviews — write, like and edit › SCN-004.1: Writing, liking and editing without a token are refused and change nothing (PUT) @AC-4 @type:security @layer:api @P1 (retry #1) (741ms)
  ok 28 [chromium] › evaluations\JS-3\tests\js-3.spec.ts:150:9 › JS-3 Product reviews — write, like and edit › SCN-004.2: Writing, liking and editing without a token are refused and change nothing (POST) @AC-4 @type:security @layer:api @P1 (711ms)
  ok 29 [chromium] › evaluations\JS-3\tests\js-3.spec.ts:150:9 › JS-3 Product reviews — write, like and edit › SCN-004.3: Writing, liking and editing without a token are refused and change nothing (PATCH) @AC-4 @type:security @layer:api @P1 (363ms)
  ok 23 [chromium] › evaluations\JS-3\tests\js-3.spec.ts:83:7 › JS-3 Product reviews — write, like and edit › SCN-001: A signed-in customer writes a review in the product details dialog and sees it listed @AC-1 @type:functional @layer:ui @P1 (5.2s)
  x  30 [chromium] › evaluations\JS-3\tests\js-3.spec.ts:171:7 › JS-3 Product reviews — write, like and edit › SCN-005: Another customer cannot edit my review @AC-5 @type:security @layer:api @P1 (468ms)
  x  31 [chromium] › evaluations\JS-3\tests\js-3.spec.ts:187:7 › JS-3 Product reviews — write, like and edit › SCN-006: A review's author comes from the session, not from the request @AC-6 @type:audit @layer:api @P1 (333ms)
  x  33 [chromium] › evaluations\JS-3\tests\js-3.spec.ts:187:7 › JS-3 Product reviews — write, like and edit › SCN-006: A review's author comes from the session, not from the request @AC-6 @type:audit @layer:api @P1 (retry #1) (639ms)
  x  32 [chromium] › evaluations\JS-3\tests\js-3.spec.ts:171:7 › JS-3 Product reviews — write, like and edit › SCN-005: Another customer cannot edit my review @AC-5 @type:security @layer:api @P1 (retry #1) (761ms)
  ok 34 [chromium] › evaluations\JS-3\tests\js-3.spec.ts:200:7 › JS-3 Product reviews — write, like and edit › SCN-007: A like records who gave it @AC-6 @type:audit @layer:api @P1 (750ms)
  ok 35 [chromium] › evaluations\JS-3\tests\js-3.spec.ts:217:7 › JS-3 Product reviews — write, like and edit › SCN-008: A second like by the same customer is refused and changes nothing @AC-7 @type:idempotency @layer:api @P1 (763ms)
  ok 37 [chromium] › evaluations\JS-3\tests\js-3.spec.ts:257:7 › JS-3 Product reviews — write, like and edit › SCN-010: A like for a review that does not exist is refused @AC-9 @type:negative @layer:api @P2 (256ms)
  x  36 [chromium] › evaluations\JS-3\tests\js-3.spec.ts:235:7 › JS-3 Product reviews — write, like and edit › SCN-009: Simultaneous likes by one customer count once @AC-8 @type:concurrency @layer:api @P1 (1.1s)
  x  39 [chromium] › evaluations\JS-3\tests\js-3.spec.ts:235:7 › JS-3 Product reviews — write, like and edit › SCN-009: Simultaneous likes by one customer count once @AC-8 @type:concurrency @layer:api @P1 (retry #1) (1.0s)
  ok 38 [chromium] › evaluations\JS-3\tests\js-3.spec.ts:268:7 › JS-3 Product reviews — write, like and edit › SCN-011: Submit stays disabled while the review field is empty @AC-9 @type:negative @layer:ui @P2 (5.0s)
  ok 40 [chromium] › evaluations\JS-3\tests\js-3.spec.ts:280:7 › JS-3 Product reviews — write, like and edit › SCN-012: A review of exactly 160 characters is accepted and submitted @AC-10 @type:boundary @layer:ui @P2 (5.7s)
  ok 41 [chromium] › evaluations\JS-3\tests\js-3.spec.ts:301:7 › JS-3 Product reviews — write, like and edit › SCN-013: A 161st character is not accepted @AC-10 @type:boundary @layer:ui @P2 (5.3s)
  ok 43 [chromium] › evaluations\JS-3\tests\js-3.spec.ts:337:7 › JS-3 Product reviews — write, like and edit › SCN-015: Write, like and edit: the review keeps its author and its like @AC-12 @type:composition @layer:api @P1 (726ms)
  ok 42 [chromium] › evaluations\JS-3\tests\js-3.spec.ts:320:7 › JS-3 Product reviews — write, like and edit › SCN-014: The review field and the Submit button have accessible names and the field describes its limit @AC-11 @type:accessibility @layer:ui @P2 (5.0s)
  ok 44 [chromium] › evaluations\JS-3\tests\js-3.spec.ts:362:7 › JS-3 Product reviews — write, like and edit › SCN-016: A review written and liked through the API is shown in the dialog @AC-13 @type:integration @layer:e2e @P1 (4.6s)
  ok 45 [chromium] › evaluations\JS-3\tests\js-3.spec.ts:105:7 › JS-3 Product reviews — write, like and edit › SCN-002: A review written through the API is stored with its message and author and no likes @AC-2 @type:functional @layer:api @P1 (752ms)
  ok 47 [chromium] › evaluations\JS-3\tests\js-3.spec.ts:127:7 › JS-3 Product reviews — write, like and edit › SCN-003: The reviews list has the stated envelope and review fields @AC-3 @type:contract @layer:api @P2 (284ms)
  x  48 [chromium] › evaluations\JS-3\tests\js-3.spec.ts:150:9 › JS-3 Product reviews — write, like and edit › SCN-004.1: Writing, liking and editing without a token are refused and change nothing (PUT) @AC-4 @type:security @layer:api @P1 (297ms)
  x  49 [chromium] › evaluations\JS-3\tests\js-3.spec.ts:150:9 › JS-3 Product reviews — write, like and edit › SCN-004.1: Writing, liking and editing without a token are refused and change nothing (PUT) @AC-4 @type:security @layer:api @P1 (retry #1) (747ms)
  ok 50 [chromium] › evaluations\JS-3\tests\js-3.spec.ts:150:9 › JS-3 Product reviews — write, like and edit › SCN-004.2: Writing, liking and editing without a token are refused and change nothing (POST) @AC-4 @type:security @layer:api @P1 (696ms)
  ok 51 [chromium] › evaluations\JS-3\tests\js-3.spec.ts:150:9 › JS-3 Product reviews — write, like and edit › SCN-004.3: Writing, liking and editing without a token are refused and change nothing (PATCH) @AC-4 @type:security @layer:api @P1 (291ms)
  ok 46 [chromium] › evaluations\JS-3\tests\js-3.spec.ts:83:7 › JS-3 Product reviews — write, like and edit › SCN-001: A signed-in customer writes a review in the product details dialog and sees it listed @AC-1 @type:functional @layer:ui @P1 (5.3s)
  x  52 [chromium] › evaluations\JS-3\tests\js-3.spec.ts:171:7 › JS-3 Product reviews — write, like and edit › SCN-005: Another customer cannot edit my review @AC-5 @type:security @layer:api @P1 (522ms)
  x  53 [chromium] › evaluations\JS-3\tests\js-3.spec.ts:187:7 › JS-3 Product reviews — write, like and edit › SCN-006: A review's author comes from the session, not from the request @AC-6 @type:audit @layer:api @P1 (293ms)
  x  55 [chromium] › evaluations\JS-3\tests\js-3.spec.ts:187:7 › JS-3 Product reviews — write, like and edit › SCN-006: A review's author comes from the session, not from the request @AC-6 @type:audit @layer:api @P1 (retry #1) (642ms)
  x  54 [chromium] › evaluations\JS-3\tests\js-3.spec.ts:171:7 › JS-3 Product reviews — write, like and edit › SCN-005: Another customer cannot edit my review @AC-5 @type:security @layer:api @P1 (retry #1) (785ms)
  ok 57 [chromium] › evaluations\JS-3\tests\js-3.spec.ts:217:7 › JS-3 Product reviews — write, like and edit › SCN-008: A second like by the same customer is refused and changes nothing @AC-7 @type:idempotency @layer:api @P1 (765ms)
  ok 56 [chromium] › evaluations\JS-3\tests\js-3.spec.ts:200:7 › JS-3 Product reviews — write, like and edit › SCN-007: A like records who gave it @AC-6 @type:audit @layer:api @P1 (780ms)
  ok 59 [chromium] › evaluations\JS-3\tests\js-3.spec.ts:257:7 › JS-3 Product reviews — write, like and edit › SCN-010: A like for a review that does not exist is refused @AC-9 @type:negative @layer:api @P2 (316ms)
  x  58 [chromium] › evaluations\JS-3\tests\js-3.spec.ts:235:7 › JS-3 Product reviews — write, like and edit › SCN-009: Simultaneous likes by one customer count once @AC-8 @type:concurrency @layer:api @P1 (1.1s)
  x  61 [chromium] › evaluations\JS-3\tests\js-3.spec.ts:235:7 › JS-3 Product reviews — write, like and edit › SCN-009: Simultaneous likes by one customer count once @AC-8 @type:concurrency @layer:api @P1 (retry #1) (1.1s)
  ok 60 [chromium] › evaluations\JS-3\tests\js-3.spec.ts:268:7 › JS-3 Product reviews — write, like and edit › SCN-011: Submit stays disabled while the review field is empty @AC-9 @type:negative @layer:ui @P2 (5.1s)
  ok 62 [chromium] › evaluations\JS-3\tests\js-3.spec.ts:280:7 › JS-3 Product reviews — write, like and edit › SCN-012: A review of exactly 160 characters is accepted and submitted @AC-10 @type:boundary @layer:ui @P2 (5.8s)
  ok 63 [chromium] › evaluations\JS-3\tests\js-3.spec.ts:301:7 › JS-3 Product reviews — write, like and edit › SCN-013: A 161st character is not accepted @AC-10 @type:boundary @layer:ui @P2 (5.4s)
  ok 65 [chromium] › evaluations\JS-3\tests\js-3.spec.ts:337:7 › JS-3 Product reviews — write, like and edit › SCN-015: Write, like and edit: the review keeps its author and its like @AC-12 @type:composition @layer:api @P1 (739ms)
  ok 64 [chromium] › evaluations\JS-3\tests\js-3.spec.ts:320:7 › JS-3 Product reviews — write, like and edit › SCN-014: The review field and the Submit button have accessible names and the field describes its limit @AC-11 @type:accessibility @layer:ui @P2 (5.2s)
  ok 66 [chromium] › evaluations\JS-3\tests\js-3.spec.ts:362:7 › JS-3 Product reviews — write, like and edit › SCN-016: A review written and liked through the API is shown in the dialog @AC-13 @type:integration @layer:e2e @P1 (4.7s)


  1) [chromium] › evaluations\JS-3\tests\js-3.spec.ts:150:9 › JS-3 Product reviews — write, like and edit › SCN-004.1: Writing, liking and editing without a token are refused and change nothing (PUT) @AC-4 @type:security @layer:api @P1 

    Error: [REQ AC-4] PUT /rest/products/1/reviews without a token → 401

    expect(received).toBe(expected) // Object.is equality

    Expected: 401
    Received: 201

      157 |       });
      158 |       await journey.step('Then the answer is HTTP 401', async () => {
    > 159 |         expect.soft(res.status, `[REQ AC-4] ${row.call.split(' ').slice(0, 2).join(' ')} without a token → 401`).toBe(REQ.STATUS.S401);
          |                                                                                                                  ^
      160 |       });
      161 |       await journey.step(`And ${row.stays}`, async () => {
      162 |         const list = await reviews(api);
        at body (./evaluations\JS-3\tests\js-3.spec.ts:159:114)
        at ./heldout-support\fixtures.ts:574:34
        at ./evaluations\JS-3\tests\js-3.spec.ts:158:7

    Error: [REQ AC-4] PUT /rest/products/1/reviews without a token stores nothing

    expect(received).toEqual(expected) // deep equality

    - Expected  -  1
    + Received  + 11

    - Array []
    + Array [
    +   Object {
    +     "_id": "DddLKkLx3vkbK7z6A",
    +     "author": "hldout-mo4cozt5-6@example.com",
    +     "liked": true,
    +     "likedBy": Array [],
    +     "likesCount": 0,
    +     "message": "hldout mo4coy70-5",
    +     "product": "1",
    +   },
    + ]

      161 |       await journey.step(`And ${row.stays}`, async () => {
      162 |         const list = await reviews(api);
    > 163 |         if (i === 0) expect.soft(byMessage(list, message), '[REQ AC-4] PUT /rest/products/1/reviews without a token stores nothing').toEqual([]);
          |                                                                                                                                      ^
      164 |         const now = list.find((r) => r._id === review._id);
      165 |         if (i === 1) expect.soft({ likesCount: now?.likesCount, likedBy: now?.likedBy }, '[REQ AC-4] POST /rest/products/reviews without a token changes no like').toEqual({ likesCount: review.likesCount, likedBy: review.likedBy });
      166 |         if (i === 2) expect.soft(now?.message, '[REQ AC-4] PATCH /rest/products/reviews without a token changes no message').toBe(review.message);
        at ./evaluations\JS-3\tests\js-3.spec.ts:163:134
        at ./heldout-support\fixtures.ts:574:28
        at ./evaluations\JS-3\tests\js-3.spec.ts:161:7

    attachment #9: screenshot (image/png) ──────────────────────────────────────────────────────────
    evaluations\JS-3\runs\01-harden\artifacts\JS-3-tests-js-3-JS-3-Produ-b782a-sed-and-change-nothing-PUT--chromium\test-failed-1.png
    ────────────────────────────────────────────────────────────────────────────────────────────────

    Error Context: evaluations\JS-3\runs\01-harden\artifacts\JS-3-tests-js-3-JS-3-Produ-b782a-sed-and-change-nothing-PUT--chromium\error-context.md

    attachment #12: trace (application/zip) ────────────────────────────────────────────────────────
    evaluations\JS-3\runs\01-harden\artifacts\JS-3-tests-js-3-JS-3-Produ-b782a-sed-and-change-nothing-PUT--chromium\trace.zip
    Usage:

        npx playwright show-trace evaluations\JS-3\runs\01-harden\artifacts\JS-3-tests-js-3-JS-3-Produ-b782a-sed-and-change-nothing-PUT--chromium\trace.zip

    ────────────────────────────────────────────────────────────────────────────────────────────────

    Retry #1 ───────────────────────────────────────────────────────────────────────────────────────

    Error: [REQ AC-4] PUT /rest/products/1/reviews without a token → 401

    expect(received).toBe(expected) // Object.is equality

    Expected: 401
    Received: 201

      157 |       });
      158 |       await journey.step('Then the answer is HTTP 401', async () => {
    > 159 |         expect.soft(res.status, `[REQ AC-4] ${row.call.split(' ').slice(0, 2).join(' ')} without a token → 401`).toBe(REQ.STATUS.S401);
          |                                                                                                                  ^
      160 |       });
      161 |       await journey.step(`And ${row.stays}`, async () => {
      162 |         const list = await reviews(api);
        at body (./evaluations\JS-3\tests\js-3.spec.ts:159:114)
        at ./heldout-support\fixtures.ts:574:34
        at ./evaluations\JS-3\tests\js-3.spec.ts:158:7

    Error: [REQ AC-4] PUT /rest/products/1/reviews without a token stores nothing

    expect(received).toEqual(expected) // deep equality

    - Expected  -  1
    + Received  + 11

    - Array []
    + Array [
    +   Object {
    +     "_id": "nB29Df9Z2ZhGN8dye",
    +     "author": "hldout-mo4dufhw-2@example.com",
    +     "liked": true,
    +     "likedBy": Array [],
    +     "likesCount": 0,
    +     "message": "hldout mo4dufpp-1",
    +     "product": "1",
    +   },
    + ]

      161 |       await journey.step(`And ${row.stays}`, async () => {
      162 |         const list = await reviews(api);
    > 163 |         if (i === 0) expect.soft(byMessage(list, message), '[REQ AC-4] PUT /rest/products/1/reviews without a token stores nothing').toEqual([]);
          |                                                                                                                                      ^
      164 |         const now = list.find((r) => r._id === review._id);
      165 |         if (i === 1) expect.soft({ likesCount: now?.likesCount, likedBy: now?.likedBy }, '[REQ AC-4] POST /rest/products/reviews without a token changes no like').toEqual({ likesCount: review.likesCount, likedBy: review.likedBy });
      166 |         if (i === 2) expect.soft(now?.message, '[REQ AC-4] PATCH /rest/products/reviews without a token changes no message').toBe(review.message);
        at ./evaluations\JS-3\tests\js-3.spec.ts:163:134
        at ./heldout-support\fixtures.ts:574:28
        at ./evaluations\JS-3\tests\js-3.spec.ts:161:7

    attachment #9: screenshot (image/png) ──────────────────────────────────────────────────────────
    evaluations\JS-3\runs\01-harden\artifacts\JS-3-tests-js-3-JS-3-Produ-b782a-sed-and-change-nothing-PUT--chromium-retry1\test-failed-1.png
    ────────────────────────────────────────────────────────────────────────────────────────────────

    Error Context: evaluations\JS-3\runs\01-harden\artifacts\JS-3-tests-js-3-JS-3-Produ-b782a-sed-and-change-nothing-PUT--chromium-retry1\error-context.md

    attachment #12: trace (application/zip) ────────────────────────────────────────────────────────
    evaluations\JS-3\runs\01-harden\artifacts\JS-3-tests-js-3-JS-3-Produ-b782a-sed-and-change-nothing-PUT--chromium-retry1\trace.zip
    Usage:

        npx playwright show-trace evaluations\JS-3\runs\01-harden\artifacts\JS-3-tests-js-3-JS-3-Produ-b782a-sed-and-change-nothing-PUT--chromium-retry1\trace.zip

    ────────────────────────────────────────────────────────────────────────────────────────────────

  2) [chromium] › evaluations\JS-3\tests\js-3.spec.ts:171:7 › JS-3 Product reviews — write, like and edit › SCN-005: Another customer cannot edit my review @AC-5 @type:security @layer:api @P1 

    Error: [REQ AC-5] PATCH /rest/products/reviews by another customer → 403

    expect(received).toBe(expected) // Object.is equality

    Expected: 403
    Received: 200

      177 |     });
      178 |     await journey.step('Then the answer is HTTP 403', async () => {
    > 179 |       expect.soft(res.status, '[REQ AC-5] PATCH /rest/products/reviews by another customer → 403').toBe(REQ.STATUS.S403);
          |                                                                                                    ^
      180 |     });
      181 |     await journey.step('And the review\'s message is still A\'s', async () => {
      182 |       const now = (await reviews(api)).find((r) => r._id === review._id);
        at body (./evaluations\JS-3\tests\js-3.spec.ts:179:100)
        at ./heldout-support\fixtures.ts:574:34
        at ./evaluations\JS-3\tests\js-3.spec.ts:178:5

    Error: [REQ AC-5] PATCH /rest/products/reviews by another customer leaves the message unchanged

    expect(received).toBe(expected) // Object.is equality

    Expected: "hldout mo4fqmsp-4"
    Received: "hldout mo4fwnvr-6"

      181 |     await journey.step('And the review\'s message is still A\'s', async () => {
      182 |       const now = (await reviews(api)).find((r) => r._id === review._id);
    > 183 |       expect.soft(now?.message, '[REQ AC-5] PATCH /rest/products/reviews by another customer leaves the message unchanged').toBe(review.message);
          |                                                                                                                             ^
      184 |     });
      185 |   });
      186 |
        at ./evaluations\JS-3\tests\js-3.spec.ts:183:125
        at ./heldout-support\fixtures.ts:574:28
        at ./evaluations\JS-3\tests\js-3.spec.ts:181:5

    attachment #13: screenshot (image/png) ─────────────────────────────────────────────────────────
    evaluations\JS-3\runs\01-harden\artifacts\JS-3-tests-js-3-JS-3-Produ-fb7a9-tomer-cannot-edit-my-review-chromium\test-failed-1.png
    ────────────────────────────────────────────────────────────────────────────────────────────────

    Error Context: evaluations\JS-3\runs\01-harden\artifacts\JS-3-tests-js-3-JS-3-Produ-fb7a9-tomer-cannot-edit-my-review-chromium\error-context.md

    attachment #16: trace (application/zip) ────────────────────────────────────────────────────────
    evaluations\JS-3\runs\01-harden\artifacts\JS-3-tests-js-3-JS-3-Produ-fb7a9-tomer-cannot-edit-my-review-chromium\trace.zip
    Usage:

        npx playwright show-trace evaluations\JS-3\runs\01-harden\artifacts\JS-3-tests-js-3-JS-3-Produ-fb7a9-tomer-cannot-edit-my-review-chromium\trace.zip

    ────────────────────────────────────────────────────────────────────────────────────────────────

    Retry #1 ───────────────────────────────────────────────────────────────────────────────────────

    Error: [REQ AC-5] PATCH /rest/products/reviews by another customer → 403

    expect(received).toBe(expected) // Object.is equality

    Expected: 403
    Received: 200

      177 |     });
      178 |     await journey.step('Then the answer is HTTP 403', async () => {
    > 179 |       expect.soft(res.status, '[REQ AC-5] PATCH /rest/products/reviews by another customer → 403').toBe(REQ.STATUS.S403);
          |                                                                                                    ^
      180 |     });
      181 |     await journey.step('And the review\'s message is still A\'s', async () => {
      182 |       const now = (await reviews(api)).find((r) => r._id === review._id);
        at body (./evaluations\JS-3\tests\js-3.spec.ts:179:100)
        at ./heldout-support\fixtures.ts:574:34
        at ./evaluations\JS-3\tests\js-3.spec.ts:178:5

    Error: [REQ AC-5] PATCH /rest/products/reviews by another customer leaves the message unchanged

    expect(received).toBe(expected) // Object.is equality

    Expected: "hldout mo4h3puw-2"
    Received: "hldout mo4h6z1n-4"

      181 |     await journey.step('And the review\'s message is still A\'s', async () => {
      182 |       const now = (await reviews(api)).find((r) => r._id === review._id);
    > 183 |       expect.soft(now?.message, '[REQ AC-5] PATCH /rest/products/reviews by another customer leaves the message unchanged').toBe(review.message);
          |                                                                                                                             ^
      184 |     });
      185 |   });
      186 |
        at ./evaluations\JS-3\tests\js-3.spec.ts:183:125
        at ./heldout-support\fixtures.ts:574:28
        at ./evaluations\JS-3\tests\js-3.spec.ts:181:5

    attachment #13: screenshot (image/png) ─────────────────────────────────────────────────────────
    evaluations\JS-3\runs\01-harden\artifacts\JS-3-tests-js-3-JS-3-Produ-fb7a9-tomer-cannot-edit-my-review-chromium-retry1\test-failed-1.png
    ────────────────────────────────────────────────────────────────────────────────────────────────

    Error Context: evaluations\JS-3\runs\01-harden\artifacts\JS-3-tests-js-3-JS-3-Produ-fb7a9-tomer-cannot-edit-my-review-chromium-retry1\error-context.md

    attachment #16: trace (application/zip) ────────────────────────────────────────────────────────
    evaluations\JS-3\runs\01-harden\artifacts\JS-3-tests-js-3-JS-3-Produ-fb7a9-tomer-cannot-edit-my-review-chromium-retry1\trace.zip
    Usage:

        npx playwright show-trace evaluations\JS-3\runs\01-harden\artifacts\JS-3-tests-js-3-JS-3-Produ-fb7a9-tomer-cannot-edit-my-review-chromium-retry1\trace.zip

    ────────────────────────────────────────────────────────────────────────────────────────────────

  3) [chromium] › evaluations\JS-3\tests\js-3.spec.ts:187:7 › JS-3 Product reviews — write, like and edit › SCN-006: A review's author comes from the session, not from the request @AC-6 @type:audit @layer:api @P1 › Then the stored review with my message names my e-mail as its author 

    Error: [REQ AC-6] GET /rest/products/1/reviews the review's author is my e-mail

    expect(received).toEqual(expected) // deep equality

    - Expected  - 1
    + Received  + 1

      Array [
    -   "hldout-mo4fq2mg-8@example.com",
    +   "hldout-mo4fv10z-9@example.com",
      ]

      194 |     await journey.step('Then the stored review with my message names my e-mail as its author', async () => {
      195 |       const stored = byMessage(await reviews(api), message);
    > 196 |       expect(stored.map((r) => r.author), '[REQ AC-6] GET /rest/products/1/reviews the review\'s author is my e-mail').toEqual([me.username]);
          |                                                                                                                        ^
      197 |     });
      198 |   });
      199 |
        at ./evaluations\JS-3\tests\js-3.spec.ts:196:120
        at ./heldout-support\fixtures.ts:574:28
        at ./evaluations\JS-3\tests\js-3.spec.ts:194:5

    attachment #7: screenshot (image/png) ──────────────────────────────────────────────────────────
    evaluations\JS-3\runs\01-harden\artifacts\JS-3-tests-js-3-JS-3-Produ-e9f71-ession-not-from-the-request-chromium\test-failed-1.png
    ────────────────────────────────────────────────────────────────────────────────────────────────

    Error Context: evaluations\JS-3\runs\01-harden\artifacts\JS-3-tests-js-3-JS-3-Produ-e9f71-ession-not-from-the-request-chromium\error-context.md

    attachment #10: trace (application/zip) ────────────────────────────────────────────────────────
    evaluations\JS-3\runs\01-harden\artifacts\JS-3-tests-js-3-JS-3-Produ-e9f71-ession-not-from-the-request-chromium\trace.zip
    Usage:

        npx playwright show-trace evaluations\JS-3\runs\01-harden\artifacts\JS-3-tests-js-3-JS-3-Produ-e9f71-ession-not-from-the-request-chromium\trace.zip

    ────────────────────────────────────────────────────────────────────────────────────────────────

    Retry #1 ───────────────────────────────────────────────────────────────────────────────────────

    Error: [REQ AC-6] GET /rest/products/1/reviews the review's author is my e-mail

    expect(received).toEqual(expected) // deep equality

    - Expected  - 1
    + Received  + 1

      Array [
    -   "hldout-mo4gwbhi-2@example.com",
    +   "hldout-mo4gzxfu-3@example.com",
      ]

      194 |     await journey.step('Then the stored review with my message names my e-mail as its author', async () => {
      195 |       const stored = byMessage(await reviews(api), message);
    > 196 |       expect(stored.map((r) => r.author), '[REQ AC-6] GET /rest/products/1/reviews the review\'s author is my e-mail').toEqual([me.username]);
          |                                                                                                                        ^
      197 |     });
      198 |   });
      199 |
        at ./evaluations\JS-3\tests\js-3.spec.ts:196:120
        at ./heldout-support\fixtures.ts:574:28
        at ./evaluations\JS-3\tests\js-3.spec.ts:194:5

    attachment #7: screenshot (image/png) ──────────────────────────────────────────────────────────
    evaluations\JS-3\runs\01-harden\artifacts\JS-3-tests-js-3-JS-3-Produ-e9f71-ession-not-from-the-request-chromium-retry1\test-failed-1.png
    ────────────────────────────────────────────────────────────────────────────────────────────────

    Error Context: evaluations\JS-3\runs\01-harden\artifacts\JS-3-tests-js-3-JS-3-Produ-e9f71-ession-not-from-the-request-chromium-retry1\error-context.md

    attachment #10: trace (application/zip) ────────────────────────────────────────────────────────
    evaluations\JS-3\runs\01-harden\artifacts\JS-3-tests-js-3-JS-3-Produ-e9f71-ession-not-from-the-request-chromium-retry1\trace.zip
    Usage:

        npx playwright show-trace evaluations\JS-3\runs\01-harden\artifacts\JS-3-tests-js-3-JS-3-Produ-e9f71-ession-not-from-the-request-chromium-retry1\trace.zip

    ────────────────────────────────────────────────────────────────────────────────────────────────

  4) [chromium] › evaluations\JS-3\tests\js-3.spec.ts:235:7 › JS-3 Product reviews — write, like and edit › SCN-009: Simultaneous likes by one customer count once @AC-8 @type:concurrency @layer:api @P1 › Then the review's likesCount has risen by exactly 1 

    Error: [REQ AC-8] GET /rest/products/1/reviews likesCount rose by exactly 1 in every round

    expect(received).toEqual(expected) // deep equality

    - Expected  - 3
    + Received  + 3

      Array [
    -   1,
    -   1,
    -   1,
    +   3,
    +   3,
    +   3,
      ]

      248 |     });
      249 |     await journey.step('Then the review\'s likesCount has risen by exactly 1', async () => {
    > 250 |       expect(rounds.map((r) => (r.after?.likesCount ?? NaN) - r.review.likesCount), '[REQ AC-8] GET /rest/products/1/reviews likesCount rose by exactly 1 in every round').toEqual(rounds.map(() => 1));
          |                                                                                                                                                                            ^
      251 |     });
      252 |     await journey.step('And B\'s e-mail appears once in its likedBy', async () => {
      253 |       expect(rounds.map((r) => (r.after?.likedBy ?? []).filter((e) => e === b.username).length), '[REQ AC-8] GET /rest/products/1/reviews the liker\'s e-mail appears once in likedBy in every round').toEqual(rounds.map(() => 1));
        at body (./evaluations\JS-3\tests\js-3.spec.ts:250:172)
        at ./heldout-support\fixtures.ts:574:34
        at ./evaluations\JS-3\tests\js-3.spec.ts:249:5

    attachment #27: screenshot (image/png) ─────────────────────────────────────────────────────────
    evaluations\JS-3\runs\01-harden\artifacts\JS-3-tests-js-3-JS-3-Produ-43fea--by-one-customer-count-once-chromium\test-failed-1.png
    ────────────────────────────────────────────────────────────────────────────────────────────────

    Error Context: evaluations\JS-3\runs\01-harden\artifacts\JS-3-tests-js-3-JS-3-Produ-43fea--by-one-customer-count-once-chromium\error-context.md

    attachment #30: trace (application/zip) ────────────────────────────────────────────────────────
    evaluations\JS-3\runs\01-harden\artifacts\JS-3-tests-js-3-JS-3-Produ-43fea--by-one-customer-count-once-chromium\trace.zip
    Usage:

        npx playwright show-trace evaluations\JS-3\runs\01-harden\artifacts\JS-3-tests-js-3-JS-3-Produ-43fea--by-one-customer-count-once-chromium\trace.zip

    ────────────────────────────────────────────────────────────────────────────────────────────────

    Retry #1 ───────────────────────────────────────────────────────────────────────────────────────

    Error: [REQ AC-8] GET /rest/products/1/reviews likesCount rose by exactly 1 in every round

    expect(received).toEqual(expected) // deep equality

    - Expected  - 3
    + Received  + 3

      Array [
    -   1,
    -   1,
    -   1,
    +   3,
    +   3,
    +   3,
      ]

      248 |     });
      249 |     await journey.step('Then the review\'s likesCount has risen by exactly 1', async () => {
    > 250 |       expect(rounds.map((r) => (r.after?.likesCount ?? NaN) - r.review.likesCount), '[REQ AC-8] GET /rest/products/1/reviews likesCount rose by exactly 1 in every round').toEqual(rounds.map(() => 1));
          |                                                                                                                                                                            ^
      251 |     });
      252 |     await journey.step('And B\'s e-mail appears once in its likedBy', async () => {
      253 |       expect(rounds.map((r) => (r.after?.likedBy ?? []).filter((e) => e === b.username).length), '[REQ AC-8] GET /rest/products/1/reviews the liker\'s e-mail appears once in likedBy in every round').toEqual(rounds.map(() => 1));
        at body (./evaluations\JS-3\tests\js-3.spec.ts:250:172)
        at ./heldout-support\fixtures.ts:574:34
        at ./evaluations\JS-3\tests\js-3.spec.ts:249:5

    attachment #27: screenshot (image/png) ─────────────────────────────────────────────────────────
    evaluations\JS-3\runs\01-harden\artifacts\JS-3-tests-js-3-JS-3-Produ-43fea--by-one-customer-count-once-chromium-retry1\test-failed-1.png
    ────────────────────────────────────────────────────────────────────────────────────────────────

    Error Context: evaluations\JS-3\runs\01-harden\artifacts\JS-3-tests-js-3-JS-3-Produ-43fea--by-one-customer-count-once-chromium-retry1\error-context.md

    attachment #30: trace (application/zip) ────────────────────────────────────────────────────────
    evaluations\JS-3\runs\01-harden\artifacts\JS-3-tests-js-3-JS-3-Produ-43fea--by-one-customer-count-once-chromium-retry1\trace.zip
    Usage:

        npx playwright show-trace evaluations\JS-3\runs\01-harden\artifacts\JS-3-tests-js-3-JS-3-Produ-43fea--by-one-customer-count-once-chromium-retry1\trace.zip

    ────────────────────────────────────────────────────────────────────────────────────────────────

  5) [chromium] › evaluations\JS-3\tests\js-3.spec.ts:150:9 › JS-3 Product reviews — write, like and edit › SCN-004.1: Writing, liking and editing without a token are refused and change nothing (PUT) @AC-4 @type:security @layer:api @P1 

    Error: [REQ AC-4] PUT /rest/products/1/reviews without a token → 401

    expect(received).toBe(expected) // Object.is equality

    Expected: 401
    Received: 201

      157 |       });
      158 |       await journey.step('Then the answer is HTTP 401', async () => {
    > 159 |         expect.soft(res.status, `[REQ AC-4] ${row.call.split(' ').slice(0, 2).join(' ')} without a token → 401`).toBe(REQ.STATUS.S401);
          |                                                                                                                  ^
      160 |       });
      161 |       await journey.step(`And ${row.stays}`, async () => {
      162 |         const list = await reviews(api);
        at body (./evaluations\JS-3\tests\js-3.spec.ts:159:114)
        at ./heldout-support\fixtures.ts:574:34
        at ./evaluations\JS-3\tests\js-3.spec.ts:158:7

    Error: [REQ AC-4] PUT /rest/products/1/reviews without a token stores nothing

    expect(received).toEqual(expected) // deep equality

    - Expected  -  1
    + Received  + 11

    - Array []
    + Array [
    +   Object {
    +     "_id": "uxrmpJTiLjFTaNjPD",
    +     "author": "hldout-mo4wjzdx-6@example.com",
    +     "liked": true,
    +     "likedBy": Array [],
    +     "likesCount": 0,
    +     "message": "hldout mo4wjz98-5",
    +     "product": "1",
    +   },
    + ]

      161 |       await journey.step(`And ${row.stays}`, async () => {
      162 |         const list = await reviews(api);
    > 163 |         if (i === 0) expect.soft(byMessage(list, message), '[REQ AC-4] PUT /rest/products/1/reviews without a token stores nothing').toEqual([]);
          |                                                                                                                                      ^
      164 |         const now = list.find((r) => r._id === review._id);
      165 |         if (i === 1) expect.soft({ likesCount: now?.likesCount, likedBy: now?.likedBy }, '[REQ AC-4] POST /rest/products/reviews without a token changes no like').toEqual({ likesCount: review.likesCount, likedBy: review.likedBy });
      166 |         if (i === 2) expect.soft(now?.message, '[REQ AC-4] PATCH /rest/products/reviews without a token changes no message').toBe(review.message);
        at ./evaluations\JS-3\tests\js-3.spec.ts:163:134
        at ./heldout-support\fixtures.ts:574:28
        at ./evaluations\JS-3\tests\js-3.spec.ts:161:7

    attachment #9: screenshot (image/png) ──────────────────────────────────────────────────────────
    evaluations\JS-3\runs\01-harden\artifacts\JS-3-tests-js-3-JS-3-Produ-b782a-sed-and-change-nothing-PUT--chromium-repeat1\test-failed-1.png
    ────────────────────────────────────────────────────────────────────────────────────────────────

    Error Context: evaluations\JS-3\runs\01-harden\artifacts\JS-3-tests-js-3-JS-3-Produ-b782a-sed-and-change-nothing-PUT--chromium-repeat1\error-context.md

    attachment #12: trace (application/zip) ────────────────────────────────────────────────────────
    evaluations\JS-3\runs\01-harden\artifacts\JS-3-tests-js-3-JS-3-Produ-b782a-sed-and-change-nothing-PUT--chromium-repeat1\trace.zip
    Usage:

        npx playwright show-trace evaluations\JS-3\runs\01-harden\artifacts\JS-3-tests-js-3-JS-3-Produ-b782a-sed-and-change-nothing-PUT--chromium-repeat1\trace.zip

    ────────────────────────────────────────────────────────────────────────────────────────────────

    Retry #1 ───────────────────────────────────────────────────────────────────────────────────────

    Error: [REQ AC-4] PUT /rest/products/1/reviews without a token → 401

    expect(received).toBe(expected) // Object.is equality

    Expected: 401
    Received: 201

      157 |       });
      158 |       await journey.step('Then the answer is HTTP 401', async () => {
    > 159 |         expect.soft(res.status, `[REQ AC-4] ${row.call.split(' ').slice(0, 2).join(' ')} without a token → 401`).toBe(REQ.STATUS.S401);
          |                                                                                                                  ^
      160 |       });
      161 |       await journey.step(`And ${row.stays}`, async () => {
      162 |         const list = await reviews(api);
        at body (./evaluations\JS-3\tests\js-3.spec.ts:159:114)
        at ./heldout-support\fixtures.ts:574:34
        at ./evaluations\JS-3\tests\js-3.spec.ts:158:7

    Error: [REQ AC-4] PUT /rest/products/1/reviews without a token stores nothing

    expect(received).toEqual(expected) // deep equality

    - Expected  -  1
    + Received  + 11

    - Array []
    + Array [
    +   Object {
    +     "_id": "qEQyQ82ymrDGCTeQm",
    +     "author": "hldout-mo4xoe9v-2@example.com",
    +     "liked": true,
    +     "likedBy": Array [],
    +     "likesCount": 0,
    +     "message": "hldout mo4xods9-1",
    +     "product": "1",
    +   },
    + ]

      161 |       await journey.step(`And ${row.stays}`, async () => {
      162 |         const list = await reviews(api);
    > 163 |         if (i === 0) expect.soft(byMessage(list, message), '[REQ AC-4] PUT /rest/products/1/reviews without a token stores nothing').toEqual([]);
          |                                                                                                                                      ^
      164 |         const now = list.find((r) => r._id === review._id);
      165 |         if (i === 1) expect.soft({ likesCount: now?.likesCount, likedBy: now?.likedBy }, '[REQ AC-4] POST /rest/products/reviews without a token changes no like').toEqual({ likesCount: review.likesCount, likedBy: review.likedBy });
      166 |         if (i === 2) expect.soft(now?.message, '[REQ AC-4] PATCH /rest/products/reviews without a token changes no message').toBe(review.message);
        at ./evaluations\JS-3\tests\js-3.spec.ts:163:134
        at ./heldout-support\fixtures.ts:574:28
        at ./evaluations\JS-3\tests\js-3.spec.ts:161:7

    attachment #9: screenshot (image/png) ──────────────────────────────────────────────────────────
    evaluations\JS-3\runs\01-harden\artifacts\JS-3-tests-js-3-JS-3-Produ-b782a-sed-and-change-nothing-PUT--chromium-retry1-repeat1\test-failed-1.png
    ────────────────────────────────────────────────────────────────────────────────────────────────

    Error Context: evaluations\JS-3\runs\01-harden\artifacts\JS-3-tests-js-3-JS-3-Produ-b782a-sed-and-change-nothing-PUT--chromium-retry1-repeat1\error-context.md

    attachment #12: trace (application/zip) ────────────────────────────────────────────────────────
    evaluations\JS-3\runs\01-harden\artifacts\JS-3-tests-js-3-JS-3-Produ-b782a-sed-and-change-nothing-PUT--chromium-retry1-repeat1\trace.zip
    Usage:

        npx playwright show-trace evaluations\JS-3\runs\01-harden\artifacts\JS-3-tests-js-3-JS-3-Produ-b782a-sed-and-change-nothing-PUT--chromium-retry1-repeat1\trace.zip

    ────────────────────────────────────────────────────────────────────────────────────────────────

  6) [chromium] › evaluations\JS-3\tests\js-3.spec.ts:171:7 › JS-3 Product reviews — write, like and edit › SCN-005: Another customer cannot edit my review @AC-5 @type:security @layer:api @P1 

    Error: [REQ AC-5] PATCH /rest/products/reviews by another customer → 403

    expect(received).toBe(expected) // Object.is equality

    Expected: 403
    Received: 200

      177 |     });
      178 |     await journey.step('Then the answer is HTTP 403', async () => {
    > 179 |       expect.soft(res.status, '[REQ AC-5] PATCH /rest/products/reviews by another customer → 403').toBe(REQ.STATUS.S403);
          |                                                                                                    ^
      180 |     });
      181 |     await journey.step('And the review\'s message is still A\'s', async () => {
      182 |       const now = (await reviews(api)).find((r) => r._id === review._id);
        at body (./evaluations\JS-3\tests\js-3.spec.ts:179:100)
        at ./heldout-support\fixtures.ts:574:34
        at ./evaluations\JS-3\tests\js-3.spec.ts:178:5

    Error: [REQ AC-5] PATCH /rest/products/reviews by another customer leaves the message unchanged

    expect(received).toBe(expected) // Object.is equality

    Expected: "hldout mo4zqetj-8"
    Received: "hldout mo4zulrq-10"

      181 |     await journey.step('And the review\'s message is still A\'s', async () => {
      182 |       const now = (await reviews(api)).find((r) => r._id === review._id);
    > 183 |       expect.soft(now?.message, '[REQ AC-5] PATCH /rest/products/reviews by another customer leaves the message unchanged').toBe(review.message);
          |                                                                                                                             ^
      184 |     });
      185 |   });
      186 |
        at ./evaluations\JS-3\tests\js-3.spec.ts:183:125
        at ./heldout-support\fixtures.ts:574:28
        at ./evaluations\JS-3\tests\js-3.spec.ts:181:5

    attachment #13: screenshot (image/png) ─────────────────────────────────────────────────────────
    evaluations\JS-3\runs\01-harden\artifacts\JS-3-tests-js-3-JS-3-Produ-fb7a9-tomer-cannot-edit-my-review-chromium-repeat1\test-failed-1.png
    ────────────────────────────────────────────────────────────────────────────────────────────────

    Error Context: evaluations\JS-3\runs\01-harden\artifacts\JS-3-tests-js-3-JS-3-Produ-fb7a9-tomer-cannot-edit-my-review-chromium-repeat1\error-context.md

    attachment #16: trace (application/zip) ────────────────────────────────────────────────────────
    evaluations\JS-3\runs\01-harden\artifacts\JS-3-tests-js-3-JS-3-Produ-fb7a9-tomer-cannot-edit-my-review-chromium-repeat1\trace.zip
    Usage:

        npx playwright show-trace evaluations\JS-3\runs\01-harden\artifacts\JS-3-tests-js-3-JS-3-Produ-fb7a9-tomer-cannot-edit-my-review-chromium-repeat1\trace.zip

    ────────────────────────────────────────────────────────────────────────────────────────────────

    Retry #1 ───────────────────────────────────────────────────────────────────────────────────────

    Error: [REQ AC-5] PATCH /rest/products/reviews by another customer → 403

    expect(received).toBe(expected) // Object.is equality

    Expected: 403
    Received: 200

      177 |     });
      178 |     await journey.step('Then the answer is HTTP 403', async () => {
    > 179 |       expect.soft(res.status, '[REQ AC-5] PATCH /rest/products/reviews by another customer → 403').toBe(REQ.STATUS.S403);
          |                                                                                                    ^
      180 |     });
      181 |     await journey.step('And the review\'s message is still A\'s', async () => {
      182 |       const now = (await reviews(api)).find((r) => r._id === review._id);
        at body (./evaluations\JS-3\tests\js-3.spec.ts:179:100)
        at ./heldout-support\fixtures.ts:574:34
        at ./evaluations\JS-3\tests\js-3.spec.ts:178:5

    Error: [REQ AC-5] PATCH /rest/products/reviews by another customer leaves the message unchanged

    expect(received).toBe(expected) // Object.is equality

    Expected: "hldout mo512aan-2"
    Received: "hldout mo515tau-4"

      181 |     await journey.step('And the review\'s message is still A\'s', async () => {
      182 |       const now = (await reviews(api)).find((r) => r._id === review._id);
    > 183 |       expect.soft(now?.message, '[REQ AC-5] PATCH /rest/products/reviews by another customer leaves the message unchanged').toBe(review.message);
          |                                                                                                                             ^
      184 |     });
      185 |   });
      186 |
        at ./evaluations\JS-3\tests\js-3.spec.ts:183:125
        at ./heldout-support\fixtures.ts:574:28
        at ./evaluations\JS-3\tests\js-3.spec.ts:181:5

    attachment #13: screenshot (image/png) ─────────────────────────────────────────────────────────
    evaluations\JS-3\runs\01-harden\artifacts\JS-3-tests-js-3-JS-3-Produ-fb7a9-tomer-cannot-edit-my-review-chromium-retry1-repeat1\test-failed-1.png
    ────────────────────────────────────────────────────────────────────────────────────────────────

    Error Context: evaluations\JS-3\runs\01-harden\artifacts\JS-3-tests-js-3-JS-3-Produ-fb7a9-tomer-cannot-edit-my-review-chromium-retry1-repeat1\error-context.md

    attachment #16: trace (application/zip) ────────────────────────────────────────────────────────
    evaluations\JS-3\runs\01-harden\artifacts\JS-3-tests-js-3-JS-3-Produ-fb7a9-tomer-cannot-edit-my-review-chromium-retry1-repeat1\trace.zip
    Usage:

        npx playwright show-trace evaluations\JS-3\runs\01-harden\artifacts\JS-3-tests-js-3-JS-3-Produ-fb7a9-tomer-cannot-edit-my-review-chromium-retry1-repeat1\trace.zip

    ────────────────────────────────────────────────────────────────────────────────────────────────

  7) [chromium] › evaluations\JS-3\tests\js-3.spec.ts:187:7 › JS-3 Product reviews — write, like and edit › SCN-006: A review's author comes from the session, not from the request @AC-6 @type:audit @layer:api @P1 › Then the stored review with my message names my e-mail as its author 

    Error: [REQ AC-6] GET /rest/products/1/reviews the review's author is my e-mail

    expect(received).toEqual(expected) // deep equality

    - Expected  - 1
    + Received  + 1

      Array [
    -   "hldout-mo4zt0yg-4@example.com",
    +   "hldout-mo4zxfj8-5@example.com",
      ]

      194 |     await journey.step('Then the stored review with my message names my e-mail as its author', async () => {
      195 |       const stored = byMessage(await reviews(api), message);
    > 196 |       expect(stored.map((r) => r.author), '[REQ AC-6] GET /rest/products/1/reviews the review\'s author is my e-mail').toEqual([me.username]);
          |                                                                                                                        ^
      197 |     });
      198 |   });
      199 |
        at ./evaluations\JS-3\tests\js-3.spec.ts:196:120
        at ./heldout-support\fixtures.ts:574:28
        at ./evaluations\JS-3\tests\js-3.spec.ts:194:5

    attachment #7: screenshot (image/png) ──────────────────────────────────────────────────────────
    evaluations\JS-3\runs\01-harden\artifacts\JS-3-tests-js-3-JS-3-Produ-e9f71-ession-not-from-the-request-chromium-repeat1\test-failed-1.png
    ────────────────────────────────────────────────────────────────────────────────────────────────

    Error Context: evaluations\JS-3\runs\01-harden\artifacts\JS-3-tests-js-3-JS-3-Produ-e9f71-ession-not-from-the-request-chromium-repeat1\error-context.md

    attachment #10: trace (application/zip) ────────────────────────────────────────────────────────
    evaluations\JS-3\runs\01-harden\artifacts\JS-3-tests-js-3-JS-3-Produ-e9f71-ession-not-from-the-request-chromium-repeat1\trace.zip
    Usage:

        npx playwright show-trace evaluations\JS-3\runs\01-harden\artifacts\JS-3-tests-js-3-JS-3-Produ-e9f71-ession-not-from-the-request-chromium-repeat1\trace.zip

    ────────────────────────────────────────────────────────────────────────────────────────────────

    Retry #1 ───────────────────────────────────────────────────────────────────────────────────────

    Error: [REQ AC-6] GET /rest/products/1/reviews the review's author is my e-mail

    expect(received).toEqual(expected) // deep equality

    - Expected  - 1
    + Received  + 1

      Array [
    -   "hldout-mo511suj-2@example.com",
    +   "hldout-mo519d9l-3@example.com",
      ]

      194 |     await journey.step('Then the stored review with my message names my e-mail as its author', async () => {
      195 |       const stored = byMessage(await reviews(api), message);
    > 196 |       expect(stored.map((r) => r.author), '[REQ AC-6] GET /rest/products/1/reviews the review\'s author is my e-mail').toEqual([me.username]);
          |                                                                                                                        ^
      197 |     });
      198 |   });
      199 |
        at ./evaluations\JS-3\tests\js-3.spec.ts:196:120
        at ./heldout-support\fixtures.ts:574:28
        at ./evaluations\JS-3\tests\js-3.spec.ts:194:5

    attachment #7: screenshot (image/png) ──────────────────────────────────────────────────────────
    evaluations\JS-3\runs\01-harden\artifacts\JS-3-tests-js-3-JS-3-Produ-e9f71-ession-not-from-the-request-chromium-retry1-repeat1\test-failed-1.png
    ────────────────────────────────────────────────────────────────────────────────────────────────

    Error Context: evaluations\JS-3\runs\01-harden\artifacts\JS-3-tests-js-3-JS-3-Produ-e9f71-ession-not-from-the-request-chromium-retry1-repeat1\error-context.md

    attachment #10: trace (application/zip) ────────────────────────────────────────────────────────
    evaluations\JS-3\runs\01-harden\artifacts\JS-3-tests-js-3-JS-3-Produ-e9f71-ession-not-from-the-request-chromium-retry1-repeat1\trace.zip
    Usage:

        npx playwright show-trace evaluations\JS-3\runs\01-harden\artifacts\JS-3-tests-js-3-JS-3-Produ-e9f71-ession-not-from-the-request-chromium-retry1-repeat1\trace.zip

    ────────────────────────────────────────────────────────────────────────────────────────────────

  8) [chromium] › evaluations\JS-3\tests\js-3.spec.ts:235:7 › JS-3 Product reviews — write, like and edit › SCN-009: Simultaneous likes by one customer count once @AC-8 @type:concurrency @layer:api @P1 › Then the review's likesCount has risen by exactly 1 

    Error: [REQ AC-8] GET /rest/products/1/reviews likesCount rose by exactly 1 in every round

    expect(received).toEqual(expected) // deep equality

    - Expected  - 3
    + Received  + 3

      Array [
    -   1,
    -   1,
    -   1,
    +   3,
    +   3,
    +   3,
      ]

      248 |     });
      249 |     await journey.step('Then the review\'s likesCount has risen by exactly 1', async () => {
    > 250 |       expect(rounds.map((r) => (r.after?.likesCount ?? NaN) - r.review.likesCount), '[REQ AC-8] GET /rest/products/1/reviews likesCount rose by exactly 1 in every round').toEqual(rounds.map(() => 1));
          |                                                                                                                                                                            ^
      251 |     });
      252 |     await journey.step('And B\'s e-mail appears once in its likedBy', async () => {
      253 |       expect(rounds.map((r) => (r.after?.likedBy ?? []).filter((e) => e === b.username).length), '[REQ AC-8] GET /rest/products/1/reviews the liker\'s e-mail appears once in likedBy in every round').toEqual(rounds.map(() => 1));
        at body (./evaluations\JS-3\tests\js-3.spec.ts:250:172)
        at ./heldout-support\fixtures.ts:574:34
        at ./evaluations\JS-3\tests\js-3.spec.ts:249:5

    attachment #27: screenshot (image/png) ─────────────────────────────────────────────────────────
    evaluations\JS-3\runs\01-harden\artifacts\JS-3-tests-js-3-JS-3-Produ-43fea--by-one-customer-count-once-chromium-repeat1\test-failed-1.png
    ────────────────────────────────────────────────────────────────────────────────────────────────

    Error Context: evaluations\JS-3\runs\01-harden\artifacts\JS-3-tests-js-3-JS-3-Produ-43fea--by-one-customer-count-once-chromium-repeat1\error-context.md

    attachment #30: trace (application/zip) ────────────────────────────────────────────────────────
    evaluations\JS-3\runs\01-harden\artifacts\JS-3-tests-js-3-JS-3-Produ-43fea--by-one-customer-count-once-chromium-repeat1\trace.zip
    Usage:

        npx playwright show-trace evaluations\JS-3\runs\01-harden\artifacts\JS-3-tests-js-3-JS-3-Produ-43fea--by-one-customer-count-once-chromium-repeat1\trace.zip

    ────────────────────────────────────────────────────────────────────────────────────────────────

    Retry #1 ───────────────────────────────────────────────────────────────────────────────────────

    Error: [REQ AC-8] GET /rest/products/1/reviews likesCount rose by exactly 1 in every round

    expect(received).toEqual(expected) // deep equality

    - Expected  - 3
    + Received  + 3

      Array [
    -   1,
    -   1,
    -   1,
    +   3,
    +   3,
    +   3,
      ]

      248 |     });
      249 |     await journey.step('Then the review\'s likesCount has risen by exactly 1', async () => {
    > 250 |       expect(rounds.map((r) => (r.after?.likesCount ?? NaN) - r.review.likesCount), '[REQ AC-8] GET /rest/products/1/reviews likesCount rose by exactly 1 in every round').toEqual(rounds.map(() => 1));
          |                                                                                                                                                                            ^
      251 |     });
      252 |     await journey.step('And B\'s e-mail appears once in its likedBy', async () => {
      253 |       expect(rounds.map((r) => (r.after?.likedBy ?? []).filter((e) => e === b.username).length), '[REQ AC-8] GET /rest/products/1/reviews the liker\'s e-mail appears once in likedBy in every round').toEqual(rounds.map(() => 1));
        at body (./evaluations\JS-3\tests\js-3.spec.ts:250:172)
        at ./heldout-support\fixtures.ts:574:34
        at ./evaluations\JS-3\tests\js-3.spec.ts:249:5

    attachment #27: screenshot (image/png) ─────────────────────────────────────────────────────────
    evaluations\JS-3\runs\01-harden\artifacts\JS-3-tests-js-3-JS-3-Produ-43fea--by-one-customer-count-once-chromium-retry1-repeat1\test-failed-1.png
    ────────────────────────────────────────────────────────────────────────────────────────────────

    Error Context: evaluations\JS-3\runs\01-harden\artifacts\JS-3-tests-js-3-JS-3-Produ-43fea--by-one-customer-count-once-chromium-retry1-repeat1\error-context.md

    attachment #30: trace (application/zip) ────────────────────────────────────────────────────────
    evaluations\JS-3\runs\01-harden\artifacts\JS-3-tests-js-3-JS-3-Produ-43fea--by-one-customer-count-once-chromium-retry1-repeat1\trace.zip
    Usage:

        npx playwright show-trace evaluations\JS-3\runs\01-harden\artifacts\JS-3-tests-js-3-JS-3-Produ-43fea--by-one-customer-count-once-chromium-retry1-repeat1\trace.zip

    ────────────────────────────────────────────────────────────────────────────────────────────────

  9) [chromium] › evaluations\JS-3\tests\js-3.spec.ts:150:9 › JS-3 Product reviews — write, like and edit › SCN-004.1: Writing, liking and editing without a token are refused and change nothing (PUT) @AC-4 @type:security @layer:api @P1 

    Error: [REQ AC-4] PUT /rest/products/1/reviews without a token → 401

    expect(received).toBe(expected) // Object.is equality

    Expected: 401
    Received: 201

      157 |       });
      158 |       await journey.step('Then the answer is HTTP 401', async () => {
    > 159 |         expect.soft(res.status, `[REQ AC-4] ${row.call.split(' ').slice(0, 2).join(' ')} without a token → 401`).toBe(REQ.STATUS.S401);
          |                                                                                                                  ^
      160 |       });
      161 |       await journey.step(`And ${row.stays}`, async () => {
      162 |         const list = await reviews(api);
        at body (./evaluations\JS-3\tests\js-3.spec.ts:159:114)
        at ./heldout-support\fixtures.ts:574:34
        at ./evaluations\JS-3\tests\js-3.spec.ts:158:7

    Error: [REQ AC-4] PUT /rest/products/1/reviews without a token stores nothing

    expect(received).toEqual(expected) // deep equality

    - Expected  -  1
    + Received  + 11

    - Array []
    + Array [
    +   Object {
    +     "_id": "nr6jm9vqTerrfPuv6",
    +     "author": "hldout-mo5gnatr-6@example.com",
    +     "liked": true,
    +     "likedBy": Array [],
    +     "likesCount": 0,
    +     "message": "hldout mo5gnaiz-5",
    +     "product": "1",
    +   },
    + ]

      161 |       await journey.step(`And ${row.stays}`, async () => {
      162 |         const list = await reviews(api);
    > 163 |         if (i === 0) expect.soft(byMessage(list, message), '[REQ AC-4] PUT /rest/products/1/reviews without a token stores nothing').toEqual([]);
          |                                                                                                                                      ^
      164 |         const now = list.find((r) => r._id === review._id);
      165 |         if (i === 1) expect.soft({ likesCount: now?.likesCount, likedBy: now?.likedBy }, '[REQ AC-4] POST /rest/products/reviews without a token changes no like').toEqual({ likesCount: review.likesCount, likedBy: review.likedBy });
      166 |         if (i === 2) expect.soft(now?.message, '[REQ AC-4] PATCH /rest/products/reviews without a token changes no message').toBe(review.message);
        at ./evaluations\JS-3\tests\js-3.spec.ts:163:134
        at ./heldout-support\fixtures.ts:574:28
        at ./evaluations\JS-3\tests\js-3.spec.ts:161:7

    attachment #9: screenshot (image/png) ──────────────────────────────────────────────────────────
    evaluations\JS-3\runs\01-harden\artifacts\JS-3-tests-js-3-JS-3-Produ-b782a-sed-and-change-nothing-PUT--chromium-repeat2\test-failed-1.png
    ────────────────────────────────────────────────────────────────────────────────────────────────

    Error Context: evaluations\JS-3\runs\01-harden\artifacts\JS-3-tests-js-3-JS-3-Produ-b782a-sed-and-change-nothing-PUT--chromium-repeat2\error-context.md

    attachment #12: trace (application/zip) ────────────────────────────────────────────────────────
    evaluations\JS-3\runs\01-harden\artifacts\JS-3-tests-js-3-JS-3-Produ-b782a-sed-and-change-nothing-PUT--chromium-repeat2\trace.zip
    Usage:

        npx playwright show-trace evaluations\JS-3\runs\01-harden\artifacts\JS-3-tests-js-3-JS-3-Produ-b782a-sed-and-change-nothing-PUT--chromium-repeat2\trace.zip

    ────────────────────────────────────────────────────────────────────────────────────────────────

    Retry #1 ───────────────────────────────────────────────────────────────────────────────────────

    Error: [REQ AC-4] PUT /rest/products/1/reviews without a token → 401

    expect(received).toBe(expected) // Object.is equality

    Expected: 401
    Received: 201

      157 |       });
      158 |       await journey.step('Then the answer is HTTP 401', async () => {
    > 159 |         expect.soft(res.status, `[REQ AC-4] ${row.call.split(' ').slice(0, 2).join(' ')} without a token → 401`).toBe(REQ.STATUS.S401);
          |                                                                                                                  ^
      160 |       });
      161 |       await journey.step(`And ${row.stays}`, async () => {
      162 |         const list = await reviews(api);
        at body (./evaluations\JS-3\tests\js-3.spec.ts:159:114)
        at ./heldout-support\fixtures.ts:574:34
        at ./evaluations\JS-3\tests\js-3.spec.ts:158:7

    Error: [REQ AC-4] PUT /rest/products/1/reviews without a token stores nothing

    expect(received).toEqual(expected) // deep equality

    - Expected  -  1
    + Received  + 11

    - Array []
    + Array [
    +   Object {
    +     "_id": "Pibdgz2uhgZaqBcXT",
    +     "author": "hldout-mo5hsp8b-2@example.com",
    +     "liked": true,
    +     "likedBy": Array [],
    +     "likesCount": 0,
    +     "message": "hldout mo5hsomm-1",
    +     "product": "1",
    +   },
    + ]

      161 |       await journey.step(`And ${row.stays}`, async () => {
      162 |         const list = await reviews(api);
    > 163 |         if (i === 0) expect.soft(byMessage(list, message), '[REQ AC-4] PUT /rest/products/1/reviews without a token stores nothing').toEqual([]);
          |                                                                                                                                      ^
      164 |         const now = list.find((r) => r._id === review._id);
      165 |         if (i === 1) expect.soft({ likesCount: now?.likesCount, likedBy: now?.likedBy }, '[REQ AC-4] POST /rest/products/reviews without a token changes no like').toEqual({ likesCount: review.likesCount, likedBy: review.likedBy });
      166 |         if (i === 2) expect.soft(now?.message, '[REQ AC-4] PATCH /rest/products/reviews without a token changes no message').toBe(review.message);
        at ./evaluations\JS-3\tests\js-3.spec.ts:163:134
        at ./heldout-support\fixtures.ts:574:28
        at ./evaluations\JS-3\tests\js-3.spec.ts:161:7

    attachment #9: screenshot (image/png) ──────────────────────────────────────────────────────────
    evaluations\JS-3\runs\01-harden\artifacts\JS-3-tests-js-3-JS-3-Produ-b782a-sed-and-change-nothing-PUT--chromium-retry1-repeat2\test-failed-1.png
    ────────────────────────────────────────────────────────────────────────────────────────────────

    Error Context: evaluations\JS-3\runs\01-harden\artifacts\JS-3-tests-js-3-JS-3-Produ-b782a-sed-and-change-nothing-PUT--chromium-retry1-repeat2\error-context.md

    attachment #12: trace (application/zip) ────────────────────────────────────────────────────────
    evaluations\JS-3\runs\01-harden\artifacts\JS-3-tests-js-3-JS-3-Produ-b782a-sed-and-change-nothing-PUT--chromium-retry1-repeat2\trace.zip
    Usage:

        npx playwright show-trace evaluations\JS-3\runs\01-harden\artifacts\JS-3-tests-js-3-JS-3-Produ-b782a-sed-and-change-nothing-PUT--chromium-retry1-repeat2\trace.zip

    ────────────────────────────────────────────────────────────────────────────────────────────────

  10) [chromium] › evaluations\JS-3\tests\js-3.spec.ts:171:7 › JS-3 Product reviews — write, like and edit › SCN-005: Another customer cannot edit my review @AC-5 @type:security @layer:api @P1 

    Error: [REQ AC-5] PATCH /rest/products/reviews by another customer → 403

    expect(received).toBe(expected) // Object.is equality

    Expected: 403
    Received: 200

      177 |     });
      178 |     await journey.step('Then the answer is HTTP 403', async () => {
    > 179 |       expect.soft(res.status, '[REQ AC-5] PATCH /rest/products/reviews by another customer → 403').toBe(REQ.STATUS.S403);
          |                                                                                                    ^
      180 |     });
      181 |     await journey.step('And the review\'s message is still A\'s', async () => {
      182 |       const now = (await reviews(api)).find((r) => r._id === review._id);
        at body (./evaluations\JS-3\tests\js-3.spec.ts:179:100)
        at ./heldout-support\fixtures.ts:574:34
        at ./evaluations\JS-3\tests\js-3.spec.ts:178:5

    Error: [REQ AC-5] PATCH /rest/products/reviews by another customer leaves the message unchanged

    expect(received).toBe(expected) // Object.is equality

    Expected: "hldout mo5jtjfm-8"
    Received: "hldout mo5jxk75-10"

      181 |     await journey.step('And the review\'s message is still A\'s', async () => {
      182 |       const now = (await reviews(api)).find((r) => r._id === review._id);
    > 183 |       expect.soft(now?.message, '[REQ AC-5] PATCH /rest/products/reviews by another customer leaves the message unchanged').toBe(review.message);
          |                                                                                                                             ^
      184 |     });
      185 |   });
      186 |
        at ./evaluations\JS-3\tests\js-3.spec.ts:183:125
        at ./heldout-support\fixtures.ts:574:28
        at ./evaluations\JS-3\tests\js-3.spec.ts:181:5

    attachment #13: screenshot (image/png) ─────────────────────────────────────────────────────────
    evaluations\JS-3\runs\01-harden\artifacts\JS-3-tests-js-3-JS-3-Produ-fb7a9-tomer-cannot-edit-my-review-chromium-repeat2\test-failed-1.png
    ────────────────────────────────────────────────────────────────────────────────────────────────

    Error Context: evaluations\JS-3\runs\01-harden\artifacts\JS-3-tests-js-3-JS-3-Produ-fb7a9-tomer-cannot-edit-my-review-chromium-repeat2\error-context.md

    attachment #16: trace (application/zip) ────────────────────────────────────────────────────────
    evaluations\JS-3\runs\01-harden\artifacts\JS-3-tests-js-3-JS-3-Produ-fb7a9-tomer-cannot-edit-my-review-chromium-repeat2\trace.zip
    Usage:

        npx playwright show-trace evaluations\JS-3\runs\01-harden\artifacts\JS-3-tests-js-3-JS-3-Produ-fb7a9-tomer-cannot-edit-my-review-chromium-repeat2\trace.zip

    ────────────────────────────────────────────────────────────────────────────────────────────────

    Retry #1 ───────────────────────────────────────────────────────────────────────────────────────

    Error: [REQ AC-5] PATCH /rest/products/reviews by another customer → 403

    expect(received).toBe(expected) // Object.is equality

    Expected: 403
    Received: 200

      177 |     });
      178 |     await journey.step('Then the answer is HTTP 403', async () => {
    > 179 |       expect.soft(res.status, '[REQ AC-5] PATCH /rest/products/reviews by another customer → 403').toBe(REQ.STATUS.S403);
          |                                                                                                    ^
      180 |     });
      181 |     await journey.step('And the review\'s message is still A\'s', async () => {
      182 |       const now = (await reviews(api)).find((r) => r._id === review._id);
        at body (./evaluations\JS-3\tests\js-3.spec.ts:179:100)
        at ./heldout-support\fixtures.ts:574:34
        at ./evaluations\JS-3\tests\js-3.spec.ts:178:5

    Error: [REQ AC-5] PATCH /rest/products/reviews by another customer leaves the message unchanged

    expect(received).toBe(expected) // Object.is equality

    Expected: "hldout mo5l5wfi-2"
    Received: "hldout mo5lbz9g-4"

      181 |     await journey.step('And the review\'s message is still A\'s', async () => {
      182 |       const now = (await reviews(api)).find((r) => r._id === review._id);
    > 183 |       expect.soft(now?.message, '[REQ AC-5] PATCH /rest/products/reviews by another customer leaves the message unchanged').toBe(review.message);
          |                                                                                                                             ^
      184 |     });
      185 |   });
      186 |
        at ./evaluations\JS-3\tests\js-3.spec.ts:183:125
        at ./heldout-support\fixtures.ts:574:28
        at ./evaluations\JS-3\tests\js-3.spec.ts:181:5

    attachment #13: screenshot (image/png) ─────────────────────────────────────────────────────────
    evaluations\JS-3\runs\01-harden\artifacts\JS-3-tests-js-3-JS-3-Produ-fb7a9-tomer-cannot-edit-my-review-chromium-retry1-repeat2\test-failed-1.png
    ────────────────────────────────────────────────────────────────────────────────────────────────

    Error Context: evaluations\JS-3\runs\01-harden\artifacts\JS-3-tests-js-3-JS-3-Produ-fb7a9-tomer-cannot-edit-my-review-chromium-retry1-repeat2\error-context.md

    attachment #16: trace (application/zip) ────────────────────────────────────────────────────────
    evaluations\JS-3\runs\01-harden\artifacts\JS-3-tests-js-3-JS-3-Produ-fb7a9-tomer-cannot-edit-my-review-chromium-retry1-repeat2\trace.zip
    Usage:

        npx playwright show-trace evaluations\JS-3\runs\01-harden\artifacts\JS-3-tests-js-3-JS-3-Produ-fb7a9-tomer-cannot-edit-my-review-chromium-retry1-repeat2\trace.zip

    ────────────────────────────────────────────────────────────────────────────────────────────────

  11) [chromium] › evaluations\JS-3\tests\js-3.spec.ts:187:7 › JS-3 Product reviews — write, like and edit › SCN-006: A review's author comes from the session, not from the request @AC-6 @type:audit @layer:api @P1 › Then the stored review with my message names my e-mail as its author 

    Error: [REQ AC-6] GET /rest/products/1/reviews the review's author is my e-mail

    expect(received).toEqual(expected) // deep equality

    - Expected  - 1
    + Received  + 1

      Array [
    -   "hldout-mo5jyzhx-4@example.com",
    +   "hldout-mo5k20ba-5@example.com",
      ]

      194 |     await journey.step('Then the stored review with my message names my e-mail as its author', async () => {
      195 |       const stored = byMessage(await reviews(api), message);
    > 196 |       expect(stored.map((r) => r.author), '[REQ AC-6] GET /rest/products/1/reviews the review\'s author is my e-mail').toEqual([me.username]);
          |                                                                                                                        ^
      197 |     });
      198 |   });
      199 |
        at ./evaluations\JS-3\tests\js-3.spec.ts:196:120
        at ./heldout-support\fixtures.ts:574:28
        at ./evaluations\JS-3\tests\js-3.spec.ts:194:5

    attachment #7: screenshot (image/png) ──────────────────────────────────────────────────────────
    evaluations\JS-3\runs\01-harden\artifacts\JS-3-tests-js-3-JS-3-Produ-e9f71-ession-not-from-the-request-chromium-repeat2\test-failed-1.png
    ────────────────────────────────────────────────────────────────────────────────────────────────

    Error Context: evaluations\JS-3\runs\01-harden\artifacts\JS-3-tests-js-3-JS-3-Produ-e9f71-ession-not-from-the-request-chromium-repeat2\error-context.md

    attachment #10: trace (application/zip) ────────────────────────────────────────────────────────
    evaluations\JS-3\runs\01-harden\artifacts\JS-3-tests-js-3-JS-3-Produ-e9f71-ession-not-from-the-request-chromium-repeat2\trace.zip
    Usage:

        npx playwright show-trace evaluations\JS-3\runs\01-harden\artifacts\JS-3-tests-js-3-JS-3-Produ-e9f71-ession-not-from-the-request-chromium-repeat2\trace.zip

    ────────────────────────────────────────────────────────────────────────────────────────────────

    Retry #1 ───────────────────────────────────────────────────────────────────────────────────────

    Error: [REQ AC-6] GET /rest/products/1/reviews the review's author is my e-mail

    expect(received).toEqual(expected) // deep equality

    - Expected  - 1
    + Received  + 1

      Array [
    -   "hldout-mo5l5qon-2@example.com",
    +   "hldout-mo5lb20r-3@example.com",
      ]

      194 |     await journey.step('Then the stored review with my message names my e-mail as its author', async () => {
      195 |       const stored = byMessage(await reviews(api), message);
    > 196 |       expect(stored.map((r) => r.author), '[REQ AC-6] GET /rest/products/1/reviews the review\'s author is my e-mail').toEqual([me.username]);
          |                                                                                                                        ^
      197 |     });
      198 |   });
      199 |
        at ./evaluations\JS-3\tests\js-3.spec.ts:196:120
        at ./heldout-support\fixtures.ts:574:28
        at ./evaluations\JS-3\tests\js-3.spec.ts:194:5

    attachment #7: screenshot (image/png) ──────────────────────────────────────────────────────────
    evaluations\JS-3\runs\01-harden\artifacts\JS-3-tests-js-3-JS-3-Produ-e9f71-ession-not-from-the-request-chromium-retry1-repeat2\test-failed-1.png
    ────────────────────────────────────────────────────────────────────────────────────────────────

    Error Context: evaluations\JS-3\runs\01-harden\artifacts\JS-3-tests-js-3-JS-3-Produ-e9f71-ession-not-from-the-request-chromium-retry1-repeat2\error-context.md

    attachment #10: trace (application/zip) ────────────────────────────────────────────────────────
    evaluations\JS-3\runs\01-harden\artifacts\JS-3-tests-js-3-JS-3-Produ-e9f71-ession-not-from-the-request-chromium-retry1-repeat2\trace.zip
    Usage:

        npx playwright show-trace evaluations\JS-3\runs\01-harden\artifacts\JS-3-tests-js-3-JS-3-Produ-e9f71-ession-not-from-the-request-chromium-retry1-repeat2\trace.zip

    ────────────────────────────────────────────────────────────────────────────────────────────────

  12) [chromium] › evaluations\JS-3\tests\js-3.spec.ts:235:7 › JS-3 Product reviews — write, like and edit › SCN-009: Simultaneous likes by one customer count once @AC-8 @type:concurrency @layer:api @P1 › Then the review's likesCount has risen by exactly 1 

    Error: [REQ AC-8] GET /rest/products/1/reviews likesCount rose by exactly 1 in every round

    expect(received).toEqual(expected) // deep equality

    - Expected  - 3
    + Received  + 3

      Array [
    -   1,
    -   1,
    -   1,
    +   3,
    +   3,
    +   3,
      ]

      248 |     });
      249 |     await journey.step('Then the review\'s likesCount has risen by exactly 1', async () => {
    > 250 |       expect(rounds.map((r) => (r.after?.likesCount ?? NaN) - r.review.likesCount), '[REQ AC-8] GET /rest/products/1/reviews likesCount rose by exactly 1 in every round').toEqual(rounds.map(() => 1));
          |                                                                                                                                                                            ^
      251 |     });
      252 |     await journey.step('And B\'s e-mail appears once in its likedBy', async () => {
      253 |       expect(rounds.map((r) => (r.after?.likedBy ?? []).filter((e) => e === b.username).length), '[REQ AC-8] GET /rest/products/1/reviews the liker\'s e-mail appears once in likedBy in every round').toEqual(rounds.map(() => 1));
        at body (./evaluations\JS-3\tests\js-3.spec.ts:250:172)
        at ./heldout-support\fixtures.ts:574:34
        at ./evaluations\JS-3\tests\js-3.spec.ts:249:5

    attachment #27: screenshot (image/png) ─────────────────────────────────────────────────────────
    evaluations\JS-3\runs\01-harden\artifacts\JS-3-tests-js-3-JS-3-Produ-43fea--by-one-customer-count-once-chromium-repeat2\test-failed-1.png
    ────────────────────────────────────────────────────────────────────────────────────────────────

    Error Context: evaluations\JS-3\runs\01-harden\artifacts\JS-3-tests-js-3-JS-3-Produ-43fea--by-one-customer-count-once-chromium-repeat2\error-context.md

    attachment #30: trace (application/zip) ────────────────────────────────────────────────────────
    evaluations\JS-3\runs\01-harden\artifacts\JS-3-tests-js-3-JS-3-Produ-43fea--by-one-customer-count-once-chromium-repeat2\trace.zip
    Usage:

        npx playwright show-trace evaluations\JS-3\runs\01-harden\artifacts\JS-3-tests-js-3-JS-3-Produ-43fea--by-one-customer-count-once-chromium-repeat2\trace.zip

    ────────────────────────────────────────────────────────────────────────────────────────────────

    Retry #1 ───────────────────────────────────────────────────────────────────────────────────────

    Error: [REQ AC-8] GET /rest/products/1/reviews likesCount rose by exactly 1 in every round

    expect(received).toEqual(expected) // deep equality

    - Expected  - 2
    + Received  + 2

      Array [
        1,
    -   1,
    -   1,
    +   3,
    +   3,
      ]

      248 |     });
      249 |     await journey.step('Then the review\'s likesCount has risen by exactly 1', async () => {
    > 250 |       expect(rounds.map((r) => (r.after?.likesCount ?? NaN) - r.review.likesCount), '[REQ AC-8] GET /rest/products/1/reviews likesCount rose by exactly 1 in every round').toEqual(rounds.map(() => 1));
          |                                                                                                                                                                            ^
      251 |     });
      252 |     await journey.step('And B\'s e-mail appears once in its likedBy', async () => {
      253 |       expect(rounds.map((r) => (r.after?.likedBy ?? []).filter((e) => e === b.username).length), '[REQ AC-8] GET /rest/products/1/reviews the liker\'s e-mail appears once in likedBy in every round').toEqual(rounds.map(() => 1));
        at body (./evaluations\JS-3\tests\js-3.spec.ts:250:172)
        at ./heldout-support\fixtures.ts:574:34
        at ./evaluations\JS-3\tests\js-3.spec.ts:249:5

    attachment #27: screenshot (image/png) ─────────────────────────────────────────────────────────
    evaluations\JS-3\runs\01-harden\artifacts\JS-3-tests-js-3-JS-3-Produ-43fea--by-one-customer-count-once-chromium-retry1-repeat2\test-failed-1.png
    ────────────────────────────────────────────────────────────────────────────────────────────────

    Error Context: evaluations\JS-3\runs\01-harden\artifacts\JS-3-tests-js-3-JS-3-Produ-43fea--by-one-customer-count-once-chromium-retry1-repeat2\error-context.md

    attachment #30: trace (application/zip) ────────────────────────────────────────────────────────
    evaluations\JS-3\runs\01-harden\artifacts\JS-3-tests-js-3-JS-3-Produ-43fea--by-one-customer-count-once-chromium-retry1-repeat2\trace.zip
    Usage:

        npx playwright show-trace evaluations\JS-3\runs\01-harden\artifacts\JS-3-tests-js-3-JS-3-Produ-43fea--by-one-customer-count-once-chromium-retry1-repeat2\trace.zip

    ────────────────────────────────────────────────────────────────────────────────────────────────

  12 failed
    [chromium] › evaluations\JS-3\tests\js-3.spec.ts:150:9 › JS-3 Product reviews — write, like and edit › SCN-004.1: Writing, liking and editing without a token are refused and change nothing (PUT) @AC-4 @type:security @layer:api @P1 
    [chromium] › evaluations\JS-3\tests\js-3.spec.ts:171:7 › JS-3 Product reviews — write, like and edit › SCN-005: Another customer cannot edit my review @AC-5 @type:security @layer:api @P1 
    [chromium] › evaluations\JS-3\tests\js-3.spec.ts:187:7 › JS-3 Product reviews — write, like and edit › SCN-006: A review's author comes from the session, not from the request @AC-6 @type:audit @layer:api @P1 
    [chromium] › evaluations\JS-3\tests\js-3.spec.ts:235:7 › JS-3 Product reviews — write, like and edit › SCN-009: Simultaneous likes by one customer count once @AC-8 @type:concurrency @layer:api @P1 
    [chromium] › evaluations\JS-3\tests\js-3.spec.ts:150:9 › JS-3 Product reviews — write, like and edit › SCN-004.1: Writing, liking and editing without a token are refused and change nothing (PUT) @AC-4 @type:security @layer:api @P1 
    [chromium] › evaluations\JS-3\tests\js-3.spec.ts:171:7 › JS-3 Product reviews — write, like and edit › SCN-005: Another customer cannot edit my review @AC-5 @type:security @layer:api @P1 
    [chromium] › evaluations\JS-3\tests\js-3.spec.ts:187:7 › JS-3 Product reviews — write, like and edit › SCN-006: A review's author comes from the session, not from the request @AC-6 @type:audit @layer:api @P1 
    [chromium] › evaluations\JS-3\tests\js-3.spec.ts:235:7 › JS-3 Product reviews — write, like and edit › SCN-009: Simultaneous likes by one customer count once @AC-8 @type:concurrency @layer:api @P1 
    [chromium] › evaluations\JS-3\tests\js-3.spec.ts:150:9 › JS-3 Product reviews — write, like and edit › SCN-004.1: Writing, liking and editing without a token are refused and change nothing (PUT) @AC-4 @type:security @layer:api @P1 
    [chromium] › evaluations\JS-3\tests\js-3.spec.ts:171:7 › JS-3 Product reviews — write, like and edit › SCN-005: Another customer cannot edit my review @AC-5 @type:security @layer:api @P1 
    [chromium] › evaluations\JS-3\tests\js-3.spec.ts:187:7 › JS-3 Product reviews — write, like and edit › SCN-006: A review's author comes from the session, not from the request @AC-6 @type:audit @layer:api @P1 
    [chromium] › evaluations\JS-3\tests\js-3.spec.ts:235:7 › JS-3 Product reviews — write, like and edit › SCN-009: Simultaneous likes by one customer count once @AC-8 @type:concurrency @layer:api @P1 
  42 passed (1.3m)
