
Running 18 tests using 4 workers

  ok  2 [chromium] › evaluations\TOOL-3\tests\tool-3.spec.ts:110:7 › TOOL-3 Shopping cart for guests › SCN-001: A guest creates an empty cart @AC-1 @type:functional @layer:api @P1 (1.9s)
  x   3 [chromium] › evaluations\TOOL-3\tests\tool-3.spec.ts:148:7 › TOOL-3 Shopping cart for guests › SCN-003: Adding a product already in the cart increases its quantity by the amount added @AC-2 @type:functional @layer:api @P1 (2.0s)
  ok  4 [chromium] › evaluations\TOOL-3\tests\tool-3.spec.ts:131:9 › TOOL-3 Shopping cart for guests › SCN-002.1: Adding a product with a quantity on the limits of 1–99 (quantity 1) @AC-2 @type:boundary @layer:api @P1 (2.9s)
  ok  1 [chromium] › evaluations\TOOL-3\tests\tool-3.spec.ts:131:9 › TOOL-3 Shopping cart for guests › SCN-002.2: Adding a product with a quantity on the limits of 1–99 (quantity 99) @AC-2 @type:boundary @layer:api @P1 (3.0s)
  ok  5 [chromium] › evaluations\TOOL-3\tests\tool-3.spec.ts:164:9 › TOOL-3 Shopping cart for guests › SCN-004.1: A quantity just outside 1–99 is rejected and the cart is unchanged (quantity 0) @AC-3 @type:boundary @layer:api @P1 (3.2s)
  ok  6 [chromium] › evaluations\TOOL-3\tests\tool-3.spec.ts:164:9 › TOOL-3 Shopping cart for guests › SCN-004.2: A quantity just outside 1–99 is rejected and the cart is unchanged (quantity 100) @AC-3 @type:boundary @layer:api @P1 (3.3s)
  ok  8 [chromium] › evaluations\TOOL-3\tests\tool-3.spec.ts:148:7 › TOOL-3 Shopping cart for guests › SCN-003: Adding a product already in the cart increases its quantity by the amount added @AC-2 @type:functional @layer:api @P1 (retry #1) (3.4s)
  ok  7 [chromium] › evaluations\TOOL-3\tests\tool-3.spec.ts:205:7 › TOOL-3 Shopping cart for guests › SCN-005: Adding a product from its product page shows the confirmation @AC-4 @type:functional @layer:ui @P1 (3.9s)
  ok 12 [chromium] › evaluations\TOOL-3\tests\tool-3.spec.ts:280:7 › TOOL-3 Shopping cart for guests › SCN-009: Removing a product from the cart @AC-6 @type:functional @layer:api @P1 (3.7s)
  ok 10 [chromium] › evaluations\TOOL-3\tests\tool-3.spec.ts:235:7 › TOOL-3 Shopping cart for guests › SCN-007: The cart page lists each product with quantity, unit price and line total @AC-5 @type:functional @layer:ui @P1 (4.8s)
  ok 11 [chromium] › evaluations\TOOL-3\tests\tool-3.spec.ts:265:7 › TOOL-3 Shopping cart for guests › SCN-008: The cart total equals the sum of the line totals @AC-5 @type:functional @layer:ui @P2 (5.2s)
  ok 13 [chromium] › evaluations\TOOL-3\tests\tool-3.spec.ts:302:7 › TOOL-3 Shopping cart for guests › SCN-010: Deleting a cart @AC-7 @type:functional @layer:api @P1 (1.9s)
  ok 15 [chromium] › evaluations\TOOL-3\tests\tool-3.spec.ts:327:9 › TOOL-3 Shopping cart for guests › SCN-012.1: A request for a cart that does not exist is answered 404 "Cart not found" (add the product (POST /carts/{id})) @AC-8 @type:negative @layer:api @P1 (2.0s)
  x  14 [chromium] › evaluations\TOOL-3\tests\tool-3.spec.ts:311:7 › TOOL-3 Shopping cart for guests › SCN-011: Deleting a cart that was already deleted @AC-7 @type:idempotency @layer:api @P1 (2.1s)
  x  16 [chromium] › evaluations\TOOL-3\tests\tool-3.spec.ts:327:9 › TOOL-3 Shopping cart for guests › SCN-012.2: A request for a cart that does not exist is answered 404 "Cart not found" (remove the product (DELETE /carts/{id}/product/{productId})) @AC-8 @type:negative @layer:api @P1 (2.1s)
  x   9 [chromium] › evaluations\TOOL-3\tests\tool-3.spec.ts:214:7 › TOOL-3 Shopping cart for guests › SCN-006: The cart icon shows the total number of items after adding from the product page @AC-4 @type:functional @layer:ui @P2 (8.9s)
  x  17 [chromium] › evaluations\TOOL-3\tests\tool-3.spec.ts:327:9 › TOOL-3 Shopping cart for guests › SCN-012.3: A request for a cart that does not exist is answered 404 "Cart not found" (read the cart) @AC-8 @type:negative @layer:api @P1 (2.0s)
  x  18 [chromium] › evaluations\TOOL-3\tests\tool-3.spec.ts:311:7 › TOOL-3 Shopping cart for guests › SCN-011: Deleting a cart that was already deleted @AC-7 @type:idempotency @layer:api @P1 (retry #1) (1.8s)
  x  19 [chromium] › evaluations\TOOL-3\tests\tool-3.spec.ts:327:9 › TOOL-3 Shopping cart for guests › SCN-012.2: A request for a cart that does not exist is answered 404 "Cart not found" (remove the product (DELETE /carts/{id}/product/{productId})) @AC-8 @type:negative @layer:api @P1 (retry #1) (2.8s)
  x  22 [chromium] › evaluations\TOOL-3\tests\tool-3.spec.ts:341:7 › TOOL-3 Shopping cart for guests › SCN-013: Deleting a cart that does not exist is answered 404 "Cart not found" @AC-8 @type:negative @layer:api @P2 (1.7s)
  x  21 [chromium] › evaluations\TOOL-3\tests\tool-3.spec.ts:327:9 › TOOL-3 Shopping cart for guests › SCN-012.3: A request for a cart that does not exist is answered 404 "Cart not found" (read the cart) @AC-8 @type:negative @layer:api @P1 (retry #1) (2.5s)
  x  24 [chromium] › evaluations\TOOL-3\tests\tool-3.spec.ts:341:7 › TOOL-3 Shopping cart for guests › SCN-013: Deleting a cart that does not exist is answered 404 "Cart not found" @AC-8 @type:negative @layer:api @P2 (retry #1) (2.0s)
  ok 23 [chromium] › evaluations\TOOL-3\tests\tool-3.spec.ts:353:7 › TOOL-3 Shopping cart for guests › SCN-014: A guest cart from creation to deletion @AC-1 @AC-2 @AC-6 @AC-7 @type:composition @layer:api @P1 (4.3s)
  x  20 [chromium] › evaluations\TOOL-3\tests\tool-3.spec.ts:214:7 › TOOL-3 Shopping cart for guests › SCN-006: The cart icon shows the total number of items after adding from the product page @AC-4 @type:functional @layer:ui @P2 (retry #1) (9.3s)


  1) [chromium] › evaluations\TOOL-3\tests\tool-3.spec.ts:214:7 › TOOL-3 Shopping cart for guests › SCN-006: The cart icon shows the total number of items after adding from the product page @AC-4 @type:functional @layer:ui @P2 › Then the cart icon in the navigation shows 3 

    Error: [REQ AC-4] cart icon shows the total number of items (3)

    expect(locator).toHaveText(expected) failed

    Locator: getByTestId('nav-cart')
    Expected pattern: /\b3\b/
    Timeout: 5000ms
    Error: element(s) not found

    Call log:
      - [REQ AC-4] cart icon shows the total number of items (3) getByTestId('nav-cart') with timeout 5000ms
      - waiting for getByTestId('nav-cart')


      217 |     await addFromProductPage(page, journey, product, seed, api);
      218 |     await journey.step('Then the cart icon in the navigation shows 3', async () => {
    > 219 |       await expect(page.getByTestId('nav-cart'), '[REQ AC-4] cart icon shows the total number of items (3)').toHaveText(new RegExp(`\\b${REQ.UI_QTY}\\b`));
          |                                                                                                              ^
      220 |     });
      221 |   });
      222 |
        at body (./evaluations\TOOL-3\tests\tool-3.spec.ts:219:110)
        at ./heldout-support\fixtures.ts:574:34
        at ./evaluations\TOOL-3\tests\tool-3.spec.ts:218:5

    attachment #2: aria-snapshot 05-failed-then-the-cart-icon-in-the-navigation-shows-3 (text/yaml) 
    # url: https://practicesoftwaretesting.com/product/01M3QJXQJHDB71SAG06CVTHSEY
    # step: FAILED Then the cart icon in the navigation shows 3
    - text: View the
    - link "Documentation":
      - /url: https://testsmith-io.github.io/practice-software-testing/#/
    - text: for this application. Practice Black Box Te...
    ────────────────────────────────────────────────────────────────────────────────────────────────

    attachment #3: screenshot (image/png) ──────────────────────────────────────────────────────────
    evaluations\TOOL-3\runs\01-harden\artifacts\TOOL-3-tests-tool-3-TOOL-3-3d81d-dding-from-the-product-page-chromium\test-failed-1.png
    ────────────────────────────────────────────────────────────────────────────────────────────────

    Error Context: evaluations\TOOL-3\runs\01-harden\artifacts\TOOL-3-tests-tool-3-TOOL-3-3d81d-dding-from-the-product-page-chromium\error-context.md

    attachment #7: trace (application/zip) ─────────────────────────────────────────────────────────
    evaluations\TOOL-3\runs\01-harden\artifacts\TOOL-3-tests-tool-3-TOOL-3-3d81d-dding-from-the-product-page-chromium\trace.zip
    Usage:

        npx playwright show-trace evaluations\TOOL-3\runs\01-harden\artifacts\TOOL-3-tests-tool-3-TOOL-3-3d81d-dding-from-the-product-page-chromium\trace.zip

    ────────────────────────────────────────────────────────────────────────────────────────────────

    Retry #1 ───────────────────────────────────────────────────────────────────────────────────────

    Error: [REQ AC-4] cart icon shows the total number of items (3)

    expect(locator).toHaveText(expected) failed

    Locator: getByTestId('nav-cart')
    Expected pattern: /\b3\b/
    Timeout: 5000ms
    Error: element(s) not found

    Call log:
      - [REQ AC-4] cart icon shows the total number of items (3) getByTestId('nav-cart') with timeout 5000ms
      - waiting for getByTestId('nav-cart')


      217 |     await addFromProductPage(page, journey, product, seed, api);
      218 |     await journey.step('Then the cart icon in the navigation shows 3', async () => {
    > 219 |       await expect(page.getByTestId('nav-cart'), '[REQ AC-4] cart icon shows the total number of items (3)').toHaveText(new RegExp(`\\b${REQ.UI_QTY}\\b`));
          |                                                                                                              ^
      220 |     });
      221 |   });
      222 |
        at body (./evaluations\TOOL-3\tests\tool-3.spec.ts:219:110)
        at ./heldout-support\fixtures.ts:574:34
        at ./evaluations\TOOL-3\tests\tool-3.spec.ts:218:5

    attachment #2: aria-snapshot 05-failed-then-the-cart-icon-in-the-navigation-shows-3 (text/yaml) 
    # url: https://practicesoftwaretesting.com/product/01M3QJXQJHDB71SAG06CVTHSEY
    # step: FAILED Then the cart icon in the navigation shows 3
    - text: View the
    - link "Documentation":
      - /url: https://testsmith-io.github.io/practice-software-testing/#/
    - text: for this application. Practice Black Box Te...
    ────────────────────────────────────────────────────────────────────────────────────────────────

    attachment #3: screenshot (image/png) ──────────────────────────────────────────────────────────
    evaluations\TOOL-3\runs\01-harden\artifacts\TOOL-3-tests-tool-3-TOOL-3-3d81d-dding-from-the-product-page-chromium-retry1\test-failed-1.png
    ────────────────────────────────────────────────────────────────────────────────────────────────

    Error Context: evaluations\TOOL-3\runs\01-harden\artifacts\TOOL-3-tests-tool-3-TOOL-3-3d81d-dding-from-the-product-page-chromium-retry1\error-context.md

    attachment #7: trace (application/zip) ─────────────────────────────────────────────────────────
    evaluations\TOOL-3\runs\01-harden\artifacts\TOOL-3-tests-tool-3-TOOL-3-3d81d-dding-from-the-product-page-chromium-retry1\trace.zip
    Usage:

        npx playwright show-trace evaluations\TOOL-3\runs\01-harden\artifacts\TOOL-3-tests-tool-3-TOOL-3-3d81d-dding-from-the-product-page-chromium-retry1\trace.zip

    ────────────────────────────────────────────────────────────────────────────────────────────────

  2) [chromium] › evaluations\TOOL-3\tests\tool-3.spec.ts:311:7 › TOOL-3 Shopping cart for guests › SCN-011: Deleting a cart that was already deleted @AC-7 @type:idempotency @layer:api @P1 › Then the response status is 204 

    Error: [REQ AC-7] DELETE /carts/{id} of an already-deleted cart responds 204 → 204

    expect(received).toBe(expected) // Object.is equality

    Expected: 204
    Received: 404

       at ..\heldout-support\fixtures.ts:282

      280 |  */
      281 | export function expectResponse(res: ApiResponse, expected: { status: number; body?: unknown }, message: string): void {
    > 282 |   expect.soft(res.status, `${message} → ${expected.status}`).toBe(expected.status);
          |                                                              ^
      283 |   if ('body' in expected) expect.soft(res.body, `${message} → body`).toEqual(expected.body);
      284 | }
      285 |
        at expectResponse (./heldout-support\fixtures.ts:282:62)
        at body (./evaluations\TOOL-3\tests\tool-3.spec.ts:316:21)
        at ./heldout-support\fixtures.ts:574:34
        at ./evaluations\TOOL-3\tests\tool-3.spec.ts:315:5

    attachment #4: screenshot (image/png) ──────────────────────────────────────────────────────────
    evaluations\TOOL-3\runs\01-harden\artifacts\TOOL-3-tests-tool-3-TOOL-3-62fdf-rt-that-was-already-deleted-chromium\test-failed-1.png
    ────────────────────────────────────────────────────────────────────────────────────────────────

    Error Context: evaluations\TOOL-3\runs\01-harden\artifacts\TOOL-3-tests-tool-3-TOOL-3-62fdf-rt-that-was-already-deleted-chromium\error-context.md

    attachment #7: trace (application/zip) ─────────────────────────────────────────────────────────
    evaluations\TOOL-3\runs\01-harden\artifacts\TOOL-3-tests-tool-3-TOOL-3-62fdf-rt-that-was-already-deleted-chromium\trace.zip
    Usage:

        npx playwright show-trace evaluations\TOOL-3\runs\01-harden\artifacts\TOOL-3-tests-tool-3-TOOL-3-62fdf-rt-that-was-already-deleted-chromium\trace.zip

    ────────────────────────────────────────────────────────────────────────────────────────────────

    Retry #1 ───────────────────────────────────────────────────────────────────────────────────────

    Error: [REQ AC-7] DELETE /carts/{id} of an already-deleted cart responds 204 → 204

    expect(received).toBe(expected) // Object.is equality

    Expected: 204
    Received: 404

       at ..\heldout-support\fixtures.ts:282

      280 |  */
      281 | export function expectResponse(res: ApiResponse, expected: { status: number; body?: unknown }, message: string): void {
    > 282 |   expect.soft(res.status, `${message} → ${expected.status}`).toBe(expected.status);
          |                                                              ^
      283 |   if ('body' in expected) expect.soft(res.body, `${message} → body`).toEqual(expected.body);
      284 | }
      285 |
        at expectResponse (./heldout-support\fixtures.ts:282:62)
        at body (./evaluations\TOOL-3\tests\tool-3.spec.ts:316:21)
        at ./heldout-support\fixtures.ts:574:34
        at ./evaluations\TOOL-3\tests\tool-3.spec.ts:315:5

    attachment #4: screenshot (image/png) ──────────────────────────────────────────────────────────
    evaluations\TOOL-3\runs\01-harden\artifacts\TOOL-3-tests-tool-3-TOOL-3-62fdf-rt-that-was-already-deleted-chromium-retry1\test-failed-1.png
    ────────────────────────────────────────────────────────────────────────────────────────────────

    Error Context: evaluations\TOOL-3\runs\01-harden\artifacts\TOOL-3-tests-tool-3-TOOL-3-62fdf-rt-that-was-already-deleted-chromium-retry1\error-context.md

    attachment #7: trace (application/zip) ─────────────────────────────────────────────────────────
    evaluations\TOOL-3\runs\01-harden\artifacts\TOOL-3-tests-tool-3-TOOL-3-62fdf-rt-that-was-already-deleted-chromium-retry1\trace.zip
    Usage:

        npx playwright show-trace evaluations\TOOL-3\runs\01-harden\artifacts\TOOL-3-tests-tool-3-TOOL-3-62fdf-rt-that-was-already-deleted-chromium-retry1\trace.zip

    ────────────────────────────────────────────────────────────────────────────────────────────────

  3) [chromium] › evaluations\TOOL-3\tests\tool-3.spec.ts:327:9 › TOOL-3 Shopping cart for guests › SCN-012.2: A request for a cart that does not exist is answered 404 "Cart not found" (remove the product (DELETE /carts/{id}/product/{productId})) @AC-8 @type:negative @layer:api @P1 › And the message is "Cart not found" 

    Error: [REQ AC-8] remove the product (DELETE /carts/{id}/product/{productId}) of a missing cart says "Cart not found"

    expect(received).toBe(expected) // Object.is equality

    Expected: "Cart not found"
    Received: "Cart doesnt exists"

      334 |       });
      335 |       await journey.step('And the message is "Cart not found"', async () => {
    > 336 |         expect(messageOf(res.body), `[REQ AC-8] ${row.request} of a missing cart says "Cart not found"`).toBe(REQ.CART_NOT_FOUND);
          |                                                                                                          ^
      337 |       });
      338 |     });
      339 |   });
        at body (./evaluations\TOOL-3\tests\tool-3.spec.ts:336:106)
        at ./heldout-support\fixtures.ts:574:34
        at ./evaluations\TOOL-3\tests\tool-3.spec.ts:335:7

    attachment #5: screenshot (image/png) ──────────────────────────────────────────────────────────
    evaluations\TOOL-3\runs\01-harden\artifacts\TOOL-3-tests-tool-3-TOOL-3-30d2d-carts-id-product-productId--chromium\test-failed-1.png
    ────────────────────────────────────────────────────────────────────────────────────────────────

    Error Context: evaluations\TOOL-3\runs\01-harden\artifacts\TOOL-3-tests-tool-3-TOOL-3-30d2d-carts-id-product-productId--chromium\error-context.md

    attachment #8: trace (application/zip) ─────────────────────────────────────────────────────────
    evaluations\TOOL-3\runs\01-harden\artifacts\TOOL-3-tests-tool-3-TOOL-3-30d2d-carts-id-product-productId--chromium\trace.zip
    Usage:

        npx playwright show-trace evaluations\TOOL-3\runs\01-harden\artifacts\TOOL-3-tests-tool-3-TOOL-3-30d2d-carts-id-product-productId--chromium\trace.zip

    ────────────────────────────────────────────────────────────────────────────────────────────────

    Retry #1 ───────────────────────────────────────────────────────────────────────────────────────

    Error: [REQ AC-8] remove the product (DELETE /carts/{id}/product/{productId}) of a missing cart says "Cart not found"

    expect(received).toBe(expected) // Object.is equality

    Expected: "Cart not found"
    Received: "Cart doesnt exists"

      334 |       });
      335 |       await journey.step('And the message is "Cart not found"', async () => {
    > 336 |         expect(messageOf(res.body), `[REQ AC-8] ${row.request} of a missing cart says "Cart not found"`).toBe(REQ.CART_NOT_FOUND);
          |                                                                                                          ^
      337 |       });
      338 |     });
      339 |   });
        at body (./evaluations\TOOL-3\tests\tool-3.spec.ts:336:106)
        at ./heldout-support\fixtures.ts:574:34
        at ./evaluations\TOOL-3\tests\tool-3.spec.ts:335:7

    attachment #5: screenshot (image/png) ──────────────────────────────────────────────────────────
    evaluations\TOOL-3\runs\01-harden\artifacts\TOOL-3-tests-tool-3-TOOL-3-30d2d-carts-id-product-productId--chromium-retry1\test-failed-1.png
    ────────────────────────────────────────────────────────────────────────────────────────────────

    Error Context: evaluations\TOOL-3\runs\01-harden\artifacts\TOOL-3-tests-tool-3-TOOL-3-30d2d-carts-id-product-productId--chromium-retry1\error-context.md

    attachment #8: trace (application/zip) ─────────────────────────────────────────────────────────
    evaluations\TOOL-3\runs\01-harden\artifacts\TOOL-3-tests-tool-3-TOOL-3-30d2d-carts-id-product-productId--chromium-retry1\trace.zip
    Usage:

        npx playwright show-trace evaluations\TOOL-3\runs\01-harden\artifacts\TOOL-3-tests-tool-3-TOOL-3-30d2d-carts-id-product-productId--chromium-retry1\trace.zip

    ────────────────────────────────────────────────────────────────────────────────────────────────

  4) [chromium] › evaluations\TOOL-3\tests\tool-3.spec.ts:327:9 › TOOL-3 Shopping cart for guests › SCN-012.3: A request for a cart that does not exist is answered 404 "Cart not found" (read the cart) @AC-8 @type:negative @layer:api @P1 › And the message is "Cart not found" 

    Error: [REQ AC-8] read the cart of a missing cart says "Cart not found"

    expect(received).toBe(expected) // Object.is equality

    Expected: "Cart not found"
    Received: "Requested item not found"

      334 |       });
      335 |       await journey.step('And the message is "Cart not found"', async () => {
    > 336 |         expect(messageOf(res.body), `[REQ AC-8] ${row.request} of a missing cart says "Cart not found"`).toBe(REQ.CART_NOT_FOUND);
          |                                                                                                          ^
      337 |       });
      338 |     });
      339 |   });
        at body (./evaluations\TOOL-3\tests\tool-3.spec.ts:336:106)
        at ./heldout-support\fixtures.ts:574:34
        at ./evaluations\TOOL-3\tests\tool-3.spec.ts:335:7

    attachment #5: screenshot (image/png) ──────────────────────────────────────────────────────────
    evaluations\TOOL-3\runs\01-harden\artifacts\TOOL-3-tests-tool-3-TOOL-3-e19fd-rt-not-found-read-the-cart--chromium\test-failed-1.png
    ────────────────────────────────────────────────────────────────────────────────────────────────

    Error Context: evaluations\TOOL-3\runs\01-harden\artifacts\TOOL-3-tests-tool-3-TOOL-3-e19fd-rt-not-found-read-the-cart--chromium\error-context.md

    attachment #8: trace (application/zip) ─────────────────────────────────────────────────────────
    evaluations\TOOL-3\runs\01-harden\artifacts\TOOL-3-tests-tool-3-TOOL-3-e19fd-rt-not-found-read-the-cart--chromium\trace.zip
    Usage:

        npx playwright show-trace evaluations\TOOL-3\runs\01-harden\artifacts\TOOL-3-tests-tool-3-TOOL-3-e19fd-rt-not-found-read-the-cart--chromium\trace.zip

    ────────────────────────────────────────────────────────────────────────────────────────────────

    Retry #1 ───────────────────────────────────────────────────────────────────────────────────────

    Error: [REQ AC-8] read the cart of a missing cart says "Cart not found"

    expect(received).toBe(expected) // Object.is equality

    Expected: "Cart not found"
    Received: "Requested item not found"

      334 |       });
      335 |       await journey.step('And the message is "Cart not found"', async () => {
    > 336 |         expect(messageOf(res.body), `[REQ AC-8] ${row.request} of a missing cart says "Cart not found"`).toBe(REQ.CART_NOT_FOUND);
          |                                                                                                          ^
      337 |       });
      338 |     });
      339 |   });
        at body (./evaluations\TOOL-3\tests\tool-3.spec.ts:336:106)
        at ./heldout-support\fixtures.ts:574:34
        at ./evaluations\TOOL-3\tests\tool-3.spec.ts:335:7

    attachment #5: screenshot (image/png) ──────────────────────────────────────────────────────────
    evaluations\TOOL-3\runs\01-harden\artifacts\TOOL-3-tests-tool-3-TOOL-3-e19fd-rt-not-found-read-the-cart--chromium-retry1\test-failed-1.png
    ────────────────────────────────────────────────────────────────────────────────────────────────

    Error Context: evaluations\TOOL-3\runs\01-harden\artifacts\TOOL-3-tests-tool-3-TOOL-3-e19fd-rt-not-found-read-the-cart--chromium-retry1\error-context.md

    attachment #8: trace (application/zip) ─────────────────────────────────────────────────────────
    evaluations\TOOL-3\runs\01-harden\artifacts\TOOL-3-tests-tool-3-TOOL-3-e19fd-rt-not-found-read-the-cart--chromium-retry1\trace.zip
    Usage:

        npx playwright show-trace evaluations\TOOL-3\runs\01-harden\artifacts\TOOL-3-tests-tool-3-TOOL-3-e19fd-rt-not-found-read-the-cart--chromium-retry1\trace.zip

    ────────────────────────────────────────────────────────────────────────────────────────────────

  5) [chromium] › evaluations\TOOL-3\tests\tool-3.spec.ts:341:7 › TOOL-3 Shopping cart for guests › SCN-013: Deleting a cart that does not exist is answered 404 "Cart not found" @AC-8 @type:negative @layer:api @P2 › And the message is "Cart not found" 

    Error: [REQ AC-8] DELETE /carts/{id} of a missing cart says "Cart not found"

    expect(received).toBe(expected) // Object.is equality

    Expected: "Cart not found"
    Received: "Cart doesnt exists"

      347 |     });
      348 |     await journey.step('And the message is "Cart not found"', async () => {
    > 349 |       expect(messageOf(res.body), '[REQ AC-8] DELETE /carts/{id} of a missing cart says "Cart not found"').toBe(REQ.CART_NOT_FOUND);
          |                                                                                                            ^
      350 |     });
      351 |   });
      352 |
        at body (./evaluations\TOOL-3\tests\tool-3.spec.ts:349:108)
        at ./heldout-support\fixtures.ts:574:34
        at ./evaluations\TOOL-3\tests\tool-3.spec.ts:348:5

    attachment #4: screenshot (image/png) ──────────────────────────────────────────────────────────
    evaluations\TOOL-3\runs\01-harden\artifacts\TOOL-3-tests-tool-3-TOOL-3-7ae1b-nswered-404-Cart-not-found--chromium\test-failed-1.png
    ────────────────────────────────────────────────────────────────────────────────────────────────

    Error Context: evaluations\TOOL-3\runs\01-harden\artifacts\TOOL-3-tests-tool-3-TOOL-3-7ae1b-nswered-404-Cart-not-found--chromium\error-context.md

    attachment #7: trace (application/zip) ─────────────────────────────────────────────────────────
    evaluations\TOOL-3\runs\01-harden\artifacts\TOOL-3-tests-tool-3-TOOL-3-7ae1b-nswered-404-Cart-not-found--chromium\trace.zip
    Usage:

        npx playwright show-trace evaluations\TOOL-3\runs\01-harden\artifacts\TOOL-3-tests-tool-3-TOOL-3-7ae1b-nswered-404-Cart-not-found--chromium\trace.zip

    ────────────────────────────────────────────────────────────────────────────────────────────────

    Retry #1 ───────────────────────────────────────────────────────────────────────────────────────

    Error: [REQ AC-8] DELETE /carts/{id} of a missing cart says "Cart not found"

    expect(received).toBe(expected) // Object.is equality

    Expected: "Cart not found"
    Received: "Cart doesnt exists"

      347 |     });
      348 |     await journey.step('And the message is "Cart not found"', async () => {
    > 349 |       expect(messageOf(res.body), '[REQ AC-8] DELETE /carts/{id} of a missing cart says "Cart not found"').toBe(REQ.CART_NOT_FOUND);
          |                                                                                                            ^
      350 |     });
      351 |   });
      352 |
        at body (./evaluations\TOOL-3\tests\tool-3.spec.ts:349:108)
        at ./heldout-support\fixtures.ts:574:34
        at ./evaluations\TOOL-3\tests\tool-3.spec.ts:348:5

    attachment #4: screenshot (image/png) ──────────────────────────────────────────────────────────
    evaluations\TOOL-3\runs\01-harden\artifacts\TOOL-3-tests-tool-3-TOOL-3-7ae1b-nswered-404-Cart-not-found--chromium-retry1\test-failed-1.png
    ────────────────────────────────────────────────────────────────────────────────────────────────

    Error Context: evaluations\TOOL-3\runs\01-harden\artifacts\TOOL-3-tests-tool-3-TOOL-3-7ae1b-nswered-404-Cart-not-found--chromium-retry1\error-context.md

    attachment #7: trace (application/zip) ─────────────────────────────────────────────────────────
    evaluations\TOOL-3\runs\01-harden\artifacts\TOOL-3-tests-tool-3-TOOL-3-7ae1b-nswered-404-Cart-not-found--chromium-retry1\trace.zip
    Usage:

        npx playwright show-trace evaluations\TOOL-3\runs\01-harden\artifacts\TOOL-3-tests-tool-3-TOOL-3-7ae1b-nswered-404-Cart-not-found--chromium-retry1\trace.zip

    ────────────────────────────────────────────────────────────────────────────────────────────────

  6) [chromium] › evaluations\TOOL-3\tests\tool-3.spec.ts:148:7 › TOOL-3 Shopping cart for guests › SCN-003: Adding a product already in the cart increases its quantity by the amount added @AC-2 @type:functional @layer:api @P1 › Given I created a cart holding 2 of a product that is in stock › [SEED] guest cart with 2× Thor Hammer 

    Error: [SEED] guest cart with 2× Thor Hammer: precondition could not be established — add Thor Hammer (seed)

    expect(received).toBeLessThan(expected)

    Expected: < 300
    Received:   400

       at ..\heldout-support\fixtures.ts:364

      362 |       } catch (err) {
      363 |         rec.error = (err as Error).message.split('\n')[0];
    > 364 |         throw new Error(`[SEED] ${rec.label}: precondition could not be established — ${(err as Error).message}`);
          |               ^
      365 |       }
      366 |     };
      367 |     const seedApi: Seed = {
        at pre (./heldout-support\fixtures.ts:364:15)
        at Object.create (./heldout-support\fixtures.ts:371:25)
        at ./evaluations\TOOL-3\tests\tool-3.spec.ts:152:12
        at ./heldout-support\fixtures.ts:574:28
        at ./evaluations\TOOL-3\tests\tool-3.spec.ts:150:5

    attachment #4: screenshot (image/png) ──────────────────────────────────────────────────────────
    evaluations\TOOL-3\runs\01-harden\artifacts\TOOL-3-tests-tool-3-TOOL-3-8ccb9-uantity-by-the-amount-added-chromium\test-failed-1.png
    ────────────────────────────────────────────────────────────────────────────────────────────────

    Error Context: evaluations\TOOL-3\runs\01-harden\artifacts\TOOL-3-tests-tool-3-TOOL-3-8ccb9-uantity-by-the-amount-added-chromium\error-context.md

    attachment #7: trace (application/zip) ─────────────────────────────────────────────────────────
    evaluations\TOOL-3\runs\01-harden\artifacts\TOOL-3-tests-tool-3-TOOL-3-8ccb9-uantity-by-the-amount-added-chromium\trace.zip
    Usage:

        npx playwright show-trace evaluations\TOOL-3\runs\01-harden\artifacts\TOOL-3-tests-tool-3-TOOL-3-8ccb9-uantity-by-the-amount-added-chromium\trace.zip

    ────────────────────────────────────────────────────────────────────────────────────────────────

  5 failed
    [chromium] › evaluations\TOOL-3\tests\tool-3.spec.ts:214:7 › TOOL-3 Shopping cart for guests › SCN-006: The cart icon shows the total number of items after adding from the product page @AC-4 @type:functional @layer:ui @P2 
    [chromium] › evaluations\TOOL-3\tests\tool-3.spec.ts:311:7 › TOOL-3 Shopping cart for guests › SCN-011: Deleting a cart that was already deleted @AC-7 @type:idempotency @layer:api @P1 
    [chromium] › evaluations\TOOL-3\tests\tool-3.spec.ts:327:9 › TOOL-3 Shopping cart for guests › SCN-012.2: A request for a cart that does not exist is answered 404 "Cart not found" (remove the product (DELETE /carts/{id}/product/{productId})) @AC-8 @type:negative @layer:api @P1 
    [chromium] › evaluations\TOOL-3\tests\tool-3.spec.ts:327:9 › TOOL-3 Shopping cart for guests › SCN-012.3: A request for a cart that does not exist is answered 404 "Cart not found" (read the cart) @AC-8 @type:negative @layer:api @P1 
    [chromium] › evaluations\TOOL-3\tests\tool-3.spec.ts:341:7 › TOOL-3 Shopping cart for guests › SCN-013: Deleting a cart that does not exist is answered 404 "Cart not found" @AC-8 @type:negative @layer:api @P2 
  1 flaky
    [chromium] › evaluations\TOOL-3\tests\tool-3.spec.ts:148:7 › TOOL-3 Shopping cart for guests › SCN-003: Adding a product already in the cart increases its quantity by the amount added @AC-2 @type:functional @layer:api @P1 
  12 passed (26.6s)
