
Running 16 tests using 2 workers

  ok  1 [chromium] › evaluations\JS-2\tests\js-2.spec.ts:51:7 › JS-2 Customer registration, login and basket › SCN-001: A visitor registers with a unique e-mail and a rule-compliant password @AC-1 @type:functional @layer:api @P1 (1.3s)
  ok  2 [chromium] › evaluations\JS-2\tests\js-2.spec.ts:66:7 › JS-2 Customer registration, login and basket › SCN-002: Registering an e-mail that already belongs to a customer is rejected @AC-2 @type:negative @layer:api @P1 (1.3s)
  x   4 [chromium] › evaluations\JS-2\tests\js-2.spec.ts:96:9 › JS-2 Customer registration, login and basket › SCN-003.2: A password shorter than 5 characters is rejected and no customer is created (3 characters) @AC-3 @type:boundary @layer:api @P1 (259ms)
  x   3 [chromium] › evaluations\JS-2\tests\js-2.spec.ts:96:9 › JS-2 Customer registration, login and basket › SCN-003.1: A password shorter than 5 characters is rejected and no customer is created (4 characters) @AC-3 @type:boundary @layer:api @P1 (275ms)
  x   5 [chromium] › evaluations\JS-2\tests\js-2.spec.ts:96:9 › JS-2 Customer registration, login and basket › SCN-003.2: A password shorter than 5 characters is rejected and no customer is created (3 characters) @AC-3 @type:boundary @layer:api @P1 (retry #1) (772ms)
  x   6 [chromium] › evaluations\JS-2\tests\js-2.spec.ts:96:9 › JS-2 Customer registration, login and basket › SCN-003.1: A password shorter than 5 characters is rejected and no customer is created (4 characters) @AC-3 @type:boundary @layer:api @P1 (retry #1) (755ms)
  ok  7 [chromium] › evaluations\JS-2\tests\js-2.spec.ts:114:7 › JS-2 Customer registration, login and basket › SCN-005: A registered customer logs in and receives a JWT and their basket id @AC-4 @type:functional @layer:api @P1 (734ms)
  x   9 [chromium] › evaluations\JS-2\tests\js-2.spec.ts:173:7 › JS-2 Customer registration, login and basket › SCN-007: A customer reads their own basket but never another customer's @AC-6 @type:security @layer:api @P1 (462ms)
  x  10 [chromium] › evaluations\JS-2\tests\js-2.spec.ts:173:7 › JS-2 Customer registration, login and basket › SCN-007: A customer reads their own basket but never another customer's @AC-6 @type:security @layer:api @P1 (retry #1) (775ms)
  ok  8 [chromium] › evaluations\JS-2\tests\js-2.spec.ts:134:7 › JS-2 Customer registration, login and basket › SCN-006: A product added to one's own basket through the API is listed on the basket page after a UI login @AC-5 @type:integration @layer:e2e @P1 (4.6s)
  x  11 [chromium] › evaluations\JS-2\tests\js-2.spec.ts:187:7 › JS-2 Customer registration, login and basket › SCN-008: A request for another customer's basket is refused @AC-6 @type:security @layer:api @P1 @assumes:G4 (811ms)
  ok 12 [chromium] › evaluations\JS-2\tests\js-2.spec.ts:51:7 › JS-2 Customer registration, login and basket › SCN-001: A visitor registers with a unique e-mail and a rule-compliant password @AC-1 @type:functional @layer:api @P1 (704ms)
  ok 14 [chromium] › evaluations\JS-2\tests\js-2.spec.ts:66:7 › JS-2 Customer registration, login and basket › SCN-002: Registering an e-mail that already belongs to a customer is rejected @AC-2 @type:negative @layer:api @P1 (237ms)
  x  13 [chromium] › evaluations\JS-2\tests\js-2.spec.ts:187:7 › JS-2 Customer registration, login and basket › SCN-008: A request for another customer's basket is refused @AC-6 @type:security @layer:api @P1 @assumes:G4 (retry #1) (760ms)
  x  15 [chromium] › evaluations\JS-2\tests\js-2.spec.ts:96:9 › JS-2 Customer registration, login and basket › SCN-003.1: A password shorter than 5 characters is rejected and no customer is created (4 characters) @AC-3 @type:boundary @layer:api @P1 (225ms)
  x  16 [chromium] › evaluations\JS-2\tests\js-2.spec.ts:96:9 › JS-2 Customer registration, login and basket › SCN-003.2: A password shorter than 5 characters is rejected and no customer is created (3 characters) @AC-3 @type:boundary @layer:api @P1 (450ms)
  x  18 [chromium] › evaluations\JS-2\tests\js-2.spec.ts:96:9 › JS-2 Customer registration, login and basket › SCN-003.2: A password shorter than 5 characters is rejected and no customer is created (3 characters) @AC-3 @type:boundary @layer:api @P1 (retry #1) (526ms)
  x  17 [chromium] › evaluations\JS-2\tests\js-2.spec.ts:96:9 › JS-2 Customer registration, login and basket › SCN-003.1: A password shorter than 5 characters is rejected and no customer is created (4 characters) @AC-3 @type:boundary @layer:api @P1 (retry #1) (754ms)
  ok 19 [chromium] › evaluations\JS-2\tests\js-2.spec.ts:114:7 › JS-2 Customer registration, login and basket › SCN-005: A registered customer logs in and receives a JWT and their basket id @AC-4 @type:functional @layer:api @P1 (718ms)
  x  21 [chromium] › evaluations\JS-2\tests\js-2.spec.ts:173:7 › JS-2 Customer registration, login and basket › SCN-007: A customer reads their own basket but never another customer's @AC-6 @type:security @layer:api @P1 (526ms)
  x  22 [chromium] › evaluations\JS-2\tests\js-2.spec.ts:173:7 › JS-2 Customer registration, login and basket › SCN-007: A customer reads their own basket but never another customer's @AC-6 @type:security @layer:api @P1 (retry #1) (758ms)
  ok 20 [chromium] › evaluations\JS-2\tests\js-2.spec.ts:134:7 › JS-2 Customer registration, login and basket › SCN-006: A product added to one's own basket through the API is listed on the basket page after a UI login @AC-5 @type:integration @layer:e2e @P1 (4.6s)
  x  23 [chromium] › evaluations\JS-2\tests\js-2.spec.ts:187:7 › JS-2 Customer registration, login and basket › SCN-008: A request for another customer's basket is refused @AC-6 @type:security @layer:api @P1 @assumes:G4 (800ms)
  x  24 [chromium] › evaluations\JS-2\tests\js-2.spec.ts:187:7 › JS-2 Customer registration, login and basket › SCN-008: A request for another customer's basket is refused @AC-6 @type:security @layer:api @P1 @assumes:G4 (retry #1) (750ms)


  1) [chromium] › evaluations\JS-2\tests\js-2.spec.ts:96:9 › JS-2 Customer registration, login and basket › SCN-003.1: A password shorter than 5 characters is rejected and no customer is created (4 characters) @AC-3 @type:boundary @layer:api @P1 

    Error: [REQ AC-3] POST /api/Users with a 4-character password (minimum 5) → 400

    expect(received).toBe(expected) // Object.is equality

    Expected: 400
    Received: 201

       at ..\heldout-support\fixtures.ts:282

      280 |  */
      281 | export function expectResponse(res: ApiResponse, expected: { status: number; body?: unknown }, message: string): void {
    > 282 |   expect.soft(res.status, `${message} → ${expected.status}`).toBe(expected.status);
          |                                                              ^
      283 |   if ('body' in expected) expect.soft(res.body, `${message} → body`).toEqual(expected.body);
      284 | }
      285 |
        at expectResponse (./heldout-support\fixtures.ts:282:62)
        at body (./evaluations\JS-2\tests\js-2.spec.ts:104:23)
        at ./heldout-support\fixtures.ts:608:34
        at ./evaluations\JS-2\tests\js-2.spec.ts:103:7

    Error: [REQ AC-3] POST /rest/user/login after a 4-character registration fails (no customer was created)

    expect(received).toBe(expected) // Object.is equality

    Expected: false
    Received: true

      107 |         const login = await api.post<Login>(EP.login, { data: { email: address, password } });
      108 |         const signedIn = login.status === REQ.STATUS.OK && Boolean(login.body?.authentication?.token);
    > 109 |         expect(signedIn, `[REQ AC-3] POST /rest/user/login after a ${length}-character registration fails (no customer was created)`).toBe(false);
          |                                                                                                                                       ^
      110 |       });
      111 |     });
      112 |   });
        at ./evaluations\JS-2\tests\js-2.spec.ts:109:135
        at ./heldout-support\fixtures.ts:608:28
        at ./evaluations\JS-2\tests\js-2.spec.ts:106:7

    attachment #4: screenshot (image/png) ──────────────────────────────────────────────────────────
    evaluations\JS-2\runs\01-harden\artifacts\JS-2-tests-js-2-JS-2-Custo-37f44-er-is-created-4-characters--chromium\test-failed-1.png
    ────────────────────────────────────────────────────────────────────────────────────────────────

    Error Context: evaluations\JS-2\runs\01-harden\artifacts\JS-2-tests-js-2-JS-2-Custo-37f44-er-is-created-4-characters--chromium\error-context.md

    attachment #7: trace (application/zip) ─────────────────────────────────────────────────────────
    evaluations\JS-2\runs\01-harden\artifacts\JS-2-tests-js-2-JS-2-Custo-37f44-er-is-created-4-characters--chromium\trace.zip
    Usage:

        npx playwright show-trace evaluations\JS-2\runs\01-harden\artifacts\JS-2-tests-js-2-JS-2-Custo-37f44-er-is-created-4-characters--chromium\trace.zip

    ────────────────────────────────────────────────────────────────────────────────────────────────

    Retry #1 ───────────────────────────────────────────────────────────────────────────────────────

    Error: [REQ AC-3] POST /api/Users with a 4-character password (minimum 5) → 400

    expect(received).toBe(expected) // Object.is equality

    Expected: 400
    Received: 201

       at ..\heldout-support\fixtures.ts:282

      280 |  */
      281 | export function expectResponse(res: ApiResponse, expected: { status: number; body?: unknown }, message: string): void {
    > 282 |   expect.soft(res.status, `${message} → ${expected.status}`).toBe(expected.status);
          |                                                              ^
      283 |   if ('body' in expected) expect.soft(res.body, `${message} → body`).toEqual(expected.body);
      284 | }
      285 |
        at expectResponse (./heldout-support\fixtures.ts:282:62)
        at body (./evaluations\JS-2\tests\js-2.spec.ts:104:23)
        at ./heldout-support\fixtures.ts:608:34
        at ./evaluations\JS-2\tests\js-2.spec.ts:103:7

    Error: [REQ AC-3] POST /rest/user/login after a 4-character registration fails (no customer was created)

    expect(received).toBe(expected) // Object.is equality

    Expected: false
    Received: true

      107 |         const login = await api.post<Login>(EP.login, { data: { email: address, password } });
      108 |         const signedIn = login.status === REQ.STATUS.OK && Boolean(login.body?.authentication?.token);
    > 109 |         expect(signedIn, `[REQ AC-3] POST /rest/user/login after a ${length}-character registration fails (no customer was created)`).toBe(false);
          |                                                                                                                                       ^
      110 |       });
      111 |     });
      112 |   });
        at ./evaluations\JS-2\tests\js-2.spec.ts:109:135
        at ./heldout-support\fixtures.ts:608:28
        at ./evaluations\JS-2\tests\js-2.spec.ts:106:7

    attachment #4: screenshot (image/png) ──────────────────────────────────────────────────────────
    evaluations\JS-2\runs\01-harden\artifacts\JS-2-tests-js-2-JS-2-Custo-37f44-er-is-created-4-characters--chromium-retry1\test-failed-1.png
    ────────────────────────────────────────────────────────────────────────────────────────────────

    Error Context: evaluations\JS-2\runs\01-harden\artifacts\JS-2-tests-js-2-JS-2-Custo-37f44-er-is-created-4-characters--chromium-retry1\error-context.md

    attachment #7: trace (application/zip) ─────────────────────────────────────────────────────────
    evaluations\JS-2\runs\01-harden\artifacts\JS-2-tests-js-2-JS-2-Custo-37f44-er-is-created-4-characters--chromium-retry1\trace.zip
    Usage:

        npx playwright show-trace evaluations\JS-2\runs\01-harden\artifacts\JS-2-tests-js-2-JS-2-Custo-37f44-er-is-created-4-characters--chromium-retry1\trace.zip

    ────────────────────────────────────────────────────────────────────────────────────────────────

  2) [chromium] › evaluations\JS-2\tests\js-2.spec.ts:96:9 › JS-2 Customer registration, login and basket › SCN-003.2: A password shorter than 5 characters is rejected and no customer is created (3 characters) @AC-3 @type:boundary @layer:api @P1 

    Error: [REQ AC-3] POST /api/Users with a 3-character password (minimum 5) → 400

    expect(received).toBe(expected) // Object.is equality

    Expected: 400
    Received: 201

       at ..\heldout-support\fixtures.ts:282

      280 |  */
      281 | export function expectResponse(res: ApiResponse, expected: { status: number; body?: unknown }, message: string): void {
    > 282 |   expect.soft(res.status, `${message} → ${expected.status}`).toBe(expected.status);
          |                                                              ^
      283 |   if ('body' in expected) expect.soft(res.body, `${message} → body`).toEqual(expected.body);
      284 | }
      285 |
        at expectResponse (./heldout-support\fixtures.ts:282:62)
        at body (./evaluations\JS-2\tests\js-2.spec.ts:104:23)
        at ./heldout-support\fixtures.ts:608:34
        at ./evaluations\JS-2\tests\js-2.spec.ts:103:7

    Error: [REQ AC-3] POST /rest/user/login after a 3-character registration fails (no customer was created)

    expect(received).toBe(expected) // Object.is equality

    Expected: false
    Received: true

      107 |         const login = await api.post<Login>(EP.login, { data: { email: address, password } });
      108 |         const signedIn = login.status === REQ.STATUS.OK && Boolean(login.body?.authentication?.token);
    > 109 |         expect(signedIn, `[REQ AC-3] POST /rest/user/login after a ${length}-character registration fails (no customer was created)`).toBe(false);
          |                                                                                                                                       ^
      110 |       });
      111 |     });
      112 |   });
        at ./evaluations\JS-2\tests\js-2.spec.ts:109:135
        at ./heldout-support\fixtures.ts:608:28
        at ./evaluations\JS-2\tests\js-2.spec.ts:106:7

    attachment #4: screenshot (image/png) ──────────────────────────────────────────────────────────
    evaluations\JS-2\runs\01-harden\artifacts\JS-2-tests-js-2-JS-2-Custo-4e62c-er-is-created-3-characters--chromium\test-failed-1.png
    ────────────────────────────────────────────────────────────────────────────────────────────────

    Error Context: evaluations\JS-2\runs\01-harden\artifacts\JS-2-tests-js-2-JS-2-Custo-4e62c-er-is-created-3-characters--chromium\error-context.md

    attachment #7: trace (application/zip) ─────────────────────────────────────────────────────────
    evaluations\JS-2\runs\01-harden\artifacts\JS-2-tests-js-2-JS-2-Custo-4e62c-er-is-created-3-characters--chromium\trace.zip
    Usage:

        npx playwright show-trace evaluations\JS-2\runs\01-harden\artifacts\JS-2-tests-js-2-JS-2-Custo-4e62c-er-is-created-3-characters--chromium\trace.zip

    ────────────────────────────────────────────────────────────────────────────────────────────────

    Retry #1 ───────────────────────────────────────────────────────────────────────────────────────

    Error: [REQ AC-3] POST /api/Users with a 3-character password (minimum 5) → 400

    expect(received).toBe(expected) // Object.is equality

    Expected: 400
    Received: 201

       at ..\heldout-support\fixtures.ts:282

      280 |  */
      281 | export function expectResponse(res: ApiResponse, expected: { status: number; body?: unknown }, message: string): void {
    > 282 |   expect.soft(res.status, `${message} → ${expected.status}`).toBe(expected.status);
          |                                                              ^
      283 |   if ('body' in expected) expect.soft(res.body, `${message} → body`).toEqual(expected.body);
      284 | }
      285 |
        at expectResponse (./heldout-support\fixtures.ts:282:62)
        at body (./evaluations\JS-2\tests\js-2.spec.ts:104:23)
        at ./heldout-support\fixtures.ts:608:34
        at ./evaluations\JS-2\tests\js-2.spec.ts:103:7

    Error: [REQ AC-3] POST /rest/user/login after a 3-character registration fails (no customer was created)

    expect(received).toBe(expected) // Object.is equality

    Expected: false
    Received: true

      107 |         const login = await api.post<Login>(EP.login, { data: { email: address, password } });
      108 |         const signedIn = login.status === REQ.STATUS.OK && Boolean(login.body?.authentication?.token);
    > 109 |         expect(signedIn, `[REQ AC-3] POST /rest/user/login after a ${length}-character registration fails (no customer was created)`).toBe(false);
          |                                                                                                                                       ^
      110 |       });
      111 |     });
      112 |   });
        at ./evaluations\JS-2\tests\js-2.spec.ts:109:135
        at ./heldout-support\fixtures.ts:608:28
        at ./evaluations\JS-2\tests\js-2.spec.ts:106:7

    attachment #4: screenshot (image/png) ──────────────────────────────────────────────────────────
    evaluations\JS-2\runs\01-harden\artifacts\JS-2-tests-js-2-JS-2-Custo-4e62c-er-is-created-3-characters--chromium-retry1\test-failed-1.png
    ────────────────────────────────────────────────────────────────────────────────────────────────

    Error Context: evaluations\JS-2\runs\01-harden\artifacts\JS-2-tests-js-2-JS-2-Custo-4e62c-er-is-created-3-characters--chromium-retry1\error-context.md

    attachment #7: trace (application/zip) ─────────────────────────────────────────────────────────
    evaluations\JS-2\runs\01-harden\artifacts\JS-2-tests-js-2-JS-2-Custo-4e62c-er-is-created-3-characters--chromium-retry1\trace.zip
    Usage:

        npx playwright show-trace evaluations\JS-2\runs\01-harden\artifacts\JS-2-tests-js-2-JS-2-Custo-4e62c-er-is-created-3-characters--chromium-retry1\trace.zip

    ────────────────────────────────────────────────────────────────────────────────────────────────

  3) [chromium] › evaluations\JS-2\tests\js-2.spec.ts:173:7 › JS-2 Customer registration, login and basket › SCN-007: A customer reads their own basket but never another customer's @AC-6 @type:security @layer:api @P1 › And the request for B's basket does not return B's basket 

    Error: [REQ AC-6] GET /rest/basket/{id} for B's basket with A's token does not return B's basket

    expect(received).not.toBe(expected) // Object.is equality

    Expected: not 83

      181 |     });
      182 |     await journey.step('And the request for B\'s basket does not return B\'s basket', async () => {
    > 183 |       expect(other.body?.data?.id ?? null, '[REQ AC-6] GET /rest/basket/{id} for B\'s basket with A\'s token does not return B\'s basket').not.toBe(bidOf(b));
          |                                                                                                                                                ^
      184 |     });
      185 |   });
      186 |
        at body (./evaluations\JS-2\tests\js-2.spec.ts:183:144)
        at ./heldout-support\fixtures.ts:608:34
        at ./evaluations\JS-2\tests\js-2.spec.ts:182:5

    attachment #13: screenshot (image/png) ─────────────────────────────────────────────────────────
    evaluations\JS-2\runs\01-harden\artifacts\JS-2-tests-js-2-JS-2-Custo-1ac60-ut-never-another-customer-s-chromium\test-failed-1.png
    ────────────────────────────────────────────────────────────────────────────────────────────────

    Error Context: evaluations\JS-2\runs\01-harden\artifacts\JS-2-tests-js-2-JS-2-Custo-1ac60-ut-never-another-customer-s-chromium\error-context.md

    attachment #17: trace (application/zip) ────────────────────────────────────────────────────────
    evaluations\JS-2\runs\01-harden\artifacts\JS-2-tests-js-2-JS-2-Custo-1ac60-ut-never-another-customer-s-chromium\trace.zip
    Usage:

        npx playwright show-trace evaluations\JS-2\runs\01-harden\artifacts\JS-2-tests-js-2-JS-2-Custo-1ac60-ut-never-another-customer-s-chromium\trace.zip

    ────────────────────────────────────────────────────────────────────────────────────────────────

    Retry #1 ───────────────────────────────────────────────────────────────────────────────────────

    Error: [REQ AC-6] GET /rest/basket/{id} for B's basket with A's token does not return B's basket

    expect(received).not.toBe(expected) // Object.is equality

    Expected: not 85

      181 |     });
      182 |     await journey.step('And the request for B\'s basket does not return B\'s basket', async () => {
    > 183 |       expect(other.body?.data?.id ?? null, '[REQ AC-6] GET /rest/basket/{id} for B\'s basket with A\'s token does not return B\'s basket').not.toBe(bidOf(b));
          |                                                                                                                                                ^
      184 |     });
      185 |   });
      186 |
        at body (./evaluations\JS-2\tests\js-2.spec.ts:183:144)
        at ./heldout-support\fixtures.ts:608:34
        at ./evaluations\JS-2\tests\js-2.spec.ts:182:5

    attachment #13: screenshot (image/png) ─────────────────────────────────────────────────────────
    evaluations\JS-2\runs\01-harden\artifacts\JS-2-tests-js-2-JS-2-Custo-1ac60-ut-never-another-customer-s-chromium-retry1\test-failed-1.png
    ────────────────────────────────────────────────────────────────────────────────────────────────

    Error Context: evaluations\JS-2\runs\01-harden\artifacts\JS-2-tests-js-2-JS-2-Custo-1ac60-ut-never-another-customer-s-chromium-retry1\error-context.md

    attachment #17: trace (application/zip) ────────────────────────────────────────────────────────
    evaluations\JS-2\runs\01-harden\artifacts\JS-2-tests-js-2-JS-2-Custo-1ac60-ut-never-another-customer-s-chromium-retry1\trace.zip
    Usage:

        npx playwright show-trace evaluations\JS-2\runs\01-harden\artifacts\JS-2-tests-js-2-JS-2-Custo-1ac60-ut-never-another-customer-s-chromium-retry1\trace.zip

    ────────────────────────────────────────────────────────────────────────────────────────────────

  4) [chromium] › evaluations\JS-2\tests\js-2.spec.ts:187:7 › JS-2 Customer registration, login and basket › SCN-008: A request for another customer's basket is refused @AC-6 @type:security @layer:api @P1 @assumes:G4 › Then the request is refused with a non-2xx status 

    Error: [REQ AC-6] GET /rest/basket/{id} for B's basket with A's token is refused (not 2xx)

    expect(received).not.toMatch(expected)

    Expected pattern: not /^2\d\d$/
    Received string:      "200"

      190 |     await journey.step('When A requests GET /rest/basket/{id} with A\'s token for B\'s basket id', async () => { other = await api.get(EP.basket(bidOf(b)), { headers: a.headers }); });
      191 |     await journey.step('Then the request is refused with a non-2xx status', async () => {
    > 192 |       expect(String(other.status), '[REQ AC-6] GET /rest/basket/{id} for B\'s basket with A\'s token is refused (not 2xx)').not.toMatch(/^2\d\d$/);
          |                                                                                                                                 ^
      193 |     });
      194 |   });
      195 | });
        at body (./evaluations\JS-2\tests\js-2.spec.ts:192:129)
        at ./heldout-support\fixtures.ts:608:34
        at ./evaluations\JS-2\tests\js-2.spec.ts:191:5

    attachment #12: screenshot (image/png) ─────────────────────────────────────────────────────────
    evaluations\JS-2\runs\01-harden\artifacts\JS-2-tests-js-2-JS-2-Custo-13744-ustomer-s-basket-is-refused-chromium\test-failed-1.png
    ────────────────────────────────────────────────────────────────────────────────────────────────

    Error Context: evaluations\JS-2\runs\01-harden\artifacts\JS-2-tests-js-2-JS-2-Custo-13744-ustomer-s-basket-is-refused-chromium\error-context.md

    attachment #16: trace (application/zip) ────────────────────────────────────────────────────────
    evaluations\JS-2\runs\01-harden\artifacts\JS-2-tests-js-2-JS-2-Custo-13744-ustomer-s-basket-is-refused-chromium\trace.zip
    Usage:

        npx playwright show-trace evaluations\JS-2\runs\01-harden\artifacts\JS-2-tests-js-2-JS-2-Custo-13744-ustomer-s-basket-is-refused-chromium\trace.zip

    ────────────────────────────────────────────────────────────────────────────────────────────────

    Retry #1 ───────────────────────────────────────────────────────────────────────────────────────

    Error: [REQ AC-6] GET /rest/basket/{id} for B's basket with A's token is refused (not 2xx)

    expect(received).not.toMatch(expected)

    Expected pattern: not /^2\d\d$/
    Received string:      "200"

      190 |     await journey.step('When A requests GET /rest/basket/{id} with A\'s token for B\'s basket id', async () => { other = await api.get(EP.basket(bidOf(b)), { headers: a.headers }); });
      191 |     await journey.step('Then the request is refused with a non-2xx status', async () => {
    > 192 |       expect(String(other.status), '[REQ AC-6] GET /rest/basket/{id} for B\'s basket with A\'s token is refused (not 2xx)').not.toMatch(/^2\d\d$/);
          |                                                                                                                                 ^
      193 |     });
      194 |   });
      195 | });
        at body (./evaluations\JS-2\tests\js-2.spec.ts:192:129)
        at ./heldout-support\fixtures.ts:608:34
        at ./evaluations\JS-2\tests\js-2.spec.ts:191:5

    attachment #12: screenshot (image/png) ─────────────────────────────────────────────────────────
    evaluations\JS-2\runs\01-harden\artifacts\JS-2-tests-js-2-JS-2-Custo-13744-ustomer-s-basket-is-refused-chromium-retry1\test-failed-1.png
    ────────────────────────────────────────────────────────────────────────────────────────────────

    Error Context: evaluations\JS-2\runs\01-harden\artifacts\JS-2-tests-js-2-JS-2-Custo-13744-ustomer-s-basket-is-refused-chromium-retry1\error-context.md

    attachment #16: trace (application/zip) ────────────────────────────────────────────────────────
    evaluations\JS-2\runs\01-harden\artifacts\JS-2-tests-js-2-JS-2-Custo-13744-ustomer-s-basket-is-refused-chromium-retry1\trace.zip
    Usage:

        npx playwright show-trace evaluations\JS-2\runs\01-harden\artifacts\JS-2-tests-js-2-JS-2-Custo-13744-ustomer-s-basket-is-refused-chromium-retry1\trace.zip

    ────────────────────────────────────────────────────────────────────────────────────────────────

  5) [chromium] › evaluations\JS-2\tests\js-2.spec.ts:96:9 › JS-2 Customer registration, login and basket › SCN-003.1: A password shorter than 5 characters is rejected and no customer is created (4 characters) @AC-3 @type:boundary @layer:api @P1 

    Error: [REQ AC-3] POST /api/Users with a 4-character password (minimum 5) → 400

    expect(received).toBe(expected) // Object.is equality

    Expected: 400
    Received: 201

       at ..\heldout-support\fixtures.ts:282

      280 |  */
      281 | export function expectResponse(res: ApiResponse, expected: { status: number; body?: unknown }, message: string): void {
    > 282 |   expect.soft(res.status, `${message} → ${expected.status}`).toBe(expected.status);
          |                                                              ^
      283 |   if ('body' in expected) expect.soft(res.body, `${message} → body`).toEqual(expected.body);
      284 | }
      285 |
        at expectResponse (./heldout-support\fixtures.ts:282:62)
        at body (./evaluations\JS-2\tests\js-2.spec.ts:104:23)
        at ./heldout-support\fixtures.ts:608:34
        at ./evaluations\JS-2\tests\js-2.spec.ts:103:7

    Error: [REQ AC-3] POST /rest/user/login after a 4-character registration fails (no customer was created)

    expect(received).toBe(expected) // Object.is equality

    Expected: false
    Received: true

      107 |         const login = await api.post<Login>(EP.login, { data: { email: address, password } });
      108 |         const signedIn = login.status === REQ.STATUS.OK && Boolean(login.body?.authentication?.token);
    > 109 |         expect(signedIn, `[REQ AC-3] POST /rest/user/login after a ${length}-character registration fails (no customer was created)`).toBe(false);
          |                                                                                                                                       ^
      110 |       });
      111 |     });
      112 |   });
        at ./evaluations\JS-2\tests\js-2.spec.ts:109:135
        at ./heldout-support\fixtures.ts:608:28
        at ./evaluations\JS-2\tests\js-2.spec.ts:106:7

    attachment #4: screenshot (image/png) ──────────────────────────────────────────────────────────
    evaluations\JS-2\runs\01-harden\artifacts\JS-2-tests-js-2-JS-2-Custo-37f44-er-is-created-4-characters--chromium-repeat1\test-failed-1.png
    ────────────────────────────────────────────────────────────────────────────────────────────────

    Error Context: evaluations\JS-2\runs\01-harden\artifacts\JS-2-tests-js-2-JS-2-Custo-37f44-er-is-created-4-characters--chromium-repeat1\error-context.md

    attachment #7: trace (application/zip) ─────────────────────────────────────────────────────────
    evaluations\JS-2\runs\01-harden\artifacts\JS-2-tests-js-2-JS-2-Custo-37f44-er-is-created-4-characters--chromium-repeat1\trace.zip
    Usage:

        npx playwright show-trace evaluations\JS-2\runs\01-harden\artifacts\JS-2-tests-js-2-JS-2-Custo-37f44-er-is-created-4-characters--chromium-repeat1\trace.zip

    ────────────────────────────────────────────────────────────────────────────────────────────────

    Retry #1 ───────────────────────────────────────────────────────────────────────────────────────

    Error: [REQ AC-3] POST /api/Users with a 4-character password (minimum 5) → 400

    expect(received).toBe(expected) // Object.is equality

    Expected: 400
    Received: 201

       at ..\heldout-support\fixtures.ts:282

      280 |  */
      281 | export function expectResponse(res: ApiResponse, expected: { status: number; body?: unknown }, message: string): void {
    > 282 |   expect.soft(res.status, `${message} → ${expected.status}`).toBe(expected.status);
          |                                                              ^
      283 |   if ('body' in expected) expect.soft(res.body, `${message} → body`).toEqual(expected.body);
      284 | }
      285 |
        at expectResponse (./heldout-support\fixtures.ts:282:62)
        at body (./evaluations\JS-2\tests\js-2.spec.ts:104:23)
        at ./heldout-support\fixtures.ts:608:34
        at ./evaluations\JS-2\tests\js-2.spec.ts:103:7

    Error: [REQ AC-3] POST /rest/user/login after a 4-character registration fails (no customer was created)

    expect(received).toBe(expected) // Object.is equality

    Expected: false
    Received: true

      107 |         const login = await api.post<Login>(EP.login, { data: { email: address, password } });
      108 |         const signedIn = login.status === REQ.STATUS.OK && Boolean(login.body?.authentication?.token);
    > 109 |         expect(signedIn, `[REQ AC-3] POST /rest/user/login after a ${length}-character registration fails (no customer was created)`).toBe(false);
          |                                                                                                                                       ^
      110 |       });
      111 |     });
      112 |   });
        at ./evaluations\JS-2\tests\js-2.spec.ts:109:135
        at ./heldout-support\fixtures.ts:608:28
        at ./evaluations\JS-2\tests\js-2.spec.ts:106:7

    attachment #4: screenshot (image/png) ──────────────────────────────────────────────────────────
    evaluations\JS-2\runs\01-harden\artifacts\JS-2-tests-js-2-JS-2-Custo-37f44-er-is-created-4-characters--chromium-retry1-repeat1\test-failed-1.png
    ────────────────────────────────────────────────────────────────────────────────────────────────

    Error Context: evaluations\JS-2\runs\01-harden\artifacts\JS-2-tests-js-2-JS-2-Custo-37f44-er-is-created-4-characters--chromium-retry1-repeat1\error-context.md

    attachment #7: trace (application/zip) ─────────────────────────────────────────────────────────
    evaluations\JS-2\runs\01-harden\artifacts\JS-2-tests-js-2-JS-2-Custo-37f44-er-is-created-4-characters--chromium-retry1-repeat1\trace.zip
    Usage:

        npx playwright show-trace evaluations\JS-2\runs\01-harden\artifacts\JS-2-tests-js-2-JS-2-Custo-37f44-er-is-created-4-characters--chromium-retry1-repeat1\trace.zip

    ────────────────────────────────────────────────────────────────────────────────────────────────

  6) [chromium] › evaluations\JS-2\tests\js-2.spec.ts:96:9 › JS-2 Customer registration, login and basket › SCN-003.2: A password shorter than 5 characters is rejected and no customer is created (3 characters) @AC-3 @type:boundary @layer:api @P1 

    Error: [REQ AC-3] POST /api/Users with a 3-character password (minimum 5) → 400

    expect(received).toBe(expected) // Object.is equality

    Expected: 400
    Received: 201

       at ..\heldout-support\fixtures.ts:282

      280 |  */
      281 | export function expectResponse(res: ApiResponse, expected: { status: number; body?: unknown }, message: string): void {
    > 282 |   expect.soft(res.status, `${message} → ${expected.status}`).toBe(expected.status);
          |                                                              ^
      283 |   if ('body' in expected) expect.soft(res.body, `${message} → body`).toEqual(expected.body);
      284 | }
      285 |
        at expectResponse (./heldout-support\fixtures.ts:282:62)
        at body (./evaluations\JS-2\tests\js-2.spec.ts:104:23)
        at ./heldout-support\fixtures.ts:608:34
        at ./evaluations\JS-2\tests\js-2.spec.ts:103:7

    Error: [REQ AC-3] POST /rest/user/login after a 3-character registration fails (no customer was created)

    expect(received).toBe(expected) // Object.is equality

    Expected: false
    Received: true

      107 |         const login = await api.post<Login>(EP.login, { data: { email: address, password } });
      108 |         const signedIn = login.status === REQ.STATUS.OK && Boolean(login.body?.authentication?.token);
    > 109 |         expect(signedIn, `[REQ AC-3] POST /rest/user/login after a ${length}-character registration fails (no customer was created)`).toBe(false);
          |                                                                                                                                       ^
      110 |       });
      111 |     });
      112 |   });
        at ./evaluations\JS-2\tests\js-2.spec.ts:109:135
        at ./heldout-support\fixtures.ts:608:28
        at ./evaluations\JS-2\tests\js-2.spec.ts:106:7

    attachment #4: screenshot (image/png) ──────────────────────────────────────────────────────────
    evaluations\JS-2\runs\01-harden\artifacts\JS-2-tests-js-2-JS-2-Custo-4e62c-er-is-created-3-characters--chromium-repeat1\test-failed-1.png
    ────────────────────────────────────────────────────────────────────────────────────────────────

    Error Context: evaluations\JS-2\runs\01-harden\artifacts\JS-2-tests-js-2-JS-2-Custo-4e62c-er-is-created-3-characters--chromium-repeat1\error-context.md

    attachment #7: trace (application/zip) ─────────────────────────────────────────────────────────
    evaluations\JS-2\runs\01-harden\artifacts\JS-2-tests-js-2-JS-2-Custo-4e62c-er-is-created-3-characters--chromium-repeat1\trace.zip
    Usage:

        npx playwright show-trace evaluations\JS-2\runs\01-harden\artifacts\JS-2-tests-js-2-JS-2-Custo-4e62c-er-is-created-3-characters--chromium-repeat1\trace.zip

    ────────────────────────────────────────────────────────────────────────────────────────────────

    Retry #1 ───────────────────────────────────────────────────────────────────────────────────────

    Error: [REQ AC-3] POST /api/Users with a 3-character password (minimum 5) → 400

    expect(received).toBe(expected) // Object.is equality

    Expected: 400
    Received: 201

       at ..\heldout-support\fixtures.ts:282

      280 |  */
      281 | export function expectResponse(res: ApiResponse, expected: { status: number; body?: unknown }, message: string): void {
    > 282 |   expect.soft(res.status, `${message} → ${expected.status}`).toBe(expected.status);
          |                                                              ^
      283 |   if ('body' in expected) expect.soft(res.body, `${message} → body`).toEqual(expected.body);
      284 | }
      285 |
        at expectResponse (./heldout-support\fixtures.ts:282:62)
        at body (./evaluations\JS-2\tests\js-2.spec.ts:104:23)
        at ./heldout-support\fixtures.ts:608:34
        at ./evaluations\JS-2\tests\js-2.spec.ts:103:7

    Error: [REQ AC-3] POST /rest/user/login after a 3-character registration fails (no customer was created)

    expect(received).toBe(expected) // Object.is equality

    Expected: false
    Received: true

      107 |         const login = await api.post<Login>(EP.login, { data: { email: address, password } });
      108 |         const signedIn = login.status === REQ.STATUS.OK && Boolean(login.body?.authentication?.token);
    > 109 |         expect(signedIn, `[REQ AC-3] POST /rest/user/login after a ${length}-character registration fails (no customer was created)`).toBe(false);
          |                                                                                                                                       ^
      110 |       });
      111 |     });
      112 |   });
        at ./evaluations\JS-2\tests\js-2.spec.ts:109:135
        at ./heldout-support\fixtures.ts:608:28
        at ./evaluations\JS-2\tests\js-2.spec.ts:106:7

    attachment #4: screenshot (image/png) ──────────────────────────────────────────────────────────
    evaluations\JS-2\runs\01-harden\artifacts\JS-2-tests-js-2-JS-2-Custo-4e62c-er-is-created-3-characters--chromium-retry1-repeat1\test-failed-1.png
    ────────────────────────────────────────────────────────────────────────────────────────────────

    Error Context: evaluations\JS-2\runs\01-harden\artifacts\JS-2-tests-js-2-JS-2-Custo-4e62c-er-is-created-3-characters--chromium-retry1-repeat1\error-context.md

    attachment #7: trace (application/zip) ─────────────────────────────────────────────────────────
    evaluations\JS-2\runs\01-harden\artifacts\JS-2-tests-js-2-JS-2-Custo-4e62c-er-is-created-3-characters--chromium-retry1-repeat1\trace.zip
    Usage:

        npx playwright show-trace evaluations\JS-2\runs\01-harden\artifacts\JS-2-tests-js-2-JS-2-Custo-4e62c-er-is-created-3-characters--chromium-retry1-repeat1\trace.zip

    ────────────────────────────────────────────────────────────────────────────────────────────────

  7) [chromium] › evaluations\JS-2\tests\js-2.spec.ts:173:7 › JS-2 Customer registration, login and basket › SCN-007: A customer reads their own basket but never another customer's @AC-6 @type:security @layer:api @P1 › And the request for B's basket does not return B's basket 

    Error: [REQ AC-6] GET /rest/basket/{id} for B's basket with A's token does not return B's basket

    expect(received).not.toBe(expected) // Object.is equality

    Expected: not 98

      181 |     });
      182 |     await journey.step('And the request for B\'s basket does not return B\'s basket', async () => {
    > 183 |       expect(other.body?.data?.id ?? null, '[REQ AC-6] GET /rest/basket/{id} for B\'s basket with A\'s token does not return B\'s basket').not.toBe(bidOf(b));
          |                                                                                                                                                ^
      184 |     });
      185 |   });
      186 |
        at body (./evaluations\JS-2\tests\js-2.spec.ts:183:144)
        at ./heldout-support\fixtures.ts:608:34
        at ./evaluations\JS-2\tests\js-2.spec.ts:182:5

    attachment #13: screenshot (image/png) ─────────────────────────────────────────────────────────
    evaluations\JS-2\runs\01-harden\artifacts\JS-2-tests-js-2-JS-2-Custo-1ac60-ut-never-another-customer-s-chromium-repeat1\test-failed-1.png
    ────────────────────────────────────────────────────────────────────────────────────────────────

    Error Context: evaluations\JS-2\runs\01-harden\artifacts\JS-2-tests-js-2-JS-2-Custo-1ac60-ut-never-another-customer-s-chromium-repeat1\error-context.md

    attachment #17: trace (application/zip) ────────────────────────────────────────────────────────
    evaluations\JS-2\runs\01-harden\artifacts\JS-2-tests-js-2-JS-2-Custo-1ac60-ut-never-another-customer-s-chromium-repeat1\trace.zip
    Usage:

        npx playwright show-trace evaluations\JS-2\runs\01-harden\artifacts\JS-2-tests-js-2-JS-2-Custo-1ac60-ut-never-another-customer-s-chromium-repeat1\trace.zip

    ────────────────────────────────────────────────────────────────────────────────────────────────

    Retry #1 ───────────────────────────────────────────────────────────────────────────────────────

    Error: [REQ AC-6] GET /rest/basket/{id} for B's basket with A's token does not return B's basket

    expect(received).not.toBe(expected) // Object.is equality

    Expected: not 100

      181 |     });
      182 |     await journey.step('And the request for B\'s basket does not return B\'s basket', async () => {
    > 183 |       expect(other.body?.data?.id ?? null, '[REQ AC-6] GET /rest/basket/{id} for B\'s basket with A\'s token does not return B\'s basket').not.toBe(bidOf(b));
          |                                                                                                                                                ^
      184 |     });
      185 |   });
      186 |
        at body (./evaluations\JS-2\tests\js-2.spec.ts:183:144)
        at ./heldout-support\fixtures.ts:608:34
        at ./evaluations\JS-2\tests\js-2.spec.ts:182:5

    attachment #13: screenshot (image/png) ─────────────────────────────────────────────────────────
    evaluations\JS-2\runs\01-harden\artifacts\JS-2-tests-js-2-JS-2-Custo-1ac60-ut-never-another-customer-s-chromium-retry1-repeat1\test-failed-1.png
    ────────────────────────────────────────────────────────────────────────────────────────────────

    Error Context: evaluations\JS-2\runs\01-harden\artifacts\JS-2-tests-js-2-JS-2-Custo-1ac60-ut-never-another-customer-s-chromium-retry1-repeat1\error-context.md

    attachment #17: trace (application/zip) ────────────────────────────────────────────────────────
    evaluations\JS-2\runs\01-harden\artifacts\JS-2-tests-js-2-JS-2-Custo-1ac60-ut-never-another-customer-s-chromium-retry1-repeat1\trace.zip
    Usage:

        npx playwright show-trace evaluations\JS-2\runs\01-harden\artifacts\JS-2-tests-js-2-JS-2-Custo-1ac60-ut-never-another-customer-s-chromium-retry1-repeat1\trace.zip

    ────────────────────────────────────────────────────────────────────────────────────────────────

  8) [chromium] › evaluations\JS-2\tests\js-2.spec.ts:187:7 › JS-2 Customer registration, login and basket › SCN-008: A request for another customer's basket is refused @AC-6 @type:security @layer:api @P1 @assumes:G4 › Then the request is refused with a non-2xx status 

    Error: [REQ AC-6] GET /rest/basket/{id} for B's basket with A's token is refused (not 2xx)

    expect(received).not.toMatch(expected)

    Expected pattern: not /^2\d\d$/
    Received string:      "200"

      190 |     await journey.step('When A requests GET /rest/basket/{id} with A\'s token for B\'s basket id', async () => { other = await api.get(EP.basket(bidOf(b)), { headers: a.headers }); });
      191 |     await journey.step('Then the request is refused with a non-2xx status', async () => {
    > 192 |       expect(String(other.status), '[REQ AC-6] GET /rest/basket/{id} for B\'s basket with A\'s token is refused (not 2xx)').not.toMatch(/^2\d\d$/);
          |                                                                                                                                 ^
      193 |     });
      194 |   });
      195 | });
        at body (./evaluations\JS-2\tests\js-2.spec.ts:192:129)
        at ./heldout-support\fixtures.ts:608:34
        at ./evaluations\JS-2\tests\js-2.spec.ts:191:5

    attachment #12: screenshot (image/png) ─────────────────────────────────────────────────────────
    evaluations\JS-2\runs\01-harden\artifacts\JS-2-tests-js-2-JS-2-Custo-13744-ustomer-s-basket-is-refused-chromium-repeat1\test-failed-1.png
    ────────────────────────────────────────────────────────────────────────────────────────────────

    Error Context: evaluations\JS-2\runs\01-harden\artifacts\JS-2-tests-js-2-JS-2-Custo-13744-ustomer-s-basket-is-refused-chromium-repeat1\error-context.md

    attachment #16: trace (application/zip) ────────────────────────────────────────────────────────
    evaluations\JS-2\runs\01-harden\artifacts\JS-2-tests-js-2-JS-2-Custo-13744-ustomer-s-basket-is-refused-chromium-repeat1\trace.zip
    Usage:

        npx playwright show-trace evaluations\JS-2\runs\01-harden\artifacts\JS-2-tests-js-2-JS-2-Custo-13744-ustomer-s-basket-is-refused-chromium-repeat1\trace.zip

    ────────────────────────────────────────────────────────────────────────────────────────────────

    Retry #1 ───────────────────────────────────────────────────────────────────────────────────────

    Error: [REQ AC-6] GET /rest/basket/{id} for B's basket with A's token is refused (not 2xx)

    expect(received).not.toMatch(expected)

    Expected pattern: not /^2\d\d$/
    Received string:      "200"

      190 |     await journey.step('When A requests GET /rest/basket/{id} with A\'s token for B\'s basket id', async () => { other = await api.get(EP.basket(bidOf(b)), { headers: a.headers }); });
      191 |     await journey.step('Then the request is refused with a non-2xx status', async () => {
    > 192 |       expect(String(other.status), '[REQ AC-6] GET /rest/basket/{id} for B\'s basket with A\'s token is refused (not 2xx)').not.toMatch(/^2\d\d$/);
          |                                                                                                                                 ^
      193 |     });
      194 |   });
      195 | });
        at body (./evaluations\JS-2\tests\js-2.spec.ts:192:129)
        at ./heldout-support\fixtures.ts:608:34
        at ./evaluations\JS-2\tests\js-2.spec.ts:191:5

    attachment #12: screenshot (image/png) ─────────────────────────────────────────────────────────
    evaluations\JS-2\runs\01-harden\artifacts\JS-2-tests-js-2-JS-2-Custo-13744-ustomer-s-basket-is-refused-chromium-retry1-repeat1\test-failed-1.png
    ────────────────────────────────────────────────────────────────────────────────────────────────

    Error Context: evaluations\JS-2\runs\01-harden\artifacts\JS-2-tests-js-2-JS-2-Custo-13744-ustomer-s-basket-is-refused-chromium-retry1-repeat1\error-context.md

    attachment #16: trace (application/zip) ────────────────────────────────────────────────────────
    evaluations\JS-2\runs\01-harden\artifacts\JS-2-tests-js-2-JS-2-Custo-13744-ustomer-s-basket-is-refused-chromium-retry1-repeat1\trace.zip
    Usage:

        npx playwright show-trace evaluations\JS-2\runs\01-harden\artifacts\JS-2-tests-js-2-JS-2-Custo-13744-ustomer-s-basket-is-refused-chromium-retry1-repeat1\trace.zip

    ────────────────────────────────────────────────────────────────────────────────────────────────

  8 failed
    [chromium] › evaluations\JS-2\tests\js-2.spec.ts:96:9 › JS-2 Customer registration, login and basket › SCN-003.1: A password shorter than 5 characters is rejected and no customer is created (4 characters) @AC-3 @type:boundary @layer:api @P1 
    [chromium] › evaluations\JS-2\tests\js-2.spec.ts:96:9 › JS-2 Customer registration, login and basket › SCN-003.2: A password shorter than 5 characters is rejected and no customer is created (3 characters) @AC-3 @type:boundary @layer:api @P1 
    [chromium] › evaluations\JS-2\tests\js-2.spec.ts:173:7 › JS-2 Customer registration, login and basket › SCN-007: A customer reads their own basket but never another customer's @AC-6 @type:security @layer:api @P1 
    [chromium] › evaluations\JS-2\tests\js-2.spec.ts:187:7 › JS-2 Customer registration, login and basket › SCN-008: A request for another customer's basket is refused @AC-6 @type:security @layer:api @P1 @assumes:G4 
    [chromium] › evaluations\JS-2\tests\js-2.spec.ts:96:9 › JS-2 Customer registration, login and basket › SCN-003.1: A password shorter than 5 characters is rejected and no customer is created (4 characters) @AC-3 @type:boundary @layer:api @P1 
    [chromium] › evaluations\JS-2\tests\js-2.spec.ts:96:9 › JS-2 Customer registration, login and basket › SCN-003.2: A password shorter than 5 characters is rejected and no customer is created (3 characters) @AC-3 @type:boundary @layer:api @P1 
    [chromium] › evaluations\JS-2\tests\js-2.spec.ts:173:7 › JS-2 Customer registration, login and basket › SCN-007: A customer reads their own basket but never another customer's @AC-6 @type:security @layer:api @P1 
    [chromium] › evaluations\JS-2\tests\js-2.spec.ts:187:7 › JS-2 Customer registration, login and basket › SCN-008: A request for another customer's basket is refused @AC-6 @type:security @layer:api @P1 @assumes:G4 
  8 passed (20.2s)
