
Running 14 tests using 1 worker

  x   1 [chromium] › evaluations\TOOL-3\tests\tool-3.spec.ts:151:7 › TOOL-3 Shopping cart for guests › SCN-003: Adding a product already in the cart increases its quantity by the amount added @AC-2 @type:functional @layer:api @P1 (5.1s)
  x   2 [chromium] › evaluations\TOOL-3\tests\tool-3.spec.ts:151:7 › TOOL-3 Shopping cart for guests › SCN-003: Adding a product already in the cart increases its quantity by the amount added @AC-2 @type:functional @layer:api @P1 (retry #1) (1.2s)
  x   3 [chromium] › evaluations\TOOL-3\tests\tool-3.spec.ts:167:9 › TOOL-3 Shopping cart for guests › SCN-004.1: A quantity just outside 1–99 is rejected and the cart is unchanged (quantity 0) @AC-3 @type:boundary @layer:api @P1 (5.6s)
  x   4 [chromium] › evaluations\TOOL-3\tests\tool-3.spec.ts:167:9 › TOOL-3 Shopping cart for guests › SCN-004.1: A quantity just outside 1–99 is rejected and the cart is unchanged (quantity 0) @AC-3 @type:boundary @layer:api @P1 (retry #1) (4.7s)
  x   5 [chromium] › evaluations\TOOL-3\tests\tool-3.spec.ts:167:9 › TOOL-3 Shopping cart for guests › SCN-004.2: A quantity just outside 1–99 is rejected and the cart is unchanged (quantity 100) @AC-3 @type:boundary @layer:api @P1 (4.9s)
  ok  6 [chromium] › evaluations\TOOL-3\tests\tool-3.spec.ts:167:9 › TOOL-3 Shopping cart for guests › SCN-004.2: A quantity just outside 1–99 is rejected and the cart is unchanged (quantity 100) @AC-3 @type:boundary @layer:api @P1 (retry #1) (6.2s)
  ok  7 [chromium] › evaluations\TOOL-3\tests\tool-3.spec.ts:208:7 › TOOL-3 Shopping cart for guests › SCN-005: Adding a product from its product page shows the confirmation @AC-4 @type:functional @layer:ui @P1 (7.3s)
  ok  8 [chromium] › evaluations\TOOL-3\tests\tool-3.spec.ts:217:7 › TOOL-3 Shopping cart for guests › SCN-006: The cart icon shows the total number of items after adding from the product page @AC-4 @type:functional @layer:ui @P2 (7.4s)
  ok  9 [chromium] › evaluations\TOOL-3\tests\tool-3.spec.ts:238:7 › TOOL-3 Shopping cart for guests › SCN-007: The cart page lists each product with quantity, unit price and line total @AC-5 @type:functional @layer:ui @P1 (5.1s)
  ok 10 [chromium] › evaluations\TOOL-3\tests\tool-3.spec.ts:268:7 › TOOL-3 Shopping cart for guests › SCN-008: The cart total equals the sum of the line totals @AC-5 @type:functional @layer:ui @P2 (6.4s)
  ok 11 [chromium] › evaluations\TOOL-3\tests\tool-3.spec.ts:151:7 › TOOL-3 Shopping cart for guests › SCN-003: Adding a product already in the cart increases its quantity by the amount added @AC-2 @type:functional @layer:api @P1 (3.8s)
  ok 12 [chromium] › evaluations\TOOL-3\tests\tool-3.spec.ts:167:9 › TOOL-3 Shopping cart for guests › SCN-004.1: A quantity just outside 1–99 is rejected and the cart is unchanged (quantity 0) @AC-3 @type:boundary @layer:api @P1 (5.3s)
  ok 13 [chromium] › evaluations\TOOL-3\tests\tool-3.spec.ts:167:9 › TOOL-3 Shopping cart for guests › SCN-004.2: A quantity just outside 1–99 is rejected and the cart is unchanged (quantity 100) @AC-3 @type:boundary @layer:api @P1 (5.9s)
  ok 14 [chromium] › evaluations\TOOL-3\tests\tool-3.spec.ts:208:7 › TOOL-3 Shopping cart for guests › SCN-005: Adding a product from its product page shows the confirmation @AC-4 @type:functional @layer:ui @P1 (7.6s)
  ok 15 [chromium] › evaluations\TOOL-3\tests\tool-3.spec.ts:217:7 › TOOL-3 Shopping cart for guests › SCN-006: The cart icon shows the total number of items after adding from the product page @AC-4 @type:functional @layer:ui @P2 (5.6s)
  ok 16 [chromium] › evaluations\TOOL-3\tests\tool-3.spec.ts:238:7 › TOOL-3 Shopping cart for guests › SCN-007: The cart page lists each product with quantity, unit price and line total @AC-5 @type:functional @layer:ui @P1 (7.1s)
  ok 17 [chromium] › evaluations\TOOL-3\tests\tool-3.spec.ts:268:7 › TOOL-3 Shopping cart for guests › SCN-008: The cart total equals the sum of the line totals @AC-5 @type:functional @layer:ui @P2 (5.7s)


  1) [chromium] › evaluations\TOOL-3\tests\tool-3.spec.ts:151:7 › TOOL-3 Shopping cart for guests › SCN-003: Adding a product already in the cart increases its quantity by the amount added @AC-2 @type:functional @layer:api @P1 

    Error: [REQ AC-2] POST /carts/{id} again increases the quantity by the amount added

    expect(received).toEqual(expected) // deep equality

    - Expected  - 6
    + Received  + 1

    - Array [
    -   Object {
    -     "productId": "01M3QJXQJ7Q49G49WH7K81VZ07",
    -     "quantity": 5,
    -   },
    - ]
    + Array []

      160 |     await journey.step('Then the cart lists the product once, with quantity 5', async () => {
      161 |       const r = await readCart(api, id);
    > 162 |       expect(linesOf(r.body), '[REQ AC-2] POST /carts/{id} again increases the quantity by the amount added').toEqual([{ productId: product.id, quantity: REQ.ADD_TOTAL }]);
          |                                                                                                               ^
      163 |     });
      164 |   });
      165 | 
        at ./evaluations\TOOL-3\tests\tool-3.spec.ts:162:111
        at ./heldout-support\fixtures.ts:574:28
        at ./evaluations\TOOL-3\tests\tool-3.spec.ts:160:5

    attachment #6: screenshot (image/png) ──────────────────────────────────────────────────────────
    evaluations\TOOL-3\runs\03-harden-stability\artifacts\TOOL-3-tests-tool-3-TOOL-3-8ccb9-uantity-by-the-amount-added-chromium\test-failed-1.png
    ────────────────────────────────────────────────────────────────────────────────────────────────

    Error Context: evaluations\TOOL-3\runs\03-harden-stability\artifacts\TOOL-3-tests-tool-3-TOOL-3-8ccb9-uantity-by-the-amount-added-chromium\error-context.md

    attachment #10: trace (application/zip) ────────────────────────────────────────────────────────
    evaluations\TOOL-3\runs\03-harden-stability\artifacts\TOOL-3-tests-tool-3-TOOL-3-8ccb9-uantity-by-the-amount-added-chromium\trace.zip
    Usage:

        npx playwright show-trace evaluations\TOOL-3\runs\03-harden-stability\artifacts\TOOL-3-tests-tool-3-TOOL-3-8ccb9-uantity-by-the-amount-added-chromium\trace.zip

    ────────────────────────────────────────────────────────────────────────────────────────────────

    Retry #1 ───────────────────────────────────────────────────────────────────────────────────────

    Error: [SEED] guest cart with 2× Pliers: precondition could not be established — create cart (seed)

    expect(received).toBeLessThan(expected)

    Expected: < 300
    Received:   500

       at ..\heldout-support\fixtures.ts:364

      362 |       } catch (err) {
      363 |         rec.error = (err as Error).message.split('\n')[0];
    > 364 |         throw new Error(`[SEED] ${rec.label}: precondition could not be established — ${(err as Error).message}`);
          |               ^
      365 |       }
      366 |     };
      367 |     const seedApi: Seed = {
        at pre (./heldout-support\fixtures.ts:364:15)
        at Object.create (./heldout-support\fixtures.ts:371:25)
        at ./evaluations\TOOL-3\tests\tool-3.spec.ts:155:12
        at ./heldout-support\fixtures.ts:574:28
        at ./evaluations\TOOL-3\tests\tool-3.spec.ts:153:5

    attachment #3: screenshot (image/png) ──────────────────────────────────────────────────────────
    evaluations\TOOL-3\runs\03-harden-stability\artifacts\TOOL-3-tests-tool-3-TOOL-3-8ccb9-uantity-by-the-amount-added-chromium-retry1\test-failed-1.png
    ────────────────────────────────────────────────────────────────────────────────────────────────

    Error Context: evaluations\TOOL-3\runs\03-harden-stability\artifacts\TOOL-3-tests-tool-3-TOOL-3-8ccb9-uantity-by-the-amount-added-chromium-retry1\error-context.md

    attachment #6: trace (application/zip) ─────────────────────────────────────────────────────────
    evaluations\TOOL-3\runs\03-harden-stability\artifacts\TOOL-3-tests-tool-3-TOOL-3-8ccb9-uantity-by-the-amount-added-chromium-retry1\trace.zip
    Usage:

        npx playwright show-trace evaluations\TOOL-3\runs\03-harden-stability\artifacts\TOOL-3-tests-tool-3-TOOL-3-8ccb9-uantity-by-the-amount-added-chromium-retry1\trace.zip

    ────────────────────────────────────────────────────────────────────────────────────────────────

  2) [chromium] › evaluations\TOOL-3\tests\tool-3.spec.ts:167:9 › TOOL-3 Shopping cart for guests › SCN-004.1: A quantity just outside 1–99 is rejected and the cart is unchanged (quantity 0) @AC-3 @type:boundary @layer:api @P1 

    Error: [SEED] guest cart with 1× Pliers: precondition could not be established — add Pliers (seed)

    expect(received).toBeLessThan(expected)

    Expected: < 300
    Received:   422

       at ..\heldout-support\fixtures.ts:364

      362 |       } catch (err) {
      363 |         rec.error = (err as Error).message.split('\n')[0];
    > 364 |         throw new Error(`[SEED] ${rec.label}: precondition could not be established — ${(err as Error).message}`);
          |               ^
      365 |       }
      366 |     };
      367 |     const seedApi: Seed = {
        at pre (./heldout-support\fixtures.ts:364:15)
        at Object.create (./heldout-support\fixtures.ts:371:25)
        at ./evaluations\TOOL-3\tests\tool-3.spec.ts:171:14
        at ./heldout-support\fixtures.ts:574:28
        at ./evaluations\TOOL-3\tests\tool-3.spec.ts:169:7

    attachment #4: screenshot (image/png) ──────────────────────────────────────────────────────────
    evaluations\TOOL-3\runs\03-harden-stability\artifacts\TOOL-3-tests-tool-3-TOOL-3-bbdb3-rt-is-unchanged-quantity-0--chromium\test-failed-1.png
    ────────────────────────────────────────────────────────────────────────────────────────────────

    Error Context: evaluations\TOOL-3\runs\03-harden-stability\artifacts\TOOL-3-tests-tool-3-TOOL-3-bbdb3-rt-is-unchanged-quantity-0--chromium\error-context.md

    attachment #7: trace (application/zip) ─────────────────────────────────────────────────────────
    evaluations\TOOL-3\runs\03-harden-stability\artifacts\TOOL-3-tests-tool-3-TOOL-3-bbdb3-rt-is-unchanged-quantity-0--chromium\trace.zip
    Usage:

        npx playwright show-trace evaluations\TOOL-3\runs\03-harden-stability\artifacts\TOOL-3-tests-tool-3-TOOL-3-bbdb3-rt-is-unchanged-quantity-0--chromium\trace.zip

    ────────────────────────────────────────────────────────────────────────────────────────────────

    Retry #1 ───────────────────────────────────────────────────────────────────────────────────────

    Error: [SEED] guest cart with 1× Claw Hammer with Shock Reduction Grip: precondition could not be established — add Claw Hammer with Shock Reduction Grip (seed)

    expect(received).toBeLessThan(expected)

    Expected: < 300
    Received:   422

       at ..\heldout-support\fixtures.ts:364

      362 |       } catch (err) {
      363 |         rec.error = (err as Error).message.split('\n')[0];
    > 364 |         throw new Error(`[SEED] ${rec.label}: precondition could not be established — ${(err as Error).message}`);
          |               ^
      365 |       }
      366 |     };
      367 |     const seedApi: Seed = {
        at pre (./heldout-support\fixtures.ts:364:15)
        at Object.create (./heldout-support\fixtures.ts:371:25)
        at ./evaluations\TOOL-3\tests\tool-3.spec.ts:171:14
        at ./heldout-support\fixtures.ts:574:28
        at ./evaluations\TOOL-3\tests\tool-3.spec.ts:169:7

    attachment #4: screenshot (image/png) ──────────────────────────────────────────────────────────
    evaluations\TOOL-3\runs\03-harden-stability\artifacts\TOOL-3-tests-tool-3-TOOL-3-bbdb3-rt-is-unchanged-quantity-0--chromium-retry1\test-failed-1.png
    ────────────────────────────────────────────────────────────────────────────────────────────────

    Error Context: evaluations\TOOL-3\runs\03-harden-stability\artifacts\TOOL-3-tests-tool-3-TOOL-3-bbdb3-rt-is-unchanged-quantity-0--chromium-retry1\error-context.md

    attachment #7: trace (application/zip) ─────────────────────────────────────────────────────────
    evaluations\TOOL-3\runs\03-harden-stability\artifacts\TOOL-3-tests-tool-3-TOOL-3-bbdb3-rt-is-unchanged-quantity-0--chromium-retry1\trace.zip
    Usage:

        npx playwright show-trace evaluations\TOOL-3\runs\03-harden-stability\artifacts\TOOL-3-tests-tool-3-TOOL-3-bbdb3-rt-is-unchanged-quantity-0--chromium-retry1\trace.zip

    ────────────────────────────────────────────────────────────────────────────────────────────────

  3) [chromium] › evaluations\TOOL-3\tests\tool-3.spec.ts:167:9 › TOOL-3 Shopping cart for guests › SCN-004.2: A quantity just outside 1–99 is rejected and the cart is unchanged (quantity 100) @AC-3 @type:boundary @layer:api @P1 › Given I created a cart holding 1 of a product that is in stock › [SEED] guest cart with 1× Slip Joint Pliers 

    Error: [SEED] guest cart with 1× Slip Joint Pliers: precondition could not be established — add Slip Joint Pliers (seed)

    expect(received).toBeLessThan(expected)

    Expected: < 300
    Received:   422

       at ..\heldout-support\fixtures.ts:364

      362 |       } catch (err) {
      363 |         rec.error = (err as Error).message.split('\n')[0];
    > 364 |         throw new Error(`[SEED] ${rec.label}: precondition could not be established — ${(err as Error).message}`);
          |               ^
      365 |       }
      366 |     };
      367 |     const seedApi: Seed = {
        at pre (./heldout-support\fixtures.ts:364:15)
        at Object.create (./heldout-support\fixtures.ts:371:25)
        at ./evaluations\TOOL-3\tests\tool-3.spec.ts:171:14
        at ./heldout-support\fixtures.ts:574:28
        at ./evaluations\TOOL-3\tests\tool-3.spec.ts:169:7

    attachment #4: screenshot (image/png) ──────────────────────────────────────────────────────────
    evaluations\TOOL-3\runs\03-harden-stability\artifacts\TOOL-3-tests-tool-3-TOOL-3-fa606--is-unchanged-quantity-100--chromium\test-failed-1.png
    ────────────────────────────────────────────────────────────────────────────────────────────────

    Error Context: evaluations\TOOL-3\runs\03-harden-stability\artifacts\TOOL-3-tests-tool-3-TOOL-3-fa606--is-unchanged-quantity-100--chromium\error-context.md

    attachment #7: trace (application/zip) ─────────────────────────────────────────────────────────
    evaluations\TOOL-3\runs\03-harden-stability\artifacts\TOOL-3-tests-tool-3-TOOL-3-fa606--is-unchanged-quantity-100--chromium\trace.zip
    Usage:

        npx playwright show-trace evaluations\TOOL-3\runs\03-harden-stability\artifacts\TOOL-3-tests-tool-3-TOOL-3-fa606--is-unchanged-quantity-100--chromium\trace.zip

    ────────────────────────────────────────────────────────────────────────────────────────────────

  2 failed
    [chromium] › evaluations\TOOL-3\tests\tool-3.spec.ts:151:7 › TOOL-3 Shopping cart for guests › SCN-003: Adding a product already in the cart increases its quantity by the amount added @AC-2 @type:functional @layer:api @P1 
    [chromium] › evaluations\TOOL-3\tests\tool-3.spec.ts:167:9 › TOOL-3 Shopping cart for guests › SCN-004.1: A quantity just outside 1–99 is rejected and the cart is unchanged (quantity 0) @AC-3 @type:boundary @layer:api @P1 
  1 flaky
    [chromium] › evaluations\TOOL-3\tests\tool-3.spec.ts:167:9 › TOOL-3 Shopping cart for guests › SCN-004.2: A quantity just outside 1–99 is rejected and the cart is unchanged (quantity 100) @AC-3 @type:boundary @layer:api @P1 
  11 passed (1.7m)
