
Running 18 tests using 1 worker

  ok  1 [chromium] › evaluations\TOOL-3\tests\tool-3.spec.ts:113:7 › TOOL-3 Shopping cart for guests › SCN-001: A guest creates an empty cart @AC-1 @type:functional @layer:api @P1 (1.5s)
  ok  2 [chromium] › evaluations\TOOL-3\tests\tool-3.spec.ts:134:9 › TOOL-3 Shopping cart for guests › SCN-002.1: Adding a product with a quantity on the limits of 1–99 (quantity 1) @AC-2 @type:boundary @layer:api @P1 (6.9s)
  ok  3 [chromium] › evaluations\TOOL-3\tests\tool-3.spec.ts:134:9 › TOOL-3 Shopping cart for guests › SCN-002.2: Adding a product with a quantity on the limits of 1–99 (quantity 99) @AC-2 @type:boundary @layer:api @P1 (6.1s)
  ok  4 [chromium] › evaluations\TOOL-3\tests\tool-3.spec.ts:151:7 › TOOL-3 Shopping cart for guests › SCN-003: Adding a product already in the cart increases its quantity by the amount added @AC-2 @type:functional @layer:api @P1 (6.4s)
  ok  5 [chromium] › evaluations\TOOL-3\tests\tool-3.spec.ts:167:9 › TOOL-3 Shopping cart for guests › SCN-004.1: A quantity just outside 1–99 is rejected and the cart is unchanged (quantity 0) @AC-3 @type:boundary @layer:api @P1 (6.1s)
  ok  6 [chromium] › evaluations\TOOL-3\tests\tool-3.spec.ts:167:9 › TOOL-3 Shopping cart for guests › SCN-004.2: A quantity just outside 1–99 is rejected and the cart is unchanged (quantity 100) @AC-3 @type:boundary @layer:api @P1 (6.3s)
  ok  7 [chromium] › evaluations\TOOL-3\tests\tool-3.spec.ts:208:7 › TOOL-3 Shopping cart for guests › SCN-005: Adding a product from its product page shows the confirmation @AC-4 @type:functional @layer:ui @P1 (6.4s)
  ok  8 [chromium] › evaluations\TOOL-3\tests\tool-3.spec.ts:217:7 › TOOL-3 Shopping cart for guests › SCN-006: The cart icon shows the total number of items after adding from the product page @AC-4 @type:functional @layer:ui @P2 (6.4s)
  ok  9 [chromium] › evaluations\TOOL-3\tests\tool-3.spec.ts:238:7 › TOOL-3 Shopping cart for guests › SCN-007: The cart page lists each product with quantity, unit price and line total @AC-5 @type:functional @layer:ui @P1 (6.6s)
  ok 10 [chromium] › evaluations\TOOL-3\tests\tool-3.spec.ts:268:7 › TOOL-3 Shopping cart for guests › SCN-008: The cart total equals the sum of the line totals @AC-5 @type:functional @layer:ui @P2 (6.6s)
  ok 11 [chromium] › evaluations\TOOL-3\tests\tool-3.spec.ts:283:7 › TOOL-3 Shopping cart for guests › SCN-009: Removing a product from the cart @AC-6 @type:functional @layer:api @P1 (4.2s)
  ok 12 [chromium] › evaluations\TOOL-3\tests\tool-3.spec.ts:305:7 › TOOL-3 Shopping cart for guests › SCN-010: Deleting a cart @AC-7 @type:functional @layer:api @P1 (3.9s)
  x  13 [chromium] › evaluations\TOOL-3\tests\tool-3.spec.ts:314:7 › TOOL-3 Shopping cart for guests › SCN-011: Deleting a cart that was already deleted @AC-7 @type:idempotency @layer:api @P1 (6.0s)
  x  14 [chromium] › evaluations\TOOL-3\tests\tool-3.spec.ts:314:7 › TOOL-3 Shopping cart for guests › SCN-011: Deleting a cart that was already deleted @AC-7 @type:idempotency @layer:api @P1 (retry #1) (4.3s)
  ok 15 [chromium] › evaluations\TOOL-3\tests\tool-3.spec.ts:330:9 › TOOL-3 Shopping cart for guests › SCN-012.1: A request for a cart that does not exist is answered 404 "Cart not found" (add the product (POST /carts/{id})) @AC-8 @type:negative @layer:api @P1 (5.5s)
  x  16 [chromium] › evaluations\TOOL-3\tests\tool-3.spec.ts:330:9 › TOOL-3 Shopping cart for guests › SCN-012.2: A request for a cart that does not exist is answered 404 "Cart not found" (remove the product (DELETE /carts/{id}/product/{productId})) @AC-8 @type:negative @layer:api @P1 (6.4s)
  x  17 [chromium] › evaluations\TOOL-3\tests\tool-3.spec.ts:330:9 › TOOL-3 Shopping cart for guests › SCN-012.2: A request for a cart that does not exist is answered 404 "Cart not found" (remove the product (DELETE /carts/{id}/product/{productId})) @AC-8 @type:negative @layer:api @P1 (retry #1) (3.8s)
  x  18 [chromium] › evaluations\TOOL-3\tests\tool-3.spec.ts:330:9 › TOOL-3 Shopping cart for guests › SCN-012.3: A request for a cart that does not exist is answered 404 "Cart not found" (read the cart) @AC-8 @type:negative @layer:api @P1 (5.0s)
  x  19 [chromium] › evaluations\TOOL-3\tests\tool-3.spec.ts:330:9 › TOOL-3 Shopping cart for guests › SCN-012.3: A request for a cart that does not exist is answered 404 "Cart not found" (read the cart) @AC-8 @type:negative @layer:api @P1 (retry #1) (4.9s)
  x  20 [chromium] › evaluations\TOOL-3\tests\tool-3.spec.ts:344:7 › TOOL-3 Shopping cart for guests › SCN-013: Deleting a cart that does not exist is answered 404 "Cart not found" @AC-8 @type:negative @layer:api @P2 (4.7s)
  x  21 [chromium] › evaluations\TOOL-3\tests\tool-3.spec.ts:344:7 › TOOL-3 Shopping cart for guests › SCN-013: Deleting a cart that does not exist is answered 404 "Cart not found" @AC-8 @type:negative @layer:api @P2 (retry #1) (4.7s)
  ok 22 [chromium] › evaluations\TOOL-3\tests\tool-3.spec.ts:356:7 › TOOL-3 Shopping cart for guests › SCN-014: A guest cart from creation to deletion @AC-1 @AC-2 @AC-6 @AC-7 @type:composition @layer:api @P1 (7.8s)


  1) [chromium] › evaluations\TOOL-3\tests\tool-3.spec.ts:314:7 › TOOL-3 Shopping cart for guests › SCN-011: Deleting a cart that was already deleted @AC-7 @type:idempotency @layer:api @P1 › Then the response status is 204 

    Error: [REQ AC-7] DELETE /carts/{id} of an already-deleted cart responds 204 → 204

    expect(received).toBe(expected) // Object.is equality

    Expected: 204
    Received: 404

       at ..\heldout-support\fixtures.ts:282

      280 |  */
      281 | export function expectResponse(res: ApiResponse, expected: { status: number; body?: unknown }, message: string): void {
    > 282 |   expect.soft(res.status, `${message} → ${expected.status}`).toBe(expected.status);
          |                                                              ^
      283 |   if ('body' in expected) expect.soft(res.body, `${message} → body`).toEqual(expected.body);
      284 | }
      285 |
        at expectResponse (./heldout-support\fixtures.ts:282:62)
        at body (./evaluations\TOOL-3\tests\tool-3.spec.ts:319:21)
        at ./heldout-support\fixtures.ts:574:34
        at ./evaluations\TOOL-3\tests\tool-3.spec.ts:318:5

    attachment #4: screenshot (image/png) ──────────────────────────────────────────────────────────
    evaluations\TOOL-3\runs\02-harden\artifacts\TOOL-3-tests-tool-3-TOOL-3-62fdf-rt-that-was-already-deleted-chromium\test-failed-1.png
    ────────────────────────────────────────────────────────────────────────────────────────────────

    Error Context: evaluations\TOOL-3\runs\02-harden\artifacts\TOOL-3-tests-tool-3-TOOL-3-62fdf-rt-that-was-already-deleted-chromium\error-context.md

    attachment #7: trace (application/zip) ─────────────────────────────────────────────────────────
    evaluations\TOOL-3\runs\02-harden\artifacts\TOOL-3-tests-tool-3-TOOL-3-62fdf-rt-that-was-already-deleted-chromium\trace.zip
    Usage:

        npx playwright show-trace evaluations\TOOL-3\runs\02-harden\artifacts\TOOL-3-tests-tool-3-TOOL-3-62fdf-rt-that-was-already-deleted-chromium\trace.zip

    ────────────────────────────────────────────────────────────────────────────────────────────────

    Retry #1 ───────────────────────────────────────────────────────────────────────────────────────

    Error: [REQ AC-7] DELETE /carts/{id} of an already-deleted cart responds 204 → 204

    expect(received).toBe(expected) // Object.is equality

    Expected: 204
    Received: 404

       at ..\heldout-support\fixtures.ts:282

      280 |  */
      281 | export function expectResponse(res: ApiResponse, expected: { status: number; body?: unknown }, message: string): void {
    > 282 |   expect.soft(res.status, `${message} → ${expected.status}`).toBe(expected.status);
          |                                                              ^
      283 |   if ('body' in expected) expect.soft(res.body, `${message} → body`).toEqual(expected.body);
      284 | }
      285 |
        at expectResponse (./heldout-support\fixtures.ts:282:62)
        at body (./evaluations\TOOL-3\tests\tool-3.spec.ts:319:21)
        at ./heldout-support\fixtures.ts:574:34
        at ./evaluations\TOOL-3\tests\tool-3.spec.ts:318:5

    attachment #4: screenshot (image/png) ──────────────────────────────────────────────────────────
    evaluations\TOOL-3\runs\02-harden\artifacts\TOOL-3-tests-tool-3-TOOL-3-62fdf-rt-that-was-already-deleted-chromium-retry1\test-failed-1.png
    ────────────────────────────────────────────────────────────────────────────────────────────────

    Error Context: evaluations\TOOL-3\runs\02-harden\artifacts\TOOL-3-tests-tool-3-TOOL-3-62fdf-rt-that-was-already-deleted-chromium-retry1\error-context.md

    attachment #7: trace (application/zip) ─────────────────────────────────────────────────────────
    evaluations\TOOL-3\runs\02-harden\artifacts\TOOL-3-tests-tool-3-TOOL-3-62fdf-rt-that-was-already-deleted-chromium-retry1\trace.zip
    Usage:

        npx playwright show-trace evaluations\TOOL-3\runs\02-harden\artifacts\TOOL-3-tests-tool-3-TOOL-3-62fdf-rt-that-was-already-deleted-chromium-retry1\trace.zip

    ────────────────────────────────────────────────────────────────────────────────────────────────

  2) [chromium] › evaluations\TOOL-3\tests\tool-3.spec.ts:330:9 › TOOL-3 Shopping cart for guests › SCN-012.2: A request for a cart that does not exist is answered 404 "Cart not found" (remove the product (DELETE /carts/{id}/product/{productId})) @AC-8 @type:negative @layer:api @P1 › And the message is "Cart not found" 

    Error: [REQ AC-8] remove the product (DELETE /carts/{id}/product/{productId}) of a missing cart says "Cart not found"

    expect(received).toBe(expected) // Object.is equality

    Expected: "Cart not found"
    Received: "Cart doesnt exists"

      337 |       });
      338 |       await journey.step('And the message is "Cart not found"', async () => {
    > 339 |         expect(messageOf(res.body), `[REQ AC-8] ${row.request} of a missing cart says "Cart not found"`).toBe(REQ.CART_NOT_FOUND);
          |                                                                                                          ^
      340 |       });
      341 |     });
      342 |   });
        at body (./evaluations\TOOL-3\tests\tool-3.spec.ts:339:106)
        at ./heldout-support\fixtures.ts:574:34
        at ./evaluations\TOOL-3\tests\tool-3.spec.ts:338:7

    attachment #5: screenshot (image/png) ──────────────────────────────────────────────────────────
    evaluations\TOOL-3\runs\02-harden\artifacts\TOOL-3-tests-tool-3-TOOL-3-30d2d-carts-id-product-productId--chromium\test-failed-1.png
    ────────────────────────────────────────────────────────────────────────────────────────────────

    Error Context: evaluations\TOOL-3\runs\02-harden\artifacts\TOOL-3-tests-tool-3-TOOL-3-30d2d-carts-id-product-productId--chromium\error-context.md

    attachment #8: trace (application/zip) ─────────────────────────────────────────────────────────
    evaluations\TOOL-3\runs\02-harden\artifacts\TOOL-3-tests-tool-3-TOOL-3-30d2d-carts-id-product-productId--chromium\trace.zip
    Usage:

        npx playwright show-trace evaluations\TOOL-3\runs\02-harden\artifacts\TOOL-3-tests-tool-3-TOOL-3-30d2d-carts-id-product-productId--chromium\trace.zip

    ────────────────────────────────────────────────────────────────────────────────────────────────

    Retry #1 ───────────────────────────────────────────────────────────────────────────────────────

    Error: [REQ AC-8] remove the product (DELETE /carts/{id}/product/{productId}) of a missing cart says "Cart not found"

    expect(received).toBe(expected) // Object.is equality

    Expected: "Cart not found"
    Received: "Cart doesnt exists"

      337 |       });
      338 |       await journey.step('And the message is "Cart not found"', async () => {
    > 339 |         expect(messageOf(res.body), `[REQ AC-8] ${row.request} of a missing cart says "Cart not found"`).toBe(REQ.CART_NOT_FOUND);
          |                                                                                                          ^
      340 |       });
      341 |     });
      342 |   });
        at body (./evaluations\TOOL-3\tests\tool-3.spec.ts:339:106)
        at ./heldout-support\fixtures.ts:574:34
        at ./evaluations\TOOL-3\tests\tool-3.spec.ts:338:7

    attachment #5: screenshot (image/png) ──────────────────────────────────────────────────────────
    evaluations\TOOL-3\runs\02-harden\artifacts\TOOL-3-tests-tool-3-TOOL-3-30d2d-carts-id-product-productId--chromium-retry1\test-failed-1.png
    ────────────────────────────────────────────────────────────────────────────────────────────────

    Error Context: evaluations\TOOL-3\runs\02-harden\artifacts\TOOL-3-tests-tool-3-TOOL-3-30d2d-carts-id-product-productId--chromium-retry1\error-context.md

    attachment #8: trace (application/zip) ─────────────────────────────────────────────────────────
    evaluations\TOOL-3\runs\02-harden\artifacts\TOOL-3-tests-tool-3-TOOL-3-30d2d-carts-id-product-productId--chromium-retry1\trace.zip
    Usage:

        npx playwright show-trace evaluations\TOOL-3\runs\02-harden\artifacts\TOOL-3-tests-tool-3-TOOL-3-30d2d-carts-id-product-productId--chromium-retry1\trace.zip

    ────────────────────────────────────────────────────────────────────────────────────────────────

  3) [chromium] › evaluations\TOOL-3\tests\tool-3.spec.ts:330:9 › TOOL-3 Shopping cart for guests › SCN-012.3: A request for a cart that does not exist is answered 404 "Cart not found" (read the cart) @AC-8 @type:negative @layer:api @P1 › And the message is "Cart not found" 

    Error: [REQ AC-8] read the cart of a missing cart says "Cart not found"

    expect(received).toBe(expected) // Object.is equality

    Expected: "Cart not found"
    Received: "Requested item not found"

      337 |       });
      338 |       await journey.step('And the message is "Cart not found"', async () => {
    > 339 |         expect(messageOf(res.body), `[REQ AC-8] ${row.request} of a missing cart says "Cart not found"`).toBe(REQ.CART_NOT_FOUND);
          |                                                                                                          ^
      340 |       });
      341 |     });
      342 |   });
        at body (./evaluations\TOOL-3\tests\tool-3.spec.ts:339:106)
        at ./heldout-support\fixtures.ts:574:34
        at ./evaluations\TOOL-3\tests\tool-3.spec.ts:338:7

    attachment #5: screenshot (image/png) ──────────────────────────────────────────────────────────
    evaluations\TOOL-3\runs\02-harden\artifacts\TOOL-3-tests-tool-3-TOOL-3-e19fd-rt-not-found-read-the-cart--chromium\test-failed-1.png
    ────────────────────────────────────────────────────────────────────────────────────────────────

    Error Context: evaluations\TOOL-3\runs\02-harden\artifacts\TOOL-3-tests-tool-3-TOOL-3-e19fd-rt-not-found-read-the-cart--chromium\error-context.md

    attachment #8: trace (application/zip) ─────────────────────────────────────────────────────────
    evaluations\TOOL-3\runs\02-harden\artifacts\TOOL-3-tests-tool-3-TOOL-3-e19fd-rt-not-found-read-the-cart--chromium\trace.zip
    Usage:

        npx playwright show-trace evaluations\TOOL-3\runs\02-harden\artifacts\TOOL-3-tests-tool-3-TOOL-3-e19fd-rt-not-found-read-the-cart--chromium\trace.zip

    ────────────────────────────────────────────────────────────────────────────────────────────────

    Retry #1 ───────────────────────────────────────────────────────────────────────────────────────

    Error: [REQ AC-8] read the cart of a missing cart says "Cart not found"

    expect(received).toBe(expected) // Object.is equality

    Expected: "Cart not found"
    Received: "Requested item not found"

      337 |       });
      338 |       await journey.step('And the message is "Cart not found"', async () => {
    > 339 |         expect(messageOf(res.body), `[REQ AC-8] ${row.request} of a missing cart says "Cart not found"`).toBe(REQ.CART_NOT_FOUND);
          |                                                                                                          ^
      340 |       });
      341 |     });
      342 |   });
        at body (./evaluations\TOOL-3\tests\tool-3.spec.ts:339:106)
        at ./heldout-support\fixtures.ts:574:34
        at ./evaluations\TOOL-3\tests\tool-3.spec.ts:338:7

    attachment #5: screenshot (image/png) ──────────────────────────────────────────────────────────
    evaluations\TOOL-3\runs\02-harden\artifacts\TOOL-3-tests-tool-3-TOOL-3-e19fd-rt-not-found-read-the-cart--chromium-retry1\test-failed-1.png
    ────────────────────────────────────────────────────────────────────────────────────────────────

    Error Context: evaluations\TOOL-3\runs\02-harden\artifacts\TOOL-3-tests-tool-3-TOOL-3-e19fd-rt-not-found-read-the-cart--chromium-retry1\error-context.md

    attachment #8: trace (application/zip) ─────────────────────────────────────────────────────────
    evaluations\TOOL-3\runs\02-harden\artifacts\TOOL-3-tests-tool-3-TOOL-3-e19fd-rt-not-found-read-the-cart--chromium-retry1\trace.zip
    Usage:

        npx playwright show-trace evaluations\TOOL-3\runs\02-harden\artifacts\TOOL-3-tests-tool-3-TOOL-3-e19fd-rt-not-found-read-the-cart--chromium-retry1\trace.zip

    ────────────────────────────────────────────────────────────────────────────────────────────────

  4) [chromium] › evaluations\TOOL-3\tests\tool-3.spec.ts:344:7 › TOOL-3 Shopping cart for guests › SCN-013: Deleting a cart that does not exist is answered 404 "Cart not found" @AC-8 @type:negative @layer:api @P2 › And the message is "Cart not found" 

    Error: [REQ AC-8] DELETE /carts/{id} of a missing cart says "Cart not found"

    expect(received).toBe(expected) // Object.is equality

    Expected: "Cart not found"
    Received: "Cart doesnt exists"

      350 |     });
      351 |     await journey.step('And the message is "Cart not found"', async () => {
    > 352 |       expect(messageOf(res.body), '[REQ AC-8] DELETE /carts/{id} of a missing cart says "Cart not found"').toBe(REQ.CART_NOT_FOUND);
          |                                                                                                            ^
      353 |     });
      354 |   });
      355 |
        at body (./evaluations\TOOL-3\tests\tool-3.spec.ts:352:108)
        at ./heldout-support\fixtures.ts:574:34
        at ./evaluations\TOOL-3\tests\tool-3.spec.ts:351:5

    attachment #4: screenshot (image/png) ──────────────────────────────────────────────────────────
    evaluations\TOOL-3\runs\02-harden\artifacts\TOOL-3-tests-tool-3-TOOL-3-7ae1b-nswered-404-Cart-not-found--chromium\test-failed-1.png
    ────────────────────────────────────────────────────────────────────────────────────────────────

    Error Context: evaluations\TOOL-3\runs\02-harden\artifacts\TOOL-3-tests-tool-3-TOOL-3-7ae1b-nswered-404-Cart-not-found--chromium\error-context.md

    attachment #7: trace (application/zip) ─────────────────────────────────────────────────────────
    evaluations\TOOL-3\runs\02-harden\artifacts\TOOL-3-tests-tool-3-TOOL-3-7ae1b-nswered-404-Cart-not-found--chromium\trace.zip
    Usage:

        npx playwright show-trace evaluations\TOOL-3\runs\02-harden\artifacts\TOOL-3-tests-tool-3-TOOL-3-7ae1b-nswered-404-Cart-not-found--chromium\trace.zip

    ────────────────────────────────────────────────────────────────────────────────────────────────

    Retry #1 ───────────────────────────────────────────────────────────────────────────────────────

    Error: [REQ AC-8] DELETE /carts/{id} of a missing cart says "Cart not found"

    expect(received).toBe(expected) // Object.is equality

    Expected: "Cart not found"
    Received: "Cart doesnt exists"

      350 |     });
      351 |     await journey.step('And the message is "Cart not found"', async () => {
    > 352 |       expect(messageOf(res.body), '[REQ AC-8] DELETE /carts/{id} of a missing cart says "Cart not found"').toBe(REQ.CART_NOT_FOUND);
          |                                                                                                            ^
      353 |     });
      354 |   });
      355 |
        at body (./evaluations\TOOL-3\tests\tool-3.spec.ts:352:108)
        at ./heldout-support\fixtures.ts:574:34
        at ./evaluations\TOOL-3\tests\tool-3.spec.ts:351:5

    attachment #4: screenshot (image/png) ──────────────────────────────────────────────────────────
    evaluations\TOOL-3\runs\02-harden\artifacts\TOOL-3-tests-tool-3-TOOL-3-7ae1b-nswered-404-Cart-not-found--chromium-retry1\test-failed-1.png
    ────────────────────────────────────────────────────────────────────────────────────────────────

    Error Context: evaluations\TOOL-3\runs\02-harden\artifacts\TOOL-3-tests-tool-3-TOOL-3-7ae1b-nswered-404-Cart-not-found--chromium-retry1\error-context.md

    attachment #7: trace (application/zip) ─────────────────────────────────────────────────────────
    evaluations\TOOL-3\runs\02-harden\artifacts\TOOL-3-tests-tool-3-TOOL-3-7ae1b-nswered-404-Cart-not-found--chromium-retry1\trace.zip
    Usage:

        npx playwright show-trace evaluations\TOOL-3\runs\02-harden\artifacts\TOOL-3-tests-tool-3-TOOL-3-7ae1b-nswered-404-Cart-not-found--chromium-retry1\trace.zip

    ────────────────────────────────────────────────────────────────────────────────────────────────

  4 failed
    [chromium] › evaluations\TOOL-3\tests\tool-3.spec.ts:314:7 › TOOL-3 Shopping cart for guests › SCN-011: Deleting a cart that was already deleted @AC-7 @type:idempotency @layer:api @P1 
    [chromium] › evaluations\TOOL-3\tests\tool-3.spec.ts:330:9 › TOOL-3 Shopping cart for guests › SCN-012.2: A request for a cart that does not exist is answered 404 "Cart not found" (remove the product (DELETE /carts/{id}/product/{productId})) @AC-8 @type:negative @layer:api @P1 
    [chromium] › evaluations\TOOL-3\tests\tool-3.spec.ts:330:9 › TOOL-3 Shopping cart for guests › SCN-012.3: A request for a cart that does not exist is answered 404 "Cart not found" (read the cart) @AC-8 @type:negative @layer:api @P1 
    [chromium] › evaluations\TOOL-3\tests\tool-3.spec.ts:344:7 › TOOL-3 Shopping cart for guests › SCN-013: Deleting a cart that does not exist is answered 404 "Cart not found" @AC-8 @type:negative @layer:api @P2 
  14 passed (2.2m)
